11-05 15:00:30.100     0     0 I init    : processing action (late-fs) from (/init.rc:376)
11-05 15:00:30.100     0     0 I init    : processing action (post-fs-data) from (/init.rc:384)
11-05 15:00:30.101     0     0 I init    : starting service 'vold'...
--------- beginning of system
11-05 15:00:30.146   227   227 I vold    : Vold 3.0 (the awakening) firing up
11-05 15:00:30.147   227   227 E cutils-trace: Error opening trace file: No such file or directory (2)
11-05 15:00:30.147   227   227 V vold    : Detected support for: ext4 f2fs vfat
11-05 15:00:30.150   227   227 W vold    : Failed to LOOP_GET_STATUS64 /dev/block/loop7: No such device or address
11-05 15:00:30.150   227   227 W vold    : Failed to LOOP_GET_STATUS64 /dev/block/loop3: No such device or address
11-05 15:00:30.150   227   227 W vold    : Failed to LOOP_GET_STATUS64 /dev/block/loop4: No such device or address
11-05 15:00:30.150   227   227 W vold    : Failed to LOOP_GET_STATUS64 /dev/block/loop6: No such device or address
11-05 15:00:30.150   227   227 W vold    : Failed to LOOP_GET_STATUS64 /dev/block/loop5: No such device or address
11-05 15:00:30.151   227   227 W vold    : Failed to LOOP_GET_STATUS64 /dev/block/loop0: No such device or address
11-05 15:00:30.151   227   227 W vold    : Failed to LOOP_GET_STATUS64 /dev/block/loop2: No such device or address
11-05 15:00:30.151   227   227 W vold    : Failed to LOOP_GET_STATUS64 /dev/block/loop1: No such device or address
11-05 15:00:30.154   227   227 D vold    : VoldNativeService::start() completed OK
11-05 15:00:30.178     0     0 I init    : starting service 'exec 1 (/system/bin/vdc --wait cryptfs init_user0)'...
11-05 15:00:30.183   227   229 D vold    : e4crypt_init_user0
11-05 15:00:30.183   227   229 D vold    : e4crypt_prepare_user_storage for volume null, user 0, serial 0, flags 1
11-05 15:00:30.183   227   229 D vold    : Preparing: /data/system/users/0
11-05 15:00:30.184   227   229 D vold    : Preparing: /data/misc/profiles/cur/0
11-05 15:00:30.184   227   229 D vold    : Preparing: /data/system_de/0
11-05 15:00:30.184   227   229 D vold    : Preparing: /data/misc_de/0
11-05 15:00:30.184   227   229 D vold    : Preparing: /data/vendor_de/0
11-05 15:00:30.184   227   229 D vold    : Preparing: /data/user_de/0
11-05 15:00:30.185   227   229 V vold    : /system/bin/vold_prepare_subdirs
11-05 15:00:30.185   227   229 V vold    :     prepare
11-05 15:00:30.185   227   229 V vold    :     
11-05 15:00:30.185   227   229 V vold    :     0
11-05 15:00:30.185   227   229 V vold    :     1
11-05 15:00:30.199     0     0 I init    : SVC_EXEC pid 228 (uid 0 gid 0+0 context default) started; waiting...
11-05 15:00:30.204   227   229 I vold_prepare_subdirs: SELinux: Loaded file_contexts
11-05 15:00:30.207   232   232 D vold_prepare_subdirs: Setting up mode 700 uid 0 gid 0 context u:object_r:vold_data_file:s0 on path: /data/misc_de/0/vold
11-05 15:00:30.208   232   232 D vold_prepare_subdirs: Setting up mode 700 uid 0 gid 0 context u:object_r:storaged_data_file:s0 on path: /data/misc_de/0/storaged
11-05 15:00:30.208   232   232 D vold_prepare_subdirs: Setting up mode 700 uid 1000 gid 1000 context u:object_r:fingerprint_vendor_data_file:s0 on path: /data/vendor_de/0/fpdata
11-05 15:00:30.209   227   229 D vold    : e4crypt_unlock_user_key 0 serial=0 token_present=0
11-05 15:00:30.209   227   229 E vold    : Failed to chmod /data/system_ce/0: No such file or directory
11-05 15:00:30.210   227   229 E vold    : Failed to chmod /data/misc_ce/0: No such file or directory
11-05 15:00:30.210     0     0 D vdc     : Waited 0ms for vold
11-05 15:00:30.223   233   233 I /system/bin/tzdatacheck: timezone distro dir /data/misc/zoneinfo/current does not exist. No action required.
11-05 15:00:30.238     0     0 I init    : Service 'exec 1 (/system/bin/vdc --wait cryptfs init_user0)' (pid 228) exited with status 0 waiting took 0.059000 seconds
11-05 15:00:30.239     0     0 I selinux : SELinux: Skipping restorecon_recursive(/data)
11-05 15:00:30.239     0     0 I init    : starting service 'exec 2 (/system/bin/tzdatacheck /system/usr/share/zoneinfo /data/misc/zoneinfo)'...
11-05 15:00:30.250     1     1 I auditd  : type=1400 audit(0.0:22): avc: denied { setattr } for comm="init" name="file" dev="sysfs" ino=14634 scontext=u:r:init:s0 tcontext=u:object_r:sysfs:s0 tclass=file permissive=1
11-05 15:00:30.250     1     1 I init    : type=1400 audit(0.0:22): avc: denied { setattr } for name="file" dev="sysfs" ino=14634 scontext=u:r:init:s0 tcontext=u:object_r:sysfs:s0 tclass=file permissive=1
11-05 15:00:30.250   191   191 I auditd  : type=1400 audit(0.0:23): avc: denied { write } for comm="init" name="misc" dev="mmcblk0p28" ino=712705 scontext=u:r:vendor_init:s0 tcontext=u:object_r:system_data_file:s0 tclass=dir permissive=1
11-05 15:00:30.250   191   191 I init    : type=1400 audit(0.0:23): avc: denied { write } for name="misc" dev="mmcblk0p28" ino=712705 scontext=u:r:vendor_init:s0 tcontext=u:object_r:system_data_file:s0 tclass=dir permissive=1
11-05 15:00:30.250   191   191 I auditd  : type=1400 audit(0.0:24): avc: denied { add_name } for comm="init" name="qsee" scontext=u:r:vendor_init:s0 tcontext=u:object_r:system_data_file:s0 tclass=dir permissive=1
11-05 15:00:30.250   191   191 I init    : type=1400 audit(0.0:24): avc: denied { add_name } for name="qsee" scontext=u:r:vendor_init:s0 tcontext=u:object_r:system_data_file:s0 tclass=dir permissive=1
11-05 15:00:30.250   191   191 I auditd  : type=1400 audit(0.0:25): avc: denied { create } for comm="init" name="qsee" scontext=u:r:vendor_init:s0 tcontext=u:object_r:system_data_file:s0 tclass=dir permissive=1
11-05 15:00:30.250   191   191 I init    : type=1400 audit(0.0:25): avc: denied { create } for name="qsee" scontext=u:r:vendor_init:s0 tcontext=u:object_r:system_data_file:s0 tclass=dir permissive=1
11-05 15:00:30.250   191   191 I auditd  : type=1400 audit(0.0:26): avc: denied { setattr } for comm="init" name="qsee" dev="mmcblk0p28" ino=712749 scontext=u:r:vendor_init:s0 tcontext=u:object_r:system_data_file:s0 tclass=dir permissive=1
11-05 15:00:30.250   191   191 I init    : type=1400 audit(0.0:26): avc: denied { setattr } for name="qsee" dev="mmcblk0p28" ino=712749 scontext=u:r:vendor_init:s0 tcontext=u:object_r:system_data_file:s0 tclass=dir permissive=1
11-05 15:00:30.250   191   191 I auditd  : type=1400 audit(0.0:27): avc: denied { setattr } for comm="init" name="bluetooth" dev="mmcblk0p28" ino=712711 scontext=u:r:vendor_init:s0 tcontext=u:object_r:bluetooth_data_file:s0 tclass=dir permissive=1
11-05 15:00:30.250   191   191 I init    : type=1400 audit(0.0:27): avc: denied { setattr } for name="bluetooth" dev="mmcblk0p28" ino=712711 scontext=u:r:vendor_init:s0 tcontext=u:object_r:bluetooth_data_file:s0 tclass=dir permissive=1
11-05 15:00:30.250   191   191 I auditd  : type=1400 audit(0.0:28): avc: denied { create } for comm="init" name="audio" scontext=u:r:vendor_init:s0 tcontext=u:object_r:audio_data_file:s0 tclass=dir permissive=1
11-05 15:00:30.250   191   191 I init    : type=1400 audit(0.0:28): avc: denied { create } for name="audio" scontext=u:r:vendor_init:s0 tcontext=u:object_r:audio_data_file:s0 tclass=dir permissive=1
11-05 15:00:30.250   191   191 I auditd  : type=1400 audit(0.0:29): avc: denied { setattr } for comm="init" name="audio" dev="mmcblk0p28" ino=712750 scontext=u:r:vendor_init:s0 tcontext=u:object_r:audio_data_file:s0 tclass=dir permissive=1
11-05 15:00:30.250   191   191 I init    : type=1400 audit(0.0:29): avc: denied { setattr } for name="audio" dev="mmcblk0p28" ino=712750 scontext=u:r:vendor_init:s0 tcontext=u:object_r:audio_data_file:s0 tclass=dir permissive=1
11-05 15:00:30.284     0     0 I init    : SVC_EXEC pid 233 (uid 1000 gid 1000+0 context default) started; waiting...
11-05 15:00:30.285     0     0 I init    : Service 'exec 2 (/system/bin/tzdatacheck /system/usr/share/zoneinfo /data/misc/zoneinfo)' (pid 233) exited with status 0 waiting took 0.045000 seconds
11-05 15:00:30.285     0     0 I init    : processing action (post-fs-data) from (/init.usb.rc:6)
11-05 15:00:30.287     0     0 I init    : processing action (post-fs-data) from (/vendor/etc/init/hw/init.qcom.rc:297)
11-05 15:00:30.290     0     0 I SELinux : Context u:object_r:sensors_persist_file:s0 is not valid (left unmapped).
11-05 15:00:30.311     0     0 I init    : processing action (post-fs-data) from (/system/etc/init/bootstat.rc:7)
11-05 15:00:30.312     0     0 I init    : processing action (post-fs-data) from (/system/etc/init/incidentd.rc:21)
11-05 15:00:30.313     0     0 I init    : processing action (post-fs-data) from (/system/etc/init/logtagd.rc:4)
11-05 15:00:30.314     0     0 I init    : processing action (post-fs-data) from (/system/etc/init/statsd.rc:25)
11-05 15:00:30.315     0     0 I init    : processing action (post-fs-data) from (/vendor/etc/init/hostapd.android.rc:9)
11-05 15:00:30.316     0     0 I init    : processing action (ro.crypto.state=unencrypted && zygote-start) from (/init.rc:560)
11-05 15:00:30.316     0     0 I init    : Command 'exec_start update_verifier_nonencrypted' action=ro.crypto.state=unencrypted && zygote-start (/init.rc:562) took 0ms and failed: Service not found
11-05 15:00:30.317     0     0 I init    : starting service 'netd'...
11-05 15:00:30.318     0     0 I init    : Created socket '/dev/socket/netd', mode 660, user 0, group 1000
11-05 15:00:30.318     0     0 I init    : Created socket '/dev/socket/dnsproxyd', mode 660, user 0, group 3003
11-05 15:00:30.319     0     0 I init    : Created socket '/dev/socket/mdns', mode 660, user 0, group 1000
11-05 15:00:30.319     0     0 I init    : Created socket '/dev/socket/fwmarkd', mode 660, user 0, group 3003
11-05 15:00:30.325     0     0 I init    : starting service 'zygote'...
11-05 15:00:30.326     0     0 I init    : Created socket '/dev/socket/zygote', mode 660, user 0, group 1000
11-05 15:00:30.335     0     0 I init    : Command 'start zygote_secondary' action=ro.crypto.state=unencrypted && zygote-start (/init.rc:565) took 0ms and failed: service zygote_secondary not found
11-05 15:00:30.335     0     0 I init    : processing action (load_persist_props_action) from (/init.rc:268)
11-05 15:00:30.335     0     0 W init    : Couldn't load property file '/data/local.prop': open() failed: No such file or directory: No such file or directory
11-05 15:00:30.335     0     0 E init    : Could not load single persistent property file, trying legacy directory: Unable to read persistent property file: open() failed: No such file or directory
11-05 15:00:30.358     0     0 I init    : starting service 'logd-reinit'...
11-05 15:00:30.364     0     0 I init    : processing action (load_persist_props_action) from (/system/etc/init/logcatd.rc:31)
11-05 15:00:30.364     0     0 I init    : processing action (firmware_mounts_complete) from (/init.rc:274)
11-05 15:00:30.365     0     0 I init    : processing action (early-boot) from (/vendor/etc/init/hw/init.qcom.rc:43)
11-05 15:00:30.366     0     0 I ueventd : firmware: loading 'adsp.mdt' for '/devices/fe200000.qcom,lpass/firmware/fe200000.qcom,lpass'
11-05 15:00:30.368     0     0 I pil-q6v5-lpass fe200000.qcom,lpass: adsp: loading from 0x05a00000 to 0x06f00000
11-05 15:00:30.368     0     0 I ueventd : loading /devices/fe200000.qcom,lpass/firmware/fe200000.qcom,lpass took 2ms
11-05 15:00:30.371     0     0 I logd.daemon: reinit
11-05 15:00:30.372     0     0 I ueventd : firmware: loading 'adsp.b03' for '/devices/fe200000.qcom,lpass/firmware/fe200000.qcom,lpass'
11-05 15:00:30.400   234   234 I Netd    : Netd 1.0 starting
11-05 15:00:30.400   234   234 D TetherController: Setting IP forward enable = 0
11-05 15:00:30.409     0     0 I ueventd : loading /devices/fe200000.qcom,lpass/firmware/fe200000.qcom,lpass took 37ms
11-05 15:00:30.409     0     0 I ueventd : firmware: loading 'adsp.b04' for '/devices/fe200000.qcom,lpass/firmware/fe200000.qcom,lpass'
11-05 15:00:30.427     0     0 I ueventd : loading /devices/fe200000.qcom,lpass/firmware/fe200000.qcom,lpass took 17ms
11-05 15:00:30.427     0     0 I ueventd : firmware: loading 'adsp.b05' for '/devices/fe200000.qcom,lpass/firmware/fe200000.qcom,lpass'
11-05 15:00:30.440     0     0 I ueventd : loading /devices/fe200000.qcom,lpass/firmware/fe200000.qcom,lpass took 12ms
11-05 15:00:30.440     0     0 I ueventd : firmware: loading 'adsp.b06' for '/devices/fe200000.qcom,lpass/firmware/fe200000.qcom,lpass'
11-05 15:00:30.443     0     0 I ueventd : loading /devices/fe200000.qcom,lpass/firmware/fe200000.qcom,lpass took 3ms
11-05 15:00:30.444   234   234 I Netd    : Creating child chains: 20.9ms
11-05 15:00:30.444   234   234 I Netd    : Setting up OEM hooks: 0.1ms
11-05 15:00:30.451     0     0 I ueventd : firmware: loading 'adsp.b07' for '/devices/fe200000.qcom,lpass/firmware/fe200000.qcom,lpass'
11-05 15:00:30.460   234   234 I Netd    : Setting up FirewallController hooks: 16.2ms
11-05 15:00:30.463     0     0 I ueventd : loading /devices/fe200000.qcom,lpass/firmware/fe200000.qcom,lpass took 12ms
11-05 15:00:30.464     0     0 I ueventd : firmware: loading 'adsp.b09' for '/devices/fe200000.qcom,lpass/firmware/fe200000.qcom,lpass'
11-05 15:00:30.466   234   234 I Netd    : Setting up TetherController hooks: 5.3ms
11-05 15:00:30.470   234   234 I Netd    : Setting up BandwidthController hooks: 4.3ms
11-05 15:00:30.470   234   234 I Netd    : Setting up IdletimerController hooks: 0.0ms
11-05 15:00:30.470   234   234 I Netd    : initializing traffic control: 0.0ms
11-05 15:00:30.474     0     0 I ueventd : loading /devices/fe200000.qcom,lpass/firmware/fe200000.qcom,lpass took 9ms
11-05 15:00:30.474     0     0 I ueventd : firmware: loading 'adsp.b10' for '/devices/fe200000.qcom,lpass/firmware/fe200000.qcom,lpass'
11-05 15:00:30.478     0     0 I ueventd : loading /devices/fe200000.qcom,lpass/firmware/fe200000.qcom,lpass took 3ms
11-05 15:00:30.479     0     0 I ueventd : firmware: loading 'adsp.b11' for '/devices/fe200000.qcom,lpass/firmware/fe200000.qcom,lpass'
11-05 15:00:30.480     0     0 I ueventd : loading /devices/fe200000.qcom,lpass/firmware/fe200000.qcom,lpass took 1ms
11-05 15:00:30.481     0     0 I ueventd : firmware: loading 'adsp.b12' for '/devices/fe200000.qcom,lpass/firmware/fe200000.qcom,lpass'
11-05 15:00:30.481     0     0 I ueventd : loading /devices/fe200000.qcom,lpass/firmware/fe200000.qcom,lpass took 1ms
11-05 15:00:30.484   234   234 I Netd    : Disabling bandwidth control: 13.8ms
11-05 15:00:30.485   234   234 E Netd    : cannot find interface dummy0
11-05 15:00:30.485   234   234 I Netd    : Initializing RouteController: 1.6ms
11-05 15:00:30.486   234   234 D XfrmController: Sending Netlink XFRM Message: XFRM_MSG_FLUSHSA
11-05 15:00:30.486   234   234 D XfrmController: Sending Netlink XFRM Message: XFRM_MSG_FLUSHPOLICY
11-05 15:00:30.486   234   234 I Netd    : Initializing XfrmController: 0.5ms
11-05 15:00:30.487   234   234 D MDnsDS  : MDnsSdListener::Hander starting up
11-05 15:00:30.487   234   256 D MDnsDS  : MDnsSdListener starting to monitor
11-05 15:00:30.487   234   256 D MDnsDS  : Going to poll with pollCount 1
11-05 15:00:30.489   234   234 I Netd    : Registering NetdNativeService: 1.8ms
11-05 15:00:30.490   234   234 I Netd    : Starting CommandListener: 0.3ms
11-05 15:00:30.491   234   234 E cutils-trace: Error opening trace file: No such file or directory (2)
11-05 15:00:30.491   223   223 E cutils-trace: Error opening trace file: No such file or directory (2)
11-05 15:00:30.492   234   234 I Netd    : Registering NetdHwService: 2.4ms
11-05 15:00:30.492   234   234 I Netd    : Netd started in 92ms
11-05 15:00:30.615     0     0 I pil-q6v5-lpass fe200000.qcom,lpass: adsp: Brought out of reset
11-05 15:00:30.679     0     0 I pil-q6v5-lpass fe200000.qcom,lpass: adsp: Power/Clock ready interrupt received
11-05 15:00:30.701     0     0 I pil-q6v5-lpass fe200000.qcom,lpass: Subsystem error monitoring/handling services are up
11-05 15:00:30.701     0     0 I apr_tal : Q6 Is Up
11-05 15:00:30.702     0     0 I msm8974-asoc-taiko fe02c000.sound: msm8974_asoc_machine_probe(): No hdmi audio support
11-05 15:00:30.703     0     0 I platform fe02c000.sound: Driver msm8974-asoc-taiko requests probe deferral
11-05 15:00:30.703     0     0 I adsp-loader qcom,msm-adsp-loader.42: adsp_loader_do: Q6/ADSP image is loaded
11-05 15:00:30.703     0     0 I init    : Command 'write /sys/kernel/boot_adsp/boot 1' action=early-boot (/vendor/etc/init/hw/init.qcom.rc:46) took 338ms and succeeded
11-05 15:00:30.704     0     0 I init    : Service 'logd-reinit' (pid 236) exited with status 0
11-05 15:00:30.704     0     0 I init    : processing action (early-boot) from (/system/etc/init/installd.rc:5)
11-05 15:00:30.704     0     0 E diag    : In diag_send_msg_mask_update, invalid status 0
11-05 15:00:30.704     0     0 E diag    : In diag_send_log_mask_update, invalid status 0
11-05 15:00:30.713   266   266 I ServiceManagement: Removing namespace from process name android.hidl.allocator@1.0-service to allocator@1.0-service.
11-05 15:00:30.714   266   266 E cutils-trace: Error opening trace file: No such file or directory (2)
11-05 15:00:30.716     0     0 I init    : processing action (boot) from (/init.rc:581)
11-05 15:00:30.722     0     0 I init    : starting service 'hidl_memory'...
11-05 15:00:30.783   267   267 I health@2.0/: health@2.0/backup: Hal starting main loop...
11-05 15:00:30.783   267   267 I health@2.0/: health@2.0/backup Hal is starting up...
11-05 15:00:30.784   267   267 E cutils-trace: Error opening trace file: No such file or directory (2)
11-05 15:00:30.785     0     0 I init    : starting service 'healthd'...
11-05 15:00:30.806   223   223 W hwservicemanager: getTransport: Cannot find entry android.hardware.health@1.0::IHealth/default in either framework or device manifest.
11-05 15:00:30.807     0     0 I msm8974-asoc-taiko fe02c000.sound: msm8974_asoc_machine_probe(): No hdmi audio support
11-05 15:00:30.807     0     0 I platform fe02c000.sound: Driver msm8974-asoc-taiko requests probe deferral
11-05 15:00:30.809   267   267 I health@2.0/: health@2.0/backup: Hal init done
11-05 15:00:30.813     0     0 I sps     : BAM 0xfe104000 (va:0xc6400000) enabled: ver:0x13, number of pipes:31
11-05 15:00:30.813     0     0 I sps     : BAM 0xfe104000 is registered.
11-05 15:00:30.819     0     0 I taiko-slim-pgd: Platform data from device tree
11-05 15:00:30.819     0     0 I taiko-slim-pgd: cdc-vdd-buck: vol=[2150000 2150000]uV, curr=[650000]uA, ond 0
11-05 15:00:30.820     0     0 I taiko-slim-pgd: cdc-vdd-tx-h: vol=[1800000 1800000]uV, curr=[25000]uA, ond 0
11-05 15:00:30.820     0     0 I taiko-slim-pgd: cdc-vdd-rx-h: vol=[1800000 1800000]uV, curr=[25000]uA, ond 0
11-05 15:00:30.820     0     0 I taiko-slim-pgd: cdc-vddpx-1: vol=[1800000 1800000]uV, curr=[10000]uA, ond 0
11-05 15:00:30.820     0     0 I taiko-slim-pgd: cdc-vdd-a-1p2v: vol=[1225000 1225000]uV, curr=[10000]uA, ond 0
11-05 15:00:30.820     0     0 I taiko-slim-pgd: cdc-vddcx-1: vol=[1225000 1225000]uV, curr=[10000]uA, ond 0
11-05 15:00:30.820     0     0 I taiko-slim-pgd: cdc-vddcx-2: vol=[1225000 1225000]uV, curr=[10000]uA, ond 0
11-05 15:00:30.845     0     0 I init    : starting service 'vendor.audio-hal-2-0'...
11-05 15:00:30.874     0     0 I slimbus : 1 laddr:0xcb, EAPC:0x1:0xa0
11-05 15:00:30.875     0     0 I taiko-slim-pgd: wcd9xxx_slim_device_up: slim device up
11-05 15:00:30.875     0     0 I slimbus : 1 laddr:0xca, EAPC:0x0:0xa0
11-05 15:00:30.881     0     0 I taiko-slim-pgd: wcd9xxx_check_codec_type: detected taiko_codec, major 0x102, minor 0x1, ver 0x2
11-05 15:00:30.881     0     0 I wcd9xxx_core_res_init: num_irqs = 31, num_irq_regs = 4
11-05 15:00:30.885     0     0 I msm8974-asoc-taiko fe02c000.sound: msm8974_asoc_machine_probe(): No hdmi audio support
11-05 15:00:30.885     0     0 I         : taiko_codec taiko_codec: taiko_codec_probe()
11-05 15:00:30.918   273   273 E cutils-trace: Error opening trace file: No such file or directory (2)
11-05 15:00:30.920   273   273 D vndksupport: Loading /vendor/lib/hw/android.hardware.bluetooth@1.0-impl.so from current namespace instead of sphal namespace.
11-05 15:00:30.922   273   273 I ServiceManagement: Removing namespace from process name android.hardware.bluetooth@1.0-service to bluetooth@1.0-service.
11-05 15:00:30.924   273   273 I android.hardware.bluetooth@1.0-service: Registration complete for android.hardware.bluetooth@1.0::IBluetoothHci/default.
11-05 15:00:30.924     0     0 I init    : starting service 'vendor.bluetooth-1-0'...
11-05 15:00:30.931   271   271 E cutils-trace: Error opening trace file: No such file or directory (2)
11-05 15:00:30.932   223   223 W hwservicemanager: getTransport: Cannot find entry android.hardware.audio@4.0::IDevicesFactory/default in either framework or device manifest.
11-05 15:00:30.933   271   271 E audiohalservice: Could not get passthrough implementation for android.hardware.audio@4.0::IDevicesFactory/default.
11-05 15:00:30.934   271   271 D vndksupport: Loading /vendor/lib/hw/android.hardware.audio@2.0-impl.so from current namespace instead of sphal namespace.
11-05 15:00:30.941   271   271 I ServiceManagement: Removing namespace from process name android.hardware.audio@2.0-service to audio@2.0-service.
11-05 15:00:30.943   271   271 I audiohalservice: Registration complete for android.hardware.audio@2.0::IDevicesFactory/default.
11-05 15:00:30.944   223   223 W hwservicemanager: getTransport: Cannot find entry android.hardware.audio.effect@4.0::IEffectsFactory/default in either framework or device manifest.
11-05 15:00:30.944   271   271 E audiohalservice: Could not get passthrough implementation for android.hardware.audio.effect@4.0::IEffectsFactory/default.
11-05 15:00:30.945   271   271 D vndksupport: Loading /vendor/lib/hw/android.hardware.audio.effect@2.0-impl.so from current namespace instead of sphal namespace.
11-05 15:00:30.950     0     0 I tfa98xx 6-0036: ID revision 0x0080
11-05 15:00:30.950     0     0 E tfa98xx 6-0036: Failed to add route Playback->NXP Output Mixer
11-05 15:00:30.951     0     0 I ueventd : firmware: loading 'tfa98xx.cnt' for '/devices/f9928000.i2c/i2c-6/6-0036/firmware/6-0036'
11-05 15:00:30.953     0     0 I ueventd : loading /devices/f9928000.i2c/i2c-6/6-0036/firmware/6-0036 took 1ms
11-05 15:00:30.953     0     0 I tfa98xx 6-0036: tfa98xx codec registered
11-05 15:00:30.954     0     0 I asoc    : snd-soc-dummy-dai <-> MultiMedia1 mapping ok
11-05 15:00:30.955     0     0 I asoc    : snd-soc-dummy-dai <-> MultiMedia2 mapping ok
11-05 15:00:30.955     0     0 I asoc    : snd-soc-dummy-dai <-> CS-VOICE mapping ok
11-05 15:00:30.956     0     0 I asoc    : snd-soc-dummy-dai <-> VoIP mapping ok
11-05 15:00:30.957     0     0 I asoc    : snd-soc-dummy-dai <-> MultiMedia3 mapping ok
11-05 15:00:30.957     0     0 I asoc    : snd-soc-dummy-dai <-> SLIMBUS0_HOSTLESS mapping ok
11-05 15:00:30.958     0     0 I asoc    : snd-soc-dummy-dai <-> INT_FM_HOSTLESS mapping ok
11-05 15:00:30.959     0     0 I asoc    : msm-stub-rx <-> msm-dai-q6-dev.241 mapping ok
11-05 15:00:30.959     0     0 I asoc    : msm-stub-tx <-> msm-dai-q6-dev.240 mapping ok
11-05 15:00:30.960   271   271 I audiohalservice: Registration complete for android.hardware.audio.effect@2.0::IEffectsFactory/default.
11-05 15:00:30.960     0     0 I compress asoc: snd-soc-dummy-dai <-> MultiMedia4 mapping ok
11-05 15:00:30.960   223   223 W hwservicemanager: getTransport: Cannot find entry android.hardware.soundtrigger@2.1::ISoundTriggerHw/default in either framework or device manifest.
11-05 15:00:30.961     0     0 I asoc    : snd-soc-dummy-dai <-> AUXPCM_HOSTLESS mapping ok
11-05 15:00:30.961   271   271 E audiohalservice: Could not get passthrough implementation for android.hardware.soundtrigger@2.1::ISoundTriggerHw/default.
11-05 15:00:30.961     0     0 I asoc    : snd-soc-dummy-dai <-> SLIMBUS1_HOSTLESS mapping ok
11-05 15:00:30.961   223   223 W hwservicemanager: getTransport: Cannot find entry android.hardware.soundtrigger@2.0::ISoundTriggerHw/default in either framework or device manifest.
11-05 15:00:30.962   271   271 E audiohalservice: Could not get passthrough implementation for android.hardware.soundtrigger@2.0::ISoundTriggerHw/default.
11-05 15:00:30.962   271   271 W audiohalservice: Could not register soundtrigger API 2.0 nor 2.1
11-05 15:00:30.962     0     0 I asoc    : snd-soc-dummy-dai <-> SLIMBUS3_HOSTLESS mapping ok
11-05 15:00:30.962   223   223 W hwservicemanager: getTransport: Cannot find entry android.hardware.bluetooth.a2dp@1.0::IBluetoothAudioOffload/default in either framework or device manifest.
11-05 15:00:30.962     0     0 I asoc    : snd-soc-dummy-dai <-> SLIMBUS4_HOSTLESS mapping ok
11-05 15:00:30.963   271   271 E audiohalservice: Could not get passthrough implementation for android.hardware.bluetooth.a2dp@1.0::IBluetoothAudioOffload/default.
11-05 15:00:30.963   271   271 W audiohalservice: Could not register Bluetooth audio offload 1.0
11-05 15:00:30.963     0     0 I asoc    : snd-soc-dummy-dai <-> VoLTE mapping ok
11-05 15:00:30.964     0     0 I asoc    : snd-soc-dummy-dai <-> MultiMedia5 mapping ok
11-05 15:00:30.964     0     0 I asoc    : snd-soc-dummy-dai <-> LSM1 mapping ok
11-05 15:00:30.965     0     0 I asoc    : snd-soc-dummy-dai <-> MultiMedia6 mapping ok
11-05 15:00:30.966     0     0 I compress asoc: snd-soc-dummy-dai <-> MultiMedia7 mapping ok
11-05 15:00:30.966     0     0 I asoc    : snd-soc-dummy-dai <-> MultiMedia8 mapping ok
11-05 15:00:30.967   235   235 D AndroidRuntime: >>>>>> START com.android.internal.os.ZygoteInit uid 0 <<<<<<
11-05 15:00:30.967   235   235 I boot_progress_start: 4589
11-05 15:00:30.967     0     0 I asoc    : snd-soc-dummy-dai <-> QCHAT mapping ok
11-05 15:00:30.968     0     0 I asoc    : snd-soc-dummy-dai <-> HDMI_HOSTLESS mapping ok
11-05 15:00:30.968     0     0 I asoc    : snd-soc-dummy-dai <-> Voice2 mapping ok
11-05 15:00:30.969     0     0 I asoc    : snd-soc-dummy-dai <-> INT_HFP_BT_HOSTLESS mapping ok
11-05 15:00:30.970     0     0 I asoc    : snd-soc-dummy-dai <-> MultiMedia6 mapping ok
11-05 15:00:30.970     0     0 I asoc    : snd-soc-dummy-dai <-> LSM2 mapping ok
11-05 15:00:30.971     0     0 I asoc    : snd-soc-dummy-dai <-> LSM3 mapping ok
11-05 15:00:30.972     0     0 I asoc    : snd-soc-dummy-dai <-> LSM4 mapping ok
11-05 15:00:30.972     0     0 I asoc    : snd-soc-dummy-dai <-> LSM5 mapping ok
11-05 15:00:30.973     0     0 I asoc    : snd-soc-dummy-dai <-> LSM6 mapping ok
11-05 15:00:30.974     0     0 I asoc    : snd-soc-dummy-dai <-> LSM7 mapping ok
11-05 15:00:30.975     0     0 I init    : starting service 'vendor.cas-hal-1-0'...
11-05 15:00:30.975     0     0 I asoc    : snd-soc-dummy-dai <-> LSM8 mapping ok
11-05 15:00:30.976     0     0 I asoc    : taiko_vifeedback <-> msm-dai-q6-dev.16393 mapping ok
11-05 15:00:30.977     0     0 I asoc    : taiko_rx2 <-> msm-dai-q6-dev.16388 mapping ok
11-05 15:00:30.978     0     0 I asoc    : taiko_tx2 <-> msm-dai-q6-dev.16389 mapping ok
11-05 15:00:30.979     0     0 I asoc    : snd-soc-dummy-dai <-> MultiMedia9 mapping ok
11-05 15:00:30.980     0     0 I asoc    : snd-soc-dummy-dai <-> VoWLAN mapping ok
11-05 15:00:30.980     0     0 I asoc    : snd-soc-dummy-dai <-> SEC_MI2S_HOSTLESS mapping ok
11-05 15:00:30.981     0     0 I asoc    : msm-stub-rx <-> msm-dai-q6-dev.12288 mapping ok
11-05 15:00:30.982     0     0 I asoc    : msm-stub-tx <-> msm-dai-q6-dev.12289 mapping ok
11-05 15:00:30.982     0     0 I asoc    : msm-stub-rx <-> msm-dai-q6-dev.12292 mapping ok
11-05 15:00:30.983     0     0 I asoc    : msm-stub-tx <-> msm-dai-q6-dev.12293 mapping ok
11-05 15:00:30.984     0     0 I asoc    : msm-stub-rx <-> msm-dai-q6-dev.224 mapping ok
11-05 15:00:30.984     0     0 I asoc    : msm-stub-tx <-> msm-dai-q6-dev.225 mapping ok
11-05 15:00:30.986     0     0 I asoc    : msm-stub-rx <-> msm-dai-q6-auxpcm.1 mapping ok
11-05 15:00:30.986     0     0 I asoc    : msm-stub-tx <-> msm-dai-q6-auxpcm.1 mapping ok
11-05 15:00:30.987     0     0 I asoc    : msm-stub-rx <-> msm-dai-q6-auxpcm.2 mapping ok
11-05 15:00:30.988     0     0 I asoc    : msm-stub-tx <-> msm-dai-q6-auxpcm.2 mapping ok
11-05 15:00:30.988     0     0 I         : msm_audrx_init(), dev_namemsm-dai-q6-dev.16384
11-05 15:00:30.990   277   277 D android.hardware.cas@1.0-service: android.hardware.cas@1.0-service starting...
11-05 15:00:30.990   277   277 I ServiceManagement: Removing namespace from process name android.hardware.cas@1.0-service to cas@1.0-service.
11-05 15:00:30.991   277   277 E cutils-trace: Error opening trace file: No such file or directory (2)
11-05 15:00:30.995     0     0 I init    : starting service 'vendor.configstore-hal'...
11-05 15:00:30.995   235   235 E cutils-trace: Error opening trace file: No such file or directory (2)
11-05 15:00:30.998   278   278 W /vendor/bin/hw/android.hardware.configstore@1.1-service: Could not find seccomp policy file at: /vendor/etc/seccomp_policy/configstore@1.1.policy
11-05 15:00:30.998   278   278 I ServiceManagement: Removing namespace from process name android.hardware.configstore@1.1-service to configstore@1.1-service.
11-05 15:00:30.999   278   278 E cutils-trace: Error opening trace file: No such file or directory (2)
11-05 15:00:30.999   235   235 I zygote  : option[0]=-Xzygote
11-05 15:00:30.999   235   235 I zygote  : option[1]=-Xusetombstonedtraces
11-05 15:00:30.999   235   235 I zygote  : option[2]=exit
11-05 15:00:30.999   235   235 I zygote  : option[3]=vfprintf
11-05 15:00:30.999   235   235 I zygote  : option[4]=sensitiveThread
11-05 15:00:30.999   235   235 I zygote  : option[5]=-verbose:gc
11-05 15:00:30.999   235   235 I zygote  : option[6]=-Xms4m
11-05 15:00:30.999   235   235 I zygote  : option[7]=-Xmx16m
11-05 15:00:30.999   235   235 I zygote  : option[8]=-Xusejit:true
11-05 15:00:30.999   235   235 I zygote  : option[9]=-Xjitsaveprofilinginfo
11-05 15:00:30.999   235   235 I zygote  : option[10]=-XjdwpOptions:suspend=n,server=y
11-05 15:00:30.999   235   235 I zygote  : option[11]=-XjdwpProvider:default
11-05 15:00:31.000   235   235 I zygote  : option[12]=-Xlockprofthreshold:500
11-05 15:00:31.000   235   235 I zygote  : option[13]=-Ximage-compiler-option
11-05 15:00:31.000   235   235 I zygote  : option[14]=--runtime-arg
11-05 15:00:31.000   235   235 I zygote  : option[15]=-Ximage-compiler-option
11-05 15:00:31.000   235   235 I zygote  : option[16]=-Xms64m
11-05 15:00:31.000   235   235 I zygote  : option[17]=-Ximage-compiler-option
11-05 15:00:31.000   235   235 I zygote  : option[18]=--runtime-arg
11-05 15:00:31.000   235   235 I zygote  : option[19]=-Ximage-compiler-option
11-05 15:00:31.000   235   235 I zygote  : option[20]=-Xmx64m
11-05 15:00:31.000   235   235 I zygote  : option[21]=-Ximage-compiler-option
11-05 15:00:31.000   235   235 I zygote  : option[22]=--profile-file=/system/etc/boot-image.prof
11-05 15:00:31.000   235   235 I zygote  : option[23]=-Ximage-compiler-option
11-05 15:00:31.000   235   235 I zygote  : option[24]=--compiler-filter=speed-profile
11-05 15:00:31.000   235   235 I zygote  : option[25]=-Xcompiler-option
11-05 15:00:31.000   235   235 I zygote  : option[26]=--runtime-arg
11-05 15:00:31.000   235   235 I zygote  : option[27]=-Xcompiler-option
11-05 15:00:31.000   235   235 I zygote  : option[28]=-Xms64m
11-05 15:00:31.000   235   235 I zygote  : option[29]=-Xcompiler-option
11-05 15:00:31.000   235   235 I zygote  : option[30]=--runtime-arg
11-05 15:00:31.000   235   235 I zygote  : option[31]=-Xcompiler-option
11-05 15:00:31.000   235   235 I zygote  : option[32]=-Xmx512m
11-05 15:00:31.000   235   235 I zygote  : option[33]=-Xcompiler-option
11-05 15:00:31.000   235   235 I zygote  : option[34]=-j2
11-05 15:00:31.000   235   235 I zygote  : option[35]=-Ximage-compiler-option
11-05 15:00:31.000   235   235 I zygote  : option[36]=-j4
11-05 15:00:31.000   235   235 I zygote  : option[37]=-Ximage-compiler-option
11-05 15:00:31.000   235   235 I zygote  : option[38]=--instruction-set-variant=krait
11-05 15:00:31.000   235   235 I zygote  : option[39]=-Xcompiler-option
11-05 15:00:31.000   235   235 I zygote  : option[40]=--instruction-set-variant=krait
11-05 15:00:31.000   235   235 I zygote  : option[41]=-Ximage-compiler-option
11-05 15:00:31.000   235   235 I zygote  : option[42]=--instruction-set-features=default
11-05 15:00:31.000   235   235 I zygote  : option[43]=-Xcompiler-option
11-05 15:00:31.001   235   235 I zygote  : option[44]=--instruction-set-features=default
11-05 15:00:31.001   235   235 I zygote  : option[45]=-Duser.locale=en-US
11-05 15:00:31.001   235   235 I zygote  : option[46]=--cpu-abilist=armeabi-v7a,armeabi
11-05 15:00:31.001   235   235 I zygote  : option[47]=-Xfingerprint:OnePlus/OnePlus/OnePlus:6.0.1/MMB29M/10281213:user/release-keys
11-05 15:00:31.012   235   235 W zygote  : Could not reserve sentinel fault page
11-05 15:00:31.017   235   235 I zygote  : VerifyImage: /system/bin/patchoat --input-image-location=/system/framework/boot.art --output-image-directory=/data/dalvik-cache/arm --instruction-set=arm --verify
11-05 15:00:31.024     0     0 I init    : starting service 'vendor.drm-hal-1-0'...
11-05 15:00:31.035   279   279 D android.hardware.drm@1.0-service: android.hardware.drm@1.0-service starting...
11-05 15:00:31.036   279   279 E cutils-trace: Error opening trace file: No such file or directory (2)
11-05 15:00:31.038   279   279 D vndksupport: Loading /vendor/lib/hw/android.hardware.drm@1.0-impl.so from current namespace instead of sphal namespace.
11-05 15:00:31.046   280   280 E cutils-trace: Error opening trace file: No such file or directory (2)
11-05 15:00:31.050   280   280 W patchoat: Could not reserve sentinel fault page
11-05 15:00:31.060   281   281 E cutils-trace: Error opening trace file: No such file or directory (2)
11-05 15:00:31.062   281   281 D vndksupport: Loading /vendor/lib/hw/android.hardware.graphics.allocator@2.0-impl.so from current namespace instead of sphal namespace.
11-05 15:00:31.064     0     0 I init    : starting service 'vendor.gralloc-2-0'...
11-05 15:00:31.066   281   281 D vndksupport: Loading /vendor/lib/hw/gralloc.msm8974.so from current namespace instead of sphal namespace.
11-05 15:00:31.074   279   279 I ServiceManagement: Removing namespace from process name android.hardware.drm@1.0-service to drm@1.0-service.
11-05 15:00:31.075   279   279 I android.hardware.drm@1.0-service: Registration complete for android.hardware.drm@1.0::IDrmFactory/default.
11-05 15:00:31.076   279   279 D vndksupport: Loading /vendor/lib/hw/android.hardware.drm@1.0-impl.so from current namespace instead of sphal namespace.
11-05 15:00:31.078   279   279 I ServiceManagement: Removing namespace from process name android.hardware.drm@1.0-service to drm@1.0-service.
11-05 15:00:31.079   279   279 I android.hardware.drm@1.0-service: Registration complete for android.hardware.drm@1.0::ICryptoFactory/default.
11-05 15:00:31.087     0     0 I init    : starting service 'vendor.hwcomposer-2-2'...
11-05 15:00:31.094   281   281 I ServiceManagement: Removing namespace from process name android.hardware.graphics.allocator@2.0-service to allocator@2.0-service.
11-05 15:00:31.095   281   281 I android.hardware.graphics.allocator@2.0-service: Registration complete for android.hardware.graphics.allocator@2.0::IAllocator/default.
11-05 15:00:31.110   283   283 E cutils-trace: Error opening trace file: No such file or directory (2)
11-05 15:00:31.111   283   283 D vndksupport: Loading /vendor/lib/hw/android.hardware.memtrack@1.0-impl.so from current namespace instead of sphal namespace.
11-05 15:00:31.114     0     0 I init    : starting service 'vendor.memtrack-hal-1-0'...
11-05 15:00:31.115   283   283 D vndksupport: Loading /vendor/lib/hw/memtrack.msm8974.so from current namespace instead of sphal namespace.
11-05 15:00:31.118   282   282 D vndksupport: Loading /vendor/lib/hw/hwcomposer.msm8974.so from current namespace instead of sphal namespace.
11-05 15:00:31.118   283   283 I ServiceManagement: Removing namespace from process name android.hardware.memtrack@1.0-service to memtrack@1.0-service.
11-05 15:00:31.120   283   283 I android.hardware.memtrack@1.0-service: Registration complete for android.hardware.memtrack@1.0::IMemtrack/default.
11-05 15:00:31.143   286   286 I ServiceManagement: Removing namespace from process name android.hardware.usb@1.0-service to usb@1.0-service.
11-05 15:00:31.144   286   286 E cutils-trace: Error opening trace file: No such file or directory (2)
11-05 15:00:31.145   286   286 I android.hardware.usb@1.0-service: USB HAL Ready.
11-05 15:00:31.146     0     0 I init    : starting service 'vendor.usb-hal-1-0'...
11-05 15:00:31.155     0     0 I init    : starting service 'vendor.wifi_hal_legacy'...
11-05 15:00:31.174     0     0 I init    : Command 'class_start hal' action=boot (/init.rc:676) took 452ms and succeeded
11-05 15:00:31.175     0     0 I init    : Received control message 'interface_start' for 'android.hardware.health@1.0::IHealth/default' from pid: 223 (/system/bin/hwservicemanager)
11-05 15:00:31.175     0     0 E init    : Could not find service hosting interface android.hardware.health@1.0::IHealth/default
11-05 15:00:31.175     0     0 E init    : Could not start service 'rmt_storage' as part of class 'core': File /vendor/bin/rmt_storage(labeled "u:object_r:vendor_file:s0") has incorrect label or no domain transition from u:r:init:s0 to another SELinux domain defined. Have you configured your service correctly? https://source.android.com/security/selinux/device-policy#label_new_services_and_address_denials
11-05 15:00:31.176     0     0 E init    : Could not start service 'rfs_access' as part of class 'core': File /vendor/bin/rfs_access(labeled "u:object_r:vendor_file:s0") has incorrect label or no domain transition from u:r:init:s0 to another SELinux domain defined. Have you configured your service correctly? https://source.android.com/security/selinux/device-policy#label_new_services_and_address_denials
11-05 15:00:31.176     0     0 E init    : Could not start service 'qseecomd' as part of class 'core': File /vendor/bin/qseecomd(labeled "u:object_r:vendor_file:s0") has incorrect label or no domain transition from u:r:init:s0 to another SELinux domain defined. Have you configured your service correctly? https://source.android.com/security/selinux/device-policy#label_new_services_and_address_denials
11-05 15:00:31.176     0     0 I init    : starting service 'audioserver'...
11-05 15:00:31.188   287   287 I android.hardware.wifi@1.0-service: Wifi Hal is booting up...
11-05 15:00:31.188   287   287 I ServiceManagement: Removing namespace from process name android.hardware.wifi@1.0-service to wifi@1.0-service.
11-05 15:00:31.189   287   287 E cutils-trace: Error opening trace file: No such file or directory (2)
11-05 15:00:31.210   289   289 I lowmemorykiller: Using in-kernel low memory killer interface
11-05 15:00:31.215     0     0 I init    : starting service 'lmkd'...
11-05 15:00:31.216     0     0 I init    : Created socket '/dev/socket/lmkd', mode 660, user 1000, group 1000
11-05 15:00:31.218     0     0 W healthd : battery l=58 v=3843 t=32.6 h=2 st=3 c=595 fc=2513000 cc=0 chg=u
11-05 15:00:31.234   280   280 E patchoat: Unable to open relocated image file  /data/dalvik-cache/arm/system@framework@boot.art
11-05 15:00:31.239   235   235 W zygote  : Failed execv(/system/bin/patchoat --input-image-location=/system/framework/boot.art --output-image-directory=/data/dalvik-cache/arm --instruction-set=arm --verify) because non-0 exit status Preemptively pruning the dalvik cache.
11-05 15:00:31.240   235   235 I zygote  : Pruning dalvik-cache since we are relocating an image and will need to recompile
11-05 15:00:31.240   235   235 I zygote  : RelocateImage: /system/bin/patchoat --input-image-location=/system/framework/boot.art --output-image-directory=/data/dalvik-cache/arm --instruction-set=arm --base-offset-delta=15536128
11-05 15:00:31.255     0     0 I init    : starting service 'surfaceflinger'...
11-05 15:00:31.256     0     0 E init    : Failed to bind socket 'pdx/system/vr/display/client': No such file or directory
11-05 15:00:31.257     0     0 E init    : Failed to bind socket 'pdx/system/vr/display/manager': No such file or directory
11-05 15:00:31.258     0     0 E init    : Failed to bind socket 'pdx/system/vr/display/vsync': No such file or directory
11-05 15:00:31.258     0     0 I asoc    : taiko_rx1 <-> msm-dai-q6-dev.16384 mapping ok
11-05 15:00:31.259     0     0 I asoc    : taiko_tx1 <-> msm-dai-q6-dev.16385 mapping ok
11-05 15:00:31.260     0     0 I asoc    : taiko_rx1 <-> msm-dai-q6-dev.16386 mapping ok
11-05 15:00:31.260     0     0 I asoc    : taiko_tx1 <-> msm-dai-q6-dev.16387 mapping ok
11-05 15:00:31.260     0     0 I asoc    : taiko_rx1 <-> msm-dai-q6-dev.16390 mapping ok
11-05 15:00:31.260     0     0 I asoc    : taiko_tx1 <-> msm-dai-q6-dev.16391 mapping ok
11-05 15:00:31.261     0     0 I asoc    : taiko_rx1 <-> msm-dai-q6-dev.16392 mapping ok
11-05 15:00:31.261     0     0 I asoc    : msm-stub-tx <-> msm-dai-q6-dev.32772 mapping ok
11-05 15:00:31.261     0     0 I asoc    : msm-stub-tx <-> msm-dai-q6-dev.32771 mapping ok
11-05 15:00:31.262     0     0 I asoc    : taiko_mad1 <-> msm-dai-q6-dev.16395 mapping ok
11-05 15:00:31.262     0     0 I asoc    : msm-stub-rx <-> msm-dai-q6-dev.32773 mapping ok
11-05 15:00:31.262     0     0 I asoc    : msm-stub-rx <-> msm-dai-q6-dev.32770 mapping ok
11-05 15:00:31.263     0     0 I asoc    : tfa98xx_codec <-> msm-dai-q6-mi2s.1 mapping ok
11-05 15:00:31.263     0     0 I asoc    : tfa98xx_codec <-> msm-dai-q6-mi2s.1 mapping ok
11-05 15:00:31.266   291   291 E cutils-trace: Error opening trace file: No such file or directory (2)
11-05 15:00:31.270   282   282 I auditd  : type=1400 audit(0.0:57): avc: denied { read } for comm="android.hardwar" name="msm_fb_split" dev="sysfs" ino=10744 scontext=u:r:hal_graphics_composer_default:s0 tcontext=u:object_r:sysfs:s0 tclass=file permissive=1
11-05 15:00:31.270   282   282 I android.hardwar: type=1400 audit(0.0:57): avc: denied { read } for name="msm_fb_split" dev="sysfs" ino=10744 scontext=u:r:hal_graphics_composer_default:s0 tcontext=u:object_r:sysfs:s0 tclass=file permissive=1
11-05 15:00:31.270   282   282 I auditd  : type=1400 audit(0.0:58): avc: denied { open } for comm="android.hardwar" name="msm_fb_split" dev="sysfs" ino=10744 scontext=u:r:hal_graphics_composer_default:s0 tcontext=u:object_r:sysfs:s0 tclass=file permissive=1
11-05 15:00:31.270   282   282 I android.hardwar: type=1400 audit(0.0:58): avc: denied { open } for name="msm_fb_split" dev="sysfs" ino=10744 scontext=u:r:hal_graphics_composer_default:s0 tcontext=u:object_r:sysfs:s0 tclass=file permissive=1
11-05 15:00:31.270   282   282 I auditd  : type=1400 audit(0.0:59): avc: denied { getattr } for comm="android.hardwar" path="/sys/devices/virtual/graphics/fb0/msm_fb_split" dev="sysfs" ino=10744 scontext=u:r:hal_graphics_composer_default:s0 tcontext=u:object_r:sysfs:s0 tclass=file permissive=1
11-05 15:00:31.270   282   282 I android.hardwar: type=1400 audit(0.0:59): avc: denied { getattr } for path="/sys/devices/virtual/graphics/fb0/msm_fb_split" dev="sysfs" ino=10744 scontext=u:r:hal_graphics_composer_default:s0 tcontext=u:object_r:sysfs:s0 tclass=file permissive=1
11-05 15:00:31.270   282   282 I auditd  : type=1400 audit(0.0:60): avc: denied { read } for comm="android.hardwar" name="fb1" dev="sysfs" ino=10752 scontext=u:r:hal_graphics_composer_default:s0 tcontext=u:object_r:sysfs:s0 tclass=dir permissive=1
11-05 15:00:31.270   282   282 I android.hardwar: type=1400 audit(0.0:60): avc: denied { read } for name="fb1" dev="sysfs" ino=10752 scontext=u:r:hal_graphics_composer_default:s0 tcontext=u:object_r:sysfs:s0 tclass=dir permissive=1
11-05 15:00:31.270   282   282 I auditd  : type=1400 audit(0.0:61): avc: denied { open } for comm="android.hardwar" name="fb1" dev="sysfs" ino=10752 scontext=u:r:hal_graphics_composer_default:s0 tcontext=u:object_r:sysfs:s0 tclass=dir permissive=1
11-05 15:00:31.270   282   282 I android.hardwar: type=1400 audit(0.0:61): avc: denied { open } for name="fb1" dev="sysfs" ino=10752 scontext=u:r:hal_graphics_composer_default:s0 tcontext=u:object_r:sysfs:s0 tclass=dir permissive=1
11-05 15:00:31.270   291   291 W patchoat: Could not reserve sentinel fault page
11-05 15:00:31.283   282   282 I qdutils : Right Split=0
11-05 15:00:31.285   224   224 E SELinux : avc:  denied  { add } for service=display.qservice pid=282 uid=1000 scontext=u:r:hal_graphics_composer_default:s0 tcontext=u:object_r:default_android_vndservice:s0 tclass=service_manager permissive=1
11-05 15:00:31.285   224   224 I auditd  : avc:  denied  { add } for service=display.qservice pid=282 uid=1000 scontext=u:r:hal_graphics_composer_default:s0 tcontext=u:object_r:default_android_vndservice:s0 tclass=service_manager permissive=1
11-05 15:00:31.285   224   224 E SELinux : avc:  denied  { find } for service=display.qservice pid=282 uid=1000 scontext=u:r:hal_graphics_composer_default:s0 tcontext=u:object_r:default_android_vndservice:s0 tclass=service_manager permissive=1
11-05 15:00:31.285   224   224 I auditd  : avc:  denied  { find } for service=display.qservice pid=282 uid=1000 scontext=u:r:hal_graphics_composer_default:s0 tcontext=u:object_r:default_android_vndservice:s0 tclass=service_manager permissive=1
11-05 15:00:31.285   282   282 I qdhwcomposer: Initializing Qualcomm Hardware Composer
11-05 15:00:31.285   282   282 I qdhwcomposer: MDP version: 500
11-05 15:00:31.285   282   282 I HWC2On1Adapter: Found support for HWC virtual displays
11-05 15:00:31.285   282   282 D qdhwcomposer: hwc_getDisplayAttributes disp = 0, width = 1080
11-05 15:00:31.285   282   282 D qdhwcomposer: hwc_getDisplayAttributes disp = 0, height = 1920
11-05 15:00:31.286   282   282 I qdhwcomposer: hwc_registerProcs
11-05 15:00:31.286   282   282 I qdhwcomposer: Initializing UEVENT Thread
11-05 15:00:31.286   282   282 I qdhwcomposer: Initializing VSYNC Thread
11-05 15:00:31.286   282   282 E HWC2On1Adapter: doGetFunction: Unknown function descriptor: 44 (SetLayerFloatColor)
11-05 15:00:31.286   282   282 E HWC2On1Adapter: doGetFunction: Unknown function descriptor: 45 (SetLayerPerFrameMetadata)
11-05 15:00:31.286   282   282 E HWC2On1Adapter: doGetFunction: Unknown function descriptor: 46 (GetPerFrameMetadataKeys)
11-05 15:00:31.286   282   282 E HWC2On1Adapter: doGetFunction: Unknown function descriptor: 47 (SetReadbackBuffer)
11-05 15:00:31.286   282   282 E HWC2On1Adapter: doGetFunction: Unknown function descriptor: 48 (GetReadbackBufferAttributes)
11-05 15:00:31.286   282   282 E HWC2On1Adapter: doGetFunction: Unknown function descriptor: 49 (GetReadbackBufferFence)
11-05 15:00:31.286   282   282 E HWC2On1Adapter: doGetFunction: Unknown function descriptor: 50 (GetRenderIntents)
11-05 15:00:31.286   282   282 E HWC2On1Adapter: doGetFunction: Unknown function descriptor: 51 (SetColorModeWithRenderIntent)
11-05 15:00:31.286   282   282 E HWC2On1Adapter: doGetFunction: Unknown function descriptor: 52 (GetDataspaceSaturationMatrix)
11-05 15:00:31.286   282   282 I ServiceManagement: Removing namespace from process name android.hardware.graphics.composer@2.2-service to composer@2.2-service.
11-05 15:00:31.287   282   282 E cutils-trace: Error opening trace file: No such file or directory (2)
11-05 15:00:31.289     0     0 I input   : msm8974-taiko-mtp-snd-card Button Jack as /devices/fe02c000.sound/sound/card0/input5
11-05 15:00:31.289     0     0 I input   : msm8974-taiko-mtp-snd-card Headset Jack as /devices/fe02c000.sound/sound/card0/input6
11-05 15:00:31.291     0     0 I msm8974-asoc-taiko fe02c000.sound: property qcom,us-euro-gpios not detected in node /soc/sound
11-05 15:00:31.297   282   294 I qdhwcomposer: vsync_loop: Reading vsync for dpy=0 from /sys/class/graphics/fb0/vsync_event
11-05 15:00:31.314     0     0 I init    : starting service 'thermalservice'...
11-05 15:00:31.346   295   295 E cutils-trace: Error opening trace file: No such file or directory (2)
11-05 15:00:31.347   223   223 W hwservicemanager: getTransport: Cannot find entry android.hardware.thermal@1.1::IThermal/default in either framework or device manifest.
11-05 15:00:31.348   295   295 W thermalserviced: Unable to get Thermal HAL V1.1, vendor thermal event notification not available
11-05 15:00:31.361     0     0 I init    : Command 'class_start core' action=boot (/init.rc:678) took 185ms and succeeded
11-05 15:00:31.361     0     0 I init    : processing action (boot) from (/init.usb.rc:21)
11-05 15:00:31.361     0     0 I init    : processing action (persist.sys.usb.config=* && boot) from (/init.usb.rc:102)
11-05 15:00:31.361     0     0 I init    : processing action (boot) from (/vendor/etc/init/hw/init.qcom.rc:48)
11-05 15:00:31.367     0     0 I SELinux : Context u:object_r:persist_bluetooth_file:s0 is not valid (left unmapped).
11-05 15:00:31.378     0     0 I init    : processing action (boot) from (/vendor/etc/init/hw/init.qcom.usb.rc:28)
11-05 15:00:31.379     0     0 I init    : processing action (boot) from (/vendor/etc/init/hw/init.qcom.power.rc:76)
11-05 15:00:31.380     0     0 I init    : processing action (boot) from (/system/etc/init/bootstat.rc:61)
11-05 15:00:31.381     0     0 I init    : processing action (boot) from (/system/etc/init/dumpstate.rc:1)
11-05 15:00:31.381     0     0 I init    : processing action (enable_property_trigger) from (<Builtin Action>:0)
11-05 15:00:31.381     0     0 I init    : processing action (security.perf_harden=1) from (/init.rc:735)
11-05 15:00:31.381     0     0 I init    : processing action (ro.debuggable=1) from (/init.rc:759)
