11-05 15:00:31.382     0     0 I init    : Command 'start console' action=ro.debuggable=1 (/init.rc:765) took 0ms and failed: Could not start service: Couldn't open console '/dev/console': No such device
11-05 15:00:31.382     0     0 I init    : processing action (ro.data.large_tcp_window_size=true) from (/vendor/etc/init/hw/init.qcom.rc:428)
11-05 15:00:31.382     0     0 I init    : processing action (sys.usb.config=mtp,adb) from (/vendor/etc/init/hw/init.qcom.usb.rc:45)
11-05 15:00:31.383     0     0 E enable_store: android_usb: already disabled
11-05 15:00:31.384     0     0 I init    : starting service 'adbd'...
11-05 15:00:31.385     0     0 I init    : Created socket '/dev/socket/adbd', mode 660, user 1000, group 1000
11-05 15:00:31.396   290   290 E cutils-trace: Error opening trace file: No such file or directory (2)
11-05 15:00:31.399   290   290 I ConfigStore: android::hardware::configstore::V1_0::ISurfaceFlingerConfigs::startGraphicsAllocatorService retrieved: 1
11-05 15:00:31.400   290   290 D vndksupport: Loading /vendor/lib/hw/android.hardware.graphics.allocator@2.0-impl.so from current namespace instead of sphal namespace.
11-05 15:00:31.401   290   290 D vndksupport: Loading /vendor/lib/hw/gralloc.msm8974.so from current namespace instead of sphal namespace.
11-05 15:00:31.406   223   223 E SELinux : avc:  denied  { add } for interface=android.hardware.graphics.allocator::IAllocator pid=290 scontext=u:r:surfaceflinger:s0 tcontext=u:object_r:hal_graphics_allocator_hwservice:s0 tclass=hwservice_manager permissive=1
11-05 15:00:31.406   223   223 I auditd  : avc:  denied  { add } for interface=android.hardware.graphics.allocator::IAllocator pid=290 scontext=u:r:surfaceflinger:s0 tcontext=u:object_r:hal_graphics_allocator_hwservice:s0 tclass=hwservice_manager permissive=1
11-05 15:00:31.407   297   301 I adbd    : initializing functionfs
11-05 15:00:31.407   297   301 I adbd    : opening control endpoint /dev/usb-ffs/adb/ep0
11-05 15:00:31.408   290   290 I SurfaceFlinger: Registration complete for android.hardware.graphics.allocator@2.0::IAllocator/default.
11-05 15:00:31.418   290   290 I SurfaceFlinger: Using HWComposer service: 'default'
11-05 15:00:31.418   290   290 I SurfaceFlinger: SurfaceFlinger is starting
11-05 15:00:31.419   290   290 I ConfigStore: android::hardware::configstore::V1_0::ISurfaceFlingerConfigs::vsyncEventPhaseOffsetNs retrieved: 1000000 (default)
11-05 15:00:31.420   290   290 I ConfigStore: android::hardware::configstore::V1_0::ISurfaceFlingerConfigs::vsyncSfEventPhaseOffsetNs retrieved: 1000000 (default)
11-05 15:00:31.420   290   290 I ConfigStore: android::hardware::configstore::V1_0::ISurfaceFlingerConfigs::hasSyncFramework retrieved: 1
11-05 15:00:31.420   290   290 I ConfigStore: android::hardware::configstore::V1_0::ISurfaceFlingerConfigs::presentTimeOffsetFromVSyncNs retrieved: 0
11-05 15:00:31.420   290   290 I ConfigStore: android::hardware::configstore::V1_0::ISurfaceFlingerConfigs::useHwcForRGBtoYUV retrieved: 0
11-05 15:00:31.420   290   290 I ConfigStore: android::hardware::configstore::V1_0::ISurfaceFlingerConfigs::maxVirtualDisplaySize retrieved: 0 (default)
11-05 15:00:31.420   290   290 I ConfigStore: android::hardware::configstore::V1_0::ISurfaceFlingerConfigs::useVrFlinger retrieved: 0 (default)
11-05 15:00:31.420   290   290 I ConfigStore: android::hardware::configstore::V1_0::ISurfaceFlingerConfigs::maxFrameBufferAcquiredBuffers retrieved: 3
11-05 15:00:31.421   290   290 I ConfigStore: android::hardware::configstore::V1_0::ISurfaceFlingerConfigs::hasWideColorDisplay retrieved: 0
11-05 15:00:31.422   223   223 W hwservicemanager: getTransport: Cannot find entry android.hardware.configstore@1.1::ISurfaceFlingerConfigs/default in either framework or device manifest.
11-05 15:00:31.423   290   290 I ConfigStore: android::hardware::configstore::V1_1::ISurfaceFlingerConfigs::primaryDisplayOrientation retrieved: ORIENTATION_0 (default)
11-05 15:00:31.423   290   290 I SurfaceFlinger: Enabling HWC virtual displays
11-05 15:00:31.423   290   290 I SurfaceFlinger: Disabling Triple Buffering
11-05 15:00:31.423   290   290 I SurfaceFlinger: Treble testing override: 'false'
11-05 15:00:31.423   290   290 I SurfaceFlinger: SurfaceFlinger's main thread ready to run. Initializing graphics H/W...
11-05 15:00:31.423   290   290 I SurfaceFlinger: Phase offest NS: 1000000
11-05 15:00:31.425     0     0 I init    : Received control message 'interface_start' for 'android.hardware.thermal@1.1::IThermal/default' from pid: 223 (/system/bin/hwservicemanager)
11-05 15:00:31.425     0     0 E init    : Could not find service hosting interface android.hardware.thermal@1.1::IThermal/default
11-05 15:00:31.425     0     0 I init    : processing action (nonencrypted) from (/init.rc:680)
11-05 15:00:31.431     0     0 I init    : starting service 'flash_recovery'...
11-05 15:00:31.434     0     0 I         : read descriptors
11-05 15:00:31.434     0     0 I         : read descriptors
11-05 15:00:31.434     0     0 I         : read strings
11-05 15:00:31.434     0     0 I         : mtp_bind_config
11-05 15:00:31.440   290   290 D vndksupport: Loading /vendor/lib/egl/libEGL_adreno.so from current namespace instead of sphal namespace.
11-05 15:00:31.452   290   290 D libEGL  : loaded /vendor/lib/egl/libEGL_adreno.so
11-05 15:00:31.453   290   290 D vndksupport: Loading /vendor/lib/egl/libGLESv1_CM_adreno.so from current namespace instead of sphal namespace.
11-05 15:00:31.456   290   290 D libEGL  : loaded /vendor/lib/egl/libGLESv1_CM_adreno.so
11-05 15:00:31.474     0     0 I init    : starting service 'logcat_debug'...
11-05 15:00:31.475   290   290 D vndksupport: Loading /vendor/lib/egl/libGLESv2_adreno.so from current namespace instead of sphal namespace.
11-05 15:00:31.512     0     0 D logd    : logdr: UID=0 GID=1000 PID=309 b tail=0 logMask=ff pid=0 start=0ns timeout=0ns
11-05 15:00:31.529     0     0 E init    : Could not start service 'qmuxd' as part of class 'main': File /vendor/bin/qmuxd(labeled "u:object_r:vendor_file:s0") has incorrect label or no domain transition from u:r:init:s0 to another SELinux domain defined. Have you configured your service correctly? https://source.android.com/security/selinux/device-policy#label_new_services_and_address_denials
11-05 15:00:31.530     0     0 E init    : Could not start service 'netmgrd' as part of class 'main': File /vendor/bin/netmgrd(labeled "u:object_r:vendor_file:s0") has incorrect label or no domain transition from u:r:init:s0 to another SELinux domain defined. Have you configured your service correctly? https://source.android.com/security/selinux/device-policy#label_new_services_and_address_denials
11-05 15:00:31.530     0     0 E init    : Could not start service 'irsc_util' as part of class 'main': File /vendor/bin/irsc_util(labeled "u:object_r:vendor_file:s0") has incorrect label or no domain transition from u:r:init:s0 to another SELinux domain defined. Have you configured your service correctly? https://source.android.com/security/selinux/device-policy#label_new_services_and_address_denials
11-05 15:00:31.530     0     0 E init    : Could not start service 'adsprpcd' as part of class 'main': File /vendor/bin/adsprpcd(labeled "u:object_r:vendor_file:s0") has incorrect label or no domain transition from u:r:init:s0 to another SELinux domain defined. Have you configured your service correctly? https://source.android.com/security/selinux/device-policy#label_new_services_and_address_denials
11-05 15:00:31.531     0     0 E init    : Could not start service 'wcnss-service' as part of class 'main': Cannot find '/vendor/bin/wcnss_service': No such file or directory
11-05 15:00:31.531     0     0 I init    : starting service 'ril-daemon1'...
11-05 15:00:31.541     0     0 I         : USB fast charging is OFF
11-05 15:00:31.541     0     0 I dwc3 f9200000.dwc3: Avail curr from USB = 2
11-05 15:00:31.541     0     0 I android_work: android_work: did not send uevent (0 0   (null))
11-05 15:00:31.549   290   290 D libEGL  : loaded /vendor/lib/egl/libGLESv2_adreno.so
11-05 15:00:31.605     0     0 I init    : starting service 'drm'...
--------- beginning of radio
11-05 15:00:31.612   311   311 D RILD    : **RIL Daemon Started**
11-05 15:00:31.612   311   311 D RILD    : **RILd param count=3**
11-05 15:00:31.644     0     0 I ueventd : firmware: loading 'a330_pm4.fw' for '/devices/fdb00000.qcom,kgsl-3d0/kgsl/kgsl-3d0/kgsl-3d0'
11-05 15:00:31.650     0     0 I ueventd : loading /devices/fdb00000.qcom,kgsl-3d0/kgsl/kgsl-3d0/kgsl-3d0 took 5ms
11-05 15:00:31.650     0     0 I ueventd : firmware: loading 'a330_pfp.fw' for '/devices/fdb00000.qcom,kgsl-3d0/kgsl/kgsl-3d0/kgsl-3d0'
11-05 15:00:31.632   288   288 I FastMixerState: sMaxFastTracks = 8
11-05 15:00:31.633   288   288 V MediaUtils: physMem: 3002048512
11-05 15:00:31.633   288   288 V MediaUtils: requested limit: 536870912
11-05 15:00:31.633   288   288 V MediaUtils: actual limit: 536870912
11-05 15:00:31.633   288   288 V MediaUtils: original limits: 4294967295/4294967295
11-05 15:00:31.633   288   288 V MediaUtils: new limits: 536870912/4294967295
11-05 15:00:31.635   288   288 I audioserver: ServiceManager: 0xb2a90100
11-05 15:00:31.636   288   288 W BatteryNotifier: batterystats service unavailable!
11-05 15:00:31.636   288   288 E cutils-trace: Error opening trace file: No such file or directory (2)
11-05 15:00:31.655     0     0 I ueventd : loading /devices/fdb00000.qcom,kgsl-3d0/kgsl/kgsl-3d0/kgsl-3d0 took 4ms
11-05 15:00:31.637   290   290 I Adreno-EGL: <qeglDrvAPI_eglInitialize:379>: EGL 1.4 QUALCOMM build: Nondeterministic_AU_msm8974_LA.BF.1.1.3_RB1__release_AU (I741a3d36ca)
11-05 15:00:31.637   290   290 I Adreno-EGL: OpenGL ES Shader Compiler Version: E031.29.00.00
11-05 15:00:31.637   290   290 I Adreno-EGL: Build Date: 04/04/16 Mon
11-05 15:00:31.637   290   290 I Adreno-EGL: Local Branch: mybranch19053788
11-05 15:00:31.637   290   290 I Adreno-EGL: Remote Branch: quic/LA.BF.1.1.3_rb1.12
11-05 15:00:31.637   290   290 I Adreno-EGL: Local Patches: NONE
11-05 15:00:31.637   290   290 I Adreno-EGL: Reconstruct Branch: NOTHING
11-05 15:00:31.638   223   223 W hwservicemanager: getTransport: Cannot find entry android.hardware.audio@4.0::IDevicesFactory/default in either framework or device manifest.
11-05 15:00:31.644   290   290 I ConfigStore: android::hardware::configstore::V1_0::ISurfaceFlingerConfigs::hasWideColorDisplay retrieved: 0
11-05 15:00:31.644   290   290 I ConfigStore: android::hardware::configstore::V1_0::ISurfaceFlingerConfigs::hasHDRDisplay retrieved: 0
11-05 15:00:31.647   223   223 W hwservicemanager: getTransport: Cannot find entry android.hardware.audio@2.0::IDevicesFactory/msd in either framework or device manifest.
11-05 15:00:31.649   288   288 D vndksupport: Loading /vendor/lib/hw/android.hardware.audio@2.0-impl.so from current namespace instead of sphal namespace.
11-05 15:00:31.653   223   223 W hwservicemanager: getTransport: Cannot find entry android.hardware.audio.effect@4.0::IEffectsFactory/default in either framework or device manifest.
11-05 15:00:31.653   290   290 I SurfaceFlinger: EGL information:
11-05 15:00:31.653   290   290 I SurfaceFlinger: vendor    : Android
11-05 15:00:31.653   290   290 I SurfaceFlinger: version   : 1.4 Android META-EGL
11-05 15:00:31.653   290   290 I SurfaceFlinger: extensions: EGL_KHR_get_all_proc_addresses EGL_ANDROID_presentation_time EGL_KHR_swap_buffers_with_damage EGL_ANDROID_get_native_client_buffer EGL_ANDROID_front_buffer_auto_refresh EGL_ANDROID_get_frame_timestamps EGL_EXT_surface_SMPTE2086_metadata EGL_EXT_surface_CTA861_3_metadata EGL_KHR_image EGL_KHR_image_base EGL_KHR_lock_surface EGL_KHR_gl_colorspace EGL_KHR_gl_texture_2D_image EGL_KHR_gl_texture_3D_image EGL_KHR_gl_texture_cubemap_image EGL_KHR_gl_renderbuffer_image EGL_KHR_fence_sync EGL_KHR_create_context EGL_EXT_create_context_robustness EGL_ANDROID_image_native_buffer EGL_KHR_wait_sync EGL_ANDROID_recordable EGL_KHR_partial_update EGL_IMG_context_priority 
11-05 15:00:31.653   290   290 I SurfaceFlinger: Client API: OpenGL_ES
11-05 15:00:31.653   290   290 I SurfaceFlinger: EGLSurface: 8-8-8-8, config=0x5
11-05 15:00:31.653   290   290 W Adreno-EGL: <qeglDrvAPI_eglGetConfigAttrib:607>: EGL_BAD_ATTRIBUTE
11-05 15:00:31.666     0     0 I         : USB fast charging is OFF
11-05 15:00:31.666     0     0 I dwc3 f9200000.dwc3: Avail curr from USB = 0
11-05 15:00:31.654   290   290 I SurfaceFlinger: OpenGL ES informations:
11-05 15:00:31.654   290   290 I SurfaceFlinger: vendor    : Qualcomm
11-05 15:00:31.654   290   290 I SurfaceFlinger: renderer  : Adreno (TM) 330
11-05 15:00:31.654   290   290 I SurfaceFlinger: version   : OpenGL ES 3.0 V@140.0 AU@ (GIT@I741a3d36ca)
11-05 15:00:31.654   290   290 I SurfaceFlinger: extensions: GL_AMD_compressed_ATC_texture GL_AMD_performance_monitor GL_AMD_program_binary_Z400 GL_EXT_debug_label GL_EXT_debug_marker GL_EXT_discard_framebuffer GL_EXT_robustness GL_EXT_texture_format_BGRA8888 GL_EXT_texture_type_2_10_10_10_REV GL_NV_fence GL_OES_compressed_ETC1_RGB8_texture GL_OES_depth_texture GL_OES_depth24 GL_OES_EGL_image GL_OES_EGL_sync GL_OES_EGL_image_external GL_OES_element_index_uint GL_OES_fbo_render_mipmap GL_OES_fragment_precision_high GL_OES_get_program_binary GL_OES_packed_depth_stencil GL_OES_depth_texture_cube_map GL_OES_rgb8_rgba8 GL_OES_standard_derivatives GL_OES_texture_3D GL_OES_texture_float GL_OES_texture_half_float GL_OES_texture_half_float_linear GL_OES_texture_npot GL_OES_vertex_half_float GL_OES_vertex_type_10_10_10_2 GL_OES_vertex_array_object GL_QCOM_alpha_test GL_QCOM_binning_control GL_QCOM_driver_control GL_QCOM_perfmon_global_mode GL_QCOM_extended_get GL_QCOM_extended_get2 GL_QCOM_tiled_rendering GL_QCOM_writeonly_rendering GL_EXT_sRGB GL_EXT_sRGB_write_con
11-05 15:00:31.654   290   290 I SurfaceFlinger: GL_MAX_TEXTURE_SIZE = 4096
11-05 15:00:31.654   290   290 I SurfaceFlinger: GL_MAX_VIEWPORT_DIMS = 4096
11-05 15:00:31.682     0     0 I init    : starting service 'incidentd'...
11-05 15:00:31.660   282   321 D vndksupport: Loading /vendor/lib/hw/android.hardware.graphics.mapper@2.0-impl.so from current namespace instead of sphal namespace.
11-05 15:00:31.661   288   288 I AudioFlinger: Using default 3000 mSec as standby time.
11-05 15:00:31.663   288   288 E APM::Serializer: deserialize: Could not parse /odm/etc/audio_policy_configuration.xml document.
11-05 15:00:31.695     0     0 I init    : starting service 'installd'...
11-05 15:00:31.720     0     0 I android_work: android_work: did not send uevent (0 0   (null))
11-05 15:00:31.725     0     0 I init    : starting service 'keystore'...
11-05 15:00:31.765     0     0 I init    : starting service 'mediadrm'...
11-05 15:00:31.785     0     0 I init    : starting service 'mediaextractor'...
11-05 15:00:31.789     0     0 I android_work: android_work: sent uevent USB_STATE=CONNECTED
11-05 15:00:31.793     0     0 I android_work: android_work: sent uevent USB_STATE=DISCONNECTED
11-05 15:00:31.794     0     0 I init    : starting service 'mediametrics'...
11-05 15:00:31.805     0     0 I init    : starting service 'media'...
11-05 15:00:31.814     0     0 I init    : starting service 'statsd'...
11-05 15:00:31.816     0     0 I init    : Created socket '/dev/socket/statsdw', mode 222, user 1066, group 1066
11-05 15:00:31.824     0     0 I init    : starting service 'storaged'...
11-05 15:00:31.825     0     0 E init    : Failed to open file '/d/mmc0/mmc0:0001/ext_csd': No such file or directory
11-05 15:00:31.835     0     0 I init    : starting service 'wificond'...
11-05 15:00:31.845     0     0 I init    : starting service 'vendor.media.omx'...
11-05 15:00:31.833   282   321 D vndksupport: Loading /vendor/lib/hw/gralloc.msm8974.so from current namespace instead of sphal namespace.
11-05 15:00:31.857     0     0 I init    : starting service 'ril-daemon'...
11-05 15:00:31.847   290   290 W Adreno-EGL: <qeglDrvAPI_eglGetConfigAttrib:607>: EGL_BAD_ATTRIBUTE
11-05 15:00:31.848   290   290 D vndksupport: Loading /vendor/lib/hw/gralloc.msm8974.so from current namespace instead of sphal namespace.
11-05 15:00:31.849   290   290 E HWComposer: getSupportedPerFrameMetadata: getSupportedPerFrameMetadata failed for display 0: Unsupported (8)
11-05 15:00:31.850   290   290 D vndksupport: Loading /vendor/lib/hw/android.hardware.graphics.mapper@2.0-impl.so from current namespace instead of sphal namespace.
11-05 15:00:31.852   290   290 D vndksupport: Loading /vendor/lib/hw/gralloc.msm8974.so from current namespace instead of sphal namespace.
11-05 15:00:31.884   328   328 I installd: installd firing up
11-05 15:00:31.904   297   301 I adbd    : functionfs successfully initialized
11-05 15:00:31.904   297   301 I adbd    : registering usb transport
11-05 15:00:31.904   297   347 E cutils-trace: Error opening trace file: No such file or directory (2)
11-05 15:00:31.927     0     0 I init    : Command 'class_start main' action=nonencrypted (/init.rc:681) took 501ms and succeeded
11-05 15:00:31.928     0     0 E init    : Could not start service 'sensors' as part of class 'late_start': File /vendor/bin/sensors.qcom(labeled "u:object_r:vendor_file:s0") has incorrect label or no domain transition from u:r:init:s0 to another SELinux domain defined. Have you configured your service correctly? https://source.android.com/security/selinux/device-policy#label_new_services_and_address_denials
11-05 15:00:31.928     0     0 E init    : Could not start service 'loc_launcher' as part of class 'late_start': File /vendor/bin/loc_launcher(labeled "u:object_r:vendor_file:s0") has incorrect label or no domain transition from u:r:init:s0 to another SELinux domain defined. Have you configured your service correctly? https://source.android.com/security/selinux/device-policy#label_new_services_and_address_denials
11-05 15:00:31.928     0     0 E init    : Could not start service 'qcamerasvr' as part of class 'late_start': File /vendor/bin/mm-qcamera-daemon(labeled "u:object_r:vendor_file:s0") has incorrect label or no domain transition from u:r:init:s0 to another SELinux domain defined. Have you configured your service correctly? https://source.android.com/security/selinux/device-policy#label_new_services_and_address_denials
11-05 15:00:31.929     0     0 I android_work: android_work: sent uevent USB_STATE=CONNECTED
11-05 15:00:31.929     0     0 E init    : Could not start service 'time_daemon' as part of class 'late_start': File /vendor/bin/time_daemon(labeled "u:object_r:vendor_file:s0") has incorrect label or no domain transition from u:r:init:s0 to another SELinux domain defined. Have you configured your service correctly? https://source.android.com/security/selinux/device-policy#label_new_services_and_address_denials
11-05 15:00:31.929     0     0 I init    : starting service 'gatekeeperd'...
11-05 15:00:31.930     0     0 W healthd : battery l=58 v=3787 t=32.7 h=2 st=3 c=985 fc=2513000 cc=0 chg=
11-05 15:00:31.931     0     0 I android_usb gadget: high-speed config #1: fe8050c8.android_usb
11-05 15:00:31.931     0     0 I         : USB fast charging is OFF
11-05 15:00:31.932     0     0 I dwc3 f9200000.dwc3: Avail curr from USB = 500
11-05 15:00:31.932     0     0 I CHG     : qpnp_chg_chgr_chg_fastchg_irq_handler: FAST_CHG IRQ triggered, fastchg_on: 1
11-05 15:00:31.932     0     0 I BMS     : battery_status_check: status = 1, shadow status = 2
11-05 15:00:31.932     0     0 I BMS     : battery_status_check: charging started
11-05 15:00:31.985     0     0 I android_work: android_work: sent uevent USB_STATE=CONFIGURED
11-05 15:00:32.009   271   316 D vndksupport: Loading /vendor/lib/hw/audio.primary.msm8974.so from current namespace instead of sphal namespace.
11-05 15:00:32.035     0     0 I init    : starting service 'perfprofd'...
11-05 15:00:32.023   271   316 D audio_hw_primary: adev_open: enter
11-05 15:00:32.024   271   316 I audio_hw_extn: audio_extn_set_snd_card_split: snd_card_name(msm8974-taiko-mtp-snd-card) device(msm8974) snd_card(taiko) form_factor(mtp)
11-05 15:00:32.034   271   316 I audio_hw_utils: audio_extn_utils_get_snd_card_num: found sound card msm8974-taiko-mtp-snd-card, primary sound card expected is (null)
11-05 15:00:32.035   271   316 I audio_hw_extn: audio_extn_set_snd_card_split: snd_card_name(msm8974-taiko-mtp-snd-card) device(msm8974) snd_card(taiko) form_factor(mtp)
11-05 15:00:32.035   271   316 I audio_hw_extn: audio_extn_set_snd_card_split: snd_card_name(msm8974-taiko-mtp-snd-card) device(msm8974) snd_card(taiko) form_factor(mtp)
11-05 15:00:32.035   271   316 E platform_info: device tag only supported for acdb/backend names
11-05 15:00:32.035   271   316 E platform_info: device tag only supported for acdb/backend names
11-05 15:00:32.035   271   316 D msm8974_platform: platform_init: Loading mixer file: /vendor/etc/mixer_paths.xml
11-05 15:00:32.043   331   331 I mediaserver: ServiceManager: 0xacd90120
11-05 15:00:32.085     0     0 I init    : starting service 'tombstoned'...
11-05 15:00:32.088   339   339 D RILD    : **RIL Daemon Started**
11-05 15:00:32.088   339   339 D RILD    : **RILd param count=1**
11-05 15:00:32.093   354   354 I /system/bin/tombstoned: tombstoned successfully initialized
11-05 15:00:32.125   337   337 I wificond: wificond is starting up...
11-05 15:00:32.126   337   337 E wificond: Received error message: Operation not supported on transport endpoint
11-05 15:00:32.126   337   337 E wificond: NL80211_CMD_GET_PROTOCOL_FEATURES failed
11-05 15:00:32.145   355   355 I recovery: Installing new recovery image: failed
11-05 15:00:32.185   335   335 W statsd  : statscompanion service unavailable!
11-05 15:00:32.185   335   335 I statsd  : using statsd socket
11-05 15:00:32.095     0     0 I init    : Created socket '/dev/socket/tombstoned_crash', mode 666, user 1000, group 1000
11-05 15:00:32.096     0     0 I init    : Created socket '/dev/socket/tombstoned_intercept', mode 666, user 1000, group 1000
11-05 15:00:32.096     0     0 I init    : Created socket '/dev/socket/tombstoned_java_trace', mode 666, user 1000, group 1000
11-05 15:00:32.135     0     0 I init    : starting service 'usbd'...
11-05 15:00:32.204     0     0 I init    : Command 'class_start late_start' action=nonencrypted (/init.rc:682) took 276ms and succeeded
11-05 15:00:32.205     0     0 I init    : Received control message 'interface_start' for 'android.hardware.audio@4.0::IDevicesFactory/default' from pid: 223 (/system/bin/hwservicemanager)
11-05 15:00:32.205     0     0 I init    : processing action (init.svc.adbd=stopped) from (/init.usb.configfs.rc:14)
11-05 15:00:32.206     0     0 I init    : Service 'flash_recovery' (pid 300) exited with status 0
11-05 15:00:32.213     0     0 I init    : Received control message 'interface_start' for 'android.hardware.audio.effect@4.0::IEffectsFactory/default' from pid: 223 (/system/bin/hwservicemanager)
11-05 15:00:32.214     0     0 E init    : Could not find service hosting interface android.hardware.audio.effect@4.0::IEffectsFactory/default
11-05 15:00:32.214     0     0 I init    : Received control message 'interface_start' for 'android.hardware.audio@2.0::IDevicesFactory/msd' from pid: 223 (/system/bin/hwservicemanager)
11-05 15:00:32.214     0     0 E init    : Could not find service hosting interface android.hardware.audio@2.0::IDevicesFactory/msd
11-05 15:00:32.215   357   357 E cutils-trace: Error opening trace file: No such file or directory (2)
11-05 15:00:32.240     0     0 E         : msm_pcm_volume_ctl_get substream runtime not found
11-05 15:00:32.219   345   345 I gatekeeperd: Starting gatekeeperd...
11-05 15:00:32.222   271   316 E audio_route: Control 'SLIMBUS_0_RX Port Mixer INT_BT_SCO_TX' doesn't exist - skipping
11-05 15:00:32.222   271   316 E audio_route: Control 'INTERNAL_BT_SCO_RX Audio Mixer Multimedia6' doesn't exist - skipping
11-05 15:00:32.223   271   316 E audio_route: Control 'MultiMedia4 Mixer MI2S_TX' doesn't exist - skipping
11-05 15:00:32.223   271   316 E audio_route: Control 'SECMI2S_DL_HL Switch' doesn't exist - skipping
11-05 15:00:32.225   271   316 E audio_route: unknown enum value string None for ctl VOC_EXT_EC MUX
11-05 15:00:32.225   271   316 E audio_route: Control 'RX4 DSM MUX' doesn't exist - skipping
11-05 15:00:32.225   271   316 E audio_route: Control 'RX6 DSM MUX' doesn't exist - skipping
11-05 15:00:32.226   290   290 D SurfaceFlinger: shader cache generated - 24 shaders in 345.677673 ms
11-05 15:00:32.230   271   316 E audio_route: Control 'SECMI2S_DL_HL Switch' doesn't exist - skipping
11-05 15:00:32.237   271   316 E audio_route: Control 'RX4 DSM MUX' doesn't exist - skipping
11-05 15:00:32.237   271   316 E audio_route: Control 'RX6 DSM MUX' doesn't exist - skipping
11-05 15:00:32.245     0     0 I chatty  : uid=0(root) logd identical 3 lines
11-05 15:00:32.246     0     0 E         : msm_pcm_volume_ctl_get substream runtime not found
11-05 15:00:32.259     0     0 I init    : Received control message 'start' for 'bootanim' from pid: 290 (/system/bin/surfaceflinger)
11-05 15:00:32.259     0     0 I init    : starting service 'bootanim'...
11-05 15:00:32.243   223   223 W hwservicemanager: getTransport: Cannot find entry android.hardware.usb.gadget@1.0::IUsbGadget/default in either framework or device manifest.
11-05 15:00:32.245   345   345 E cutils-trace: Error opening trace file: No such file or directory (2)
11-05 15:00:32.247   223   223 W hwservicemanager: getTransport: Cannot find entry android.hardware.gatekeeper@1.0::IGatekeeper/default in either framework or device manifest.
11-05 15:00:32.249   290   290 D SurfaceFlinger: Set power mode=2, type=0 flinger=0xb3db2000
11-05 15:00:32.249   282   282 D qdhwcomposer: hwc_blank: Unblanking display: 0
11-05 15:00:32.249   282   282 D qdhwcomposer: hwc_blank: Done unblanking display: 0
11-05 15:00:32.249   290   290 D SurfaceFlinger: Finished set power mode=2, type=0
11-05 15:00:32.251   345   345 W gatekeeperd: falling back to software GateKeeper
11-05 15:00:32.253   357   357 I usbd    : Usb HAL not found
11-05 15:00:32.269   329   329 E cutils-trace: Error opening trace file: No such file or directory (2)
11-05 15:00:32.279   223   223 W hwservicemanager: getTransport: Cannot find entry android.hardware.keymaster@4.0::IKeymasterDevice/default in either framework or device manifest.
11-05 15:00:32.283   329   329 D vndksupport: Loading /vendor/lib/hw/android.hardware.keymaster@3.0-impl.so from current namespace instead of sphal namespace.
11-05 15:00:32.305     0     0 I init    : Received control message 'interface_start' for 'android.hardware.usb.gadget@1.0::IUsbGadget/default' from pid: 223 (/system/bin/hwservicemanager)
11-05 15:00:32.305     0     0 E init    : Could not find service hosting interface android.hardware.usb.gadget@1.0::IUsbGadget/default
11-05 15:00:32.305     0     0 I init    : Service 'usbd' (pid 357) exited with status 0
11-05 15:00:32.307     0     0 I init    : Received control message 'interface_start' for 'android.hardware.gatekeeper@1.0::IGatekeeper/default' from pid: 223 (/system/bin/hwservicemanager)
11-05 15:00:32.307     0     0 E init    : Could not find service hosting interface android.hardware.gatekeeper@1.0::IGatekeeper/default
11-05 15:00:32.311     0     0 I init    : Received control message 'interface_start' for 'android.hardware.keymaster@4.0::IKeymasterDevice/default' from pid: 223 (/system/bin/hwservicemanager)
11-05 15:00:32.311     0     0 E init    : Could not find service hosting interface android.hardware.keymaster@4.0::IKeymasterDevice/default
11-05 15:00:32.291   329   329 I android.hardware.keymaster@3.0-impl: Fetching keymaster device name default
11-05 15:00:32.292   329   329 I android.hardware.keymaster@3.0-impl: Could not find any keystore module, using software-only implementation.
11-05 15:00:32.293   329   329 I keystore: found android.hardware.keymaster@3.0::IKeymasterDevice with interface name default and seclevel SOFTWARE
11-05 15:00:32.293   329   329 W keystore: No secure Keymaster implementation found, but device offers insecure Keymaster HAL. Using as default.
11-05 15:00:32.317   271   316 D msm8974_platform: platform_init: Opened sound card:0
11-05 15:00:32.330   271   316 E msm8974_platform: platform_init: Could not find the symbol acdb_send_audio_cal_v3 from libacdbloader.so
11-05 15:00:32.330   271   316 E msm8974_platform: platform_init: Could not find the symbol acdb_get_default_app_type from libacdbloader.so
11-05 15:00:32.330   271   316 E msm8974_platform: platform_init: Could not find the symbol acdb_set_audio_cal_v2 from libacdbloader.so
11-05 15:00:32.331   271   316 E audio_hw_acdb: acdb_init: dlsym error undefined symbol: acdb_loader_init_v3 for acdb_loader_init_v3
11-05 15:00:32.331   271   316 E audio_hw_acdb: acdb_init: dlsym error undefined symbol: acdb_loader_init_v2 for acdb_loader_init_v2
11-05 15:00:32.332   271   316 E audio_hw_acdb: acdb_init: Could not get ctl for mixer cmd - CVD Version
11-05 15:00:32.332   271   316 D msm8974_platform: ACDB initialization failed
11-05 15:00:32.332   271   316 D hardware_cal: hw_util_open: Opening device /dev/snd/hwC0D1000
11-05 15:00:32.332   271   316 D hardware_cal: hw_util_open: success
11-05 15:00:32.332   271   316 D ACDB-LOADER: ACDB -> ACDB_CMD_GET_ANC_SETTING
11-05 15:00:32.332   271   316 D         : Failed to fetch the lookup information of the device 0000001A 
11-05 15:00:32.332   271   316 E ACDB-LOADER: Error: ACDB ANC returned = -1
11-05 15:00:32.332   271   316 D ACDB-LOADER: ACDB -> ACDB_CMD_GET_ANC_SETTING
11-05 15:00:32.332   271   316 D         : Failed to fetch the lookup information of the device 0000001B 
11-05 15:00:32.332   271   316 E ACDB-LOADER: Error: ACDB ANC returned = -1
11-05 15:00:32.332   271   316 D ACDB-LOADER: ACDB -> ACDB_CMD_GET_ANC_SETTING
11-05 15:00:32.332   271   316 D         : Failed to fetch the lookup information of the device 0000001C 
11-05 15:00:32.332   271   316 E ACDB-LOADER: Error: ACDB ANC returned = -1
11-05 15:00:32.332   271   316 D ACDB-LOADER: ACDB -> ACDB_CMD_GET_ANC_SETTING
11-05 15:00:32.332   271   316 D         : Failed to fetch the lookup information of the device 0000001D 
11-05 15:00:32.332   271   316 E ACDB-LOADER: Error: ACDB ANC returned = -1
11-05 15:00:32.332   271   316 D ACDB-LOADER: ACDB -> ACDB_CMD_GET_ANC_SETTING
11-05 15:00:32.332   271   316 D         : Failed to fetch the lookup information of the device 0000001E 
11-05 15:00:32.332   271   316 E ACDB-LOADER: Error: ACDB ANC returned = -1
11-05 15:00:32.332   271   316 D ACDB-LOADER: ACDB -> ACDB_CMD_GET_ANC_SETTING
11-05 15:00:32.332   271   316 D         : Failed to fetch the lookup information of the device 0000001F 
11-05 15:00:32.332   271   316 E ACDB-LOADER: Error: ACDB ANC returned = -1
11-05 15:00:32.332   271   316 D ACDB-LOADER: ACDB -> ACDB_CMD_GET_ANC_SETTING
11-05 15:00:32.332   271   316 D         : Failed to fetch the lookup information of the device 00000067 
11-05 15:00:32.332   271   316 E ACDB-LOADER: Error: ACDB ANC returned = -1
11-05 15:00:32.332   271   316 D hardware_cal: send_codec_cal cal sent for anc_cal
11-05 15:00:32.332   271   316 E ACDB-LOADER: ACDB -> send_codec_cal
11-05 15:00:32.332   271   316 D ACDB-LOADER: ACDB -> ACDB_CMD_GET_CODEC_CAL_DATA
11-05 15:00:32.332   271   316 D         : Failed to fetch the lookup information of the device 00000064 
11-05 15:00:32.332   271   316 E ACDB-LOADER: Error: ACDB CODEC CAL returned = -1
11-05 15:00:32.332   271   316 E hardware_cal: Failed to call ioctl  for mad_cal err=14
11-05 15:00:32.359     0     0 E wcdcal_hwdep_ioctl_shared: incorrect firmware size -1329580889 for mad
11-05 15:00:32.359     0     0 E wcdcal_hwdep_ioctl_shared: incorrect firmware size 0 for mbhc
11-05 15:00:32.332   271   316 D hardware_cal: send_codec_cal cal sent for mad_cal
11-05 15:00:32.332   271   316 D ACDB-LOADER: send mbhc data
11-05 15:00:32.332   271   316 D ACDB-LOADER: ACDB -> MBHC ACDB_PID_GENERAL_CONFIG
11-05 15:00:32.332   271   316 D         : Failed to fetch the lookup information of the globaldata table
11-05 15:00:32.332   271   316 E ACDB-LOADER: Error reading MBHC general config returned = ffffffff
11-05 15:00:32.333   271   316 E hardware_cal: Failed to call ioctl  for mbhc_cal err=14
11-05 15:00:32.333   271   316 D hardware_cal: send_codec_cal cal sent for mbhc_cal
11-05 15:00:32.333   271   316 E msm8974_platform: init_be_dai_name_table: Could not get ctl for mixer name Backend DAI Name Table
11-05 15:00:32.333   271   316 E ext_speaker: open_speaker_bundle: DLOPEN failed for /vendor/lib/soundfx/libspeakerbundle.so
11-05 15:00:32.336   271   316 W audio_hw_primary: adev_open: DLOPEN failed for libadm.so
11-05 15:00:32.336   271   316 D audio_hw_primary: adev_open: exit
11-05 15:00:32.337   271   271 W DeviceHAL: Error from HAL Device in function get_master_volume: Function not implemented
11-05 15:00:32.337   271   271 W DeviceHAL: Error from HAL Device in function get_master_mute: Function not implemented
11-05 15:00:32.337   271   271 W DeviceHAL: Error from HAL Device in function set_master_volume: Function not implemented
11-05 15:00:32.337   271   271 W DeviceHAL: Error from HAL Device in function set_master_mute: Function not implemented
11-05 15:00:32.337   288   288 I AudioFlinger: loadHwModule() Loaded primary audio interface, handle 10
11-05 15:00:32.337   288   288 I AudioFlinger: openOutput() this 0xb2abc000, module 10 Device 0x2, SamplingRate 48000, Format 0x000001, Channels 0x3, flags 0x2
11-05 15:00:32.339   288   288 I AudioFlinger: HAL output buffer size 192 frames, normal sink buffer size 960 frames
11-05 15:00:32.383     0     0 I init    : Received control message 'interface_start' for 'android.hardware.audio.effect@4.0::IEffectsFactory/default' from pid: 223 (/system/bin/hwservicemanager)
11-05 15:00:32.383     0     0 E init    : Could not find service hosting interface android.hardware.audio.effect@4.0::IEffectsFactory/default
11-05 15:00:32.340   223   223 W hwservicemanager: getTransport: Cannot find entry android.hardware.audio.effect@4.0::IEffectsFactory/default in either framework or device manifest.
11-05 15:00:32.360   288   288 I BufferProvider: found effect "Multichannel Downmix To Stereo" from The Android Open Source Project
11-05 15:00:32.361   288   288 I AudioFlinger: Using module 10 as the primary audio interface
11-05 15:00:32.362   288   288 W AudioFlinger: moveEffects() bad srcOutput 0
11-05 15:00:32.368   288   377 I AudioFlinger: AudioFlinger's thread 0xb2103200 tid=377 ready to run
11-05 15:00:32.368   288   377 W AudioFlinger: no wake lock to update, system not ready yet
11-05 15:00:32.368   271   271 D audio_hw_primary: out_set_parameters: enter: usecase(1: low-latency-playback) kvpairs: routing=2
11-05 15:00:32.369   288   288 I AudioFlinger: openOutput() this 0xb2abc000, module 10 Device 0x2, SamplingRate 48000, Format 0x000001, Channels 0x3, flags 0x8
11-05 15:00:32.370   235   235 I sysui_histogram: [boot_zygote_init,5992]
11-05 15:00:32.370   288   288 I AudioFlinger: HAL output buffer size 1920 frames, normal sink buffer size 1920 frames
11-05 15:00:32.371   288   378 I AudioFlinger: AudioFlinger's thread 0xb1e03940 tid=378 ready to run
11-05 15:00:32.371   288   378 W AudioFlinger: no wake lock to update, system not ready yet
11-05 15:00:32.371   288   378 W AudioFlinger: no wake lock to update, system not ready yet
11-05 15:00:32.372   338   338 I media.codec: mediacodecservice starting
11-05 15:00:32.373   271   316 D audio_hw_primary: out_set_parameters: enter: usecase(0: deep-buffer-playback) kvpairs: routing=2
11-05 15:00:32.373   288   288 I AudioFlinger: openOutput() this 0xb2abc000, module 10 Device 0x10000, SamplingRate 48000, Format 0x000001, Channels 0x3, flags 0
11-05 15:00:32.375   288   288 I AudioFlinger: HAL output buffer size 768 frames, normal sink buffer size 1152 frames
11-05 15:00:32.376   235   235 I sysui_multi_action: [757,804,799,boot_zygote_init,801,5992,802,1]
11-05 15:00:32.379   288   380 I AudioFlinger: AudioFlinger's thread 0xb1c832c0 tid=380 ready to run
11-05 15:00:32.379   288   380 W AudioFlinger: no wake lock to update, system not ready yet
11-05 15:00:32.379   271   271 D audio_hw_primary: out_set_parameters: enter: usecase(25: afe-proxy-playback) kvpairs: routing=65536
11-05 15:00:32.381   338   338 W media.codec: libminijail[338]: failed to get path of fd 4: No such file or directory
11-05 15:00:32.381   338   338 W media.codec: libminijail[338]: allowing syscall: clock_gettime
11-05 15:00:32.381   338   338 W media.codec: libminijail[338]: allowing syscall: connect
11-05 15:00:32.381   338   338 W media.codec: libminijail[338]: allowing syscall: fcntl64
11-05 15:00:32.381   338   338 W media.codec: libminijail[338]: allowing syscall: socket
11-05 15:00:32.381   338   338 W media.codec: libminijail[338]: allowing syscall: writev
11-05 15:00:32.384   235   235 I boot_progress_preload_start: 6007
11-05 15:00:32.384   235   235 D Zygote  : begin preload
11-05 15:00:32.384   235   235 I Zygote  : Installing ICU cache reference pinning...
11-05 15:00:32.384   235   235 I Zygote  : Preloading ICU data...
11-05 15:00:32.385   338   338 W media.codec: libminijail[338]: logging seccomp filter failures
11-05 15:00:32.392   338   338 E MediaCodecsXmlParser: addMediaCodecFromAttributes: updating non-existing codec
11-05 15:00:32.392   338   338 W MediaCodecsXmlParser: parseTopLevelXMLFile(/vendor/etc/media_codecs_performance.xml) failed
11-05 15:00:32.392   338   338 W MediaCodecsXmlParser: unable to open media codecs configuration xml file: /data/misc/media/media_codecs_profiling_results.xml
11-05 15:00:32.392   338   338 W MediaCodecsXmlParser: parseTopLevelXMLFile(/data/misc/media/media_codecs_profiling_results.xml) failed
11-05 15:00:32.392   338   338 E MediaCodecsXmlParser: Cannot find the role for a decoder of type video/divx
11-05 15:00:32.392   338   338 E MediaCodecsXmlParser: Cannot find the role for a decoder of type video/divx311
11-05 15:00:32.392   338   338 E MediaCodecsXmlParser: Cannot find the role for a decoder of type video/divx4
11-05 15:00:32.392   338   338 E MediaCodecsXmlParser: Cannot find the role for a decoder of type video/x-ms-wmv
11-05 15:00:32.394   338   338 I ServiceManagement: Removing namespace from process name android.hardware.media.omx@1.0-service to omx@1.0-service.
11-05 15:00:32.428     0     0 W healthd : battery l=58 v=3852 t=32.5 h=2 st=2 c=483 fc=2513000 cc=0 chg=u
11-05 15:00:32.407   288   381 I AudioFlinger: AudioFlinger's thread 0xb1983880 tid=381 ready to run
11-05 15:00:32.408   338   338 E cutils-trace: Error opening trace file: No such file or directory (2)
11-05 15:00:32.410   338   338 W OMXMaster: couldn't determine process name
11-05 15:00:32.410   338   338 D vndksupport: Loading libstagefrighthw.so from current namespace instead of sphal namespace.
11-05 15:00:32.425   235   235 D Zygote32Timing: BeginIcuCachePinning took to complete: 40ms
11-05 15:00:32.425   235   235 I Zygote  : Preloading classes...
11-05 15:00:32.427   288   385 I AudioFlinger: AudioFlinger's thread 0xb1803080 tid=385 ready to run
11-05 15:00:32.436   338   338 E MediaCodecsXmlParser: addMediaCodecFromAttributes: updating non-existing codec
11-05 15:00:32.436   338   338 W MediaCodecsXmlParser: parseTopLevelXMLFile(/vendor/etc/media_codecs_performance.xml) failed
11-05 15:00:32.436   338   338 W MediaCodecsXmlParser: unable to open media codecs configuration xml file: /data/misc/media/media_codecs_profiling_results.xml
11-05 15:00:32.436   338   338 W MediaCodecsXmlParser: parseTopLevelXMLFile(/data/misc/media/media_codecs_profiling_results.xml) failed
11-05 15:00:32.436   338   338 I ServiceManagement: Removing namespace from process name android.hardware.media.omx@1.0-service to omx@1.0-service.
11-05 15:00:32.445   338   338 I media.codec: IOmx HAL service created.
11-05 15:00:32.446   288   288 I bt_a2dp_hw: adev_open:  adev_open in A2dp_hw module
11-05 15:00:32.446   288   288 I AudioFlinger: loadHwModule() Loaded a2dp audio interface, handle 18
11-05 15:00:32.447   271   374 D vndksupport: Loading /vendor/lib/hw/audio.usb.default.so from current namespace instead of sphal namespace.
11-05 15:00:32.449   288   288 I AudioFlinger: loadHwModule() Loaded usb audio interface, handle 26
11-05 15:00:32.450   271   271 D vndksupport: Loading /vendor/lib/hw/audio.r_submix.default.so from current namespace instead of sphal namespace.
11-05 15:00:32.455   271   271 I r_submix: adev_open(name=audio_hw_if)
11-05 15:00:32.456   271   316 I r_submix: adev_init_check()
11-05 15:00:32.456   271   271 W DeviceHAL: Error from HAL Device in function set_master_mute: Function not implemented
11-05 15:00:32.456   288   288 I AudioFlinger: loadHwModule() Loaded r_submix audio interface, handle 34
11-05 15:00:32.456   271   374 D r_submix: adev_open_input_stream(addr=0)
11-05 15:00:32.456   271   374 D r_submix: submix_audio_device_create_pipe_l(addr=0, idx=9)
11-05 15:00:32.456   271   374 D r_submix:   now using address 0 for route 9
11-05 15:00:32.457   288   387 I AudioFlinger: AudioFlinger's thread 0xb1803900 tid=387 ready to run
11-05 15:00:32.458   271   271 D r_submix: adev_close_input_stream()
11-05 15:00:32.458   271   271 D r_submix: submix_audio_device_release_pipe_l(idx=9) addr=0
11-05 15:00:32.458   271   271 D r_submix: submix_audio_device_destroy_pipe_l(): pipe destroyed
11-05 15:00:32.459   288   288 I         : Waiting for activity service
11-05 15:00:32.464   235   235 I PackageBackwardCompatibility: Loaded android.content.pm.OrgApacheHttpLegacyUpdater
11-05 15:00:32.464   235   235 I PackageBackwardCompatibility: Could not find android.content.pm.AndroidTestBaseUpdater, ignoring
11-05 15:00:32.488   333   333 I mediametrics: ServiceManager: 0xa6890100
11-05 15:00:32.488   333   333 D MediaAnalyticsService: MediaAnalyticsService created
11-05 15:00:32.580   293   293 I auditd  : type=1400 audit(0.0:98): avc: denied { read } for comm="hwcUeventThread" scontext=u:r:hal_graphics_composer_default:s0 tcontext=u:r:hal_graphics_composer_default:s0 tclass=netlink_kobject_uevent_socket permissive=1
11-05 15:00:32.580   293   293 I hwcUeventThread: type=1400 audit(0.0:98): avc: denied { read } for scontext=u:r:hal_graphics_composer_default:s0 tcontext=u:r:hal_graphics_composer_default:s0 tclass=netlink_kobject_uevent_socket permissive=1
11-05 15:00:32.606   332   332 V MediaUtils: physMem: 3002048512
11-05 15:00:32.607   332   332 V MediaUtils: requested limit: 600409700
11-05 15:00:32.607   332   332 V MediaUtils: actual limit: 600409700
11-05 15:00:32.607   332   332 V MediaUtils: original limits: 4294967295/4294967295
11-05 15:00:32.607   332   332 V MediaUtils: new limits: 600409700/4294967295
11-05 15:00:32.607   332   332 D vndksupport: Loading libutils.so from current namespace instead of sphal namespace.
11-05 15:00:32.619   332   332 W /system/bin/mediaextractor: libminijail[332]: failed to get path of fd 4: No such file or directory
11-05 15:00:32.619   332   332 W /system/bin/mediaextractor: libminijail[332]: allowing syscall: clock_gettime
11-05 15:00:32.619   332   332 W /system/bin/mediaextractor: libminijail[332]: allowing syscall: connect
11-05 15:00:32.619   332   332 W /system/bin/mediaextractor: libminijail[332]: allowing syscall: fcntl64
11-05 15:00:32.620   332   332 W /system/bin/mediaextractor: libminijail[332]: allowing syscall: socket
11-05 15:00:32.621   332   332 W /system/bin/mediaextractor: libminijail[332]: allowing syscall: writev
11-05 15:00:32.622   332   332 W /system/bin/mediaextractor: libminijail[332]: logging seccomp filter failures
11-05 15:00:32.681   311   311 D RILD    : RIL_Init argc = 5 clientId = 2
11-05 15:00:32.670   391   391 I auditd  : type=1400 audit(0.0:99): avc: denied { read } for comm="storaged" name="stat" dev="sysfs" ino=18369 scontext=u:r:storaged:s0 tcontext=u:object_r:sysfs:s0 tclass=file permissive=1
11-05 15:00:32.670   391   391 I storaged: type=1400 audit(0.0:99): avc: denied { read } for name="stat" dev="sysfs" ino=18369 scontext=u:r:storaged:s0 tcontext=u:object_r:sysfs:s0 tclass=file permissive=1
11-05 15:00:32.684   336   391 I storaged: storaged: Start
11-05 15:00:32.670   391   391 I auditd  : type=1400 audit(0.0:100): avc: denied { open } for comm="storaged" name="stat" dev="sysfs" ino=18369 scontext=u:r:storaged:s0 tcontext=u:object_r:sysfs:s0 tclass=file permissive=1
11-05 15:00:32.670   391   391 I storaged: type=1400 audit(0.0:100): avc: denied { open } for name="stat" dev="sysfs" ino=18369 scontext=u:r:storaged:s0 tcontext=u:object_r:sysfs:s0 tclass=file permissive=1
11-05 15:00:32.687   311   311 E RILQ    : log to /data/misc/radio/ril_log for QCRIL logging is not enabled
11-05 15:00:32.680   311   311 I auditd  : type=1400 audit(0.0:102): avc: denied { read write } for comm="rild" name="diag" dev="tmpfs" ino=1185 scontext=u:r:rild:s0 tcontext=u:object_r:device:s0 tclass=chr_file permissive=1
11-05 15:00:32.680   311   311 I rild    : type=1400 audit(0.0:102): avc: denied { read write } for name="diag" dev="tmpfs" ino=1185 scontext=u:r:rild:s0 tcontext=u:object_r:device:s0 tclass=chr_file permissive=1
11-05 15:00:32.715     0     0 W audit_log_lost: 34 callbacks suppressed
11-05 15:00:32.715     0     0 W audit   : audit_lost=74 audit_rate_limit=5 audit_backlog_limit=64
11-05 15:00:32.715     0     0 E audit   : rate limit exceeded
11-05 15:00:32.703   339   339 D RILD    : RIL_Init argc = 5 clientId = 0
11-05 15:00:32.703   339   339 E RILQ    : log to /data/misc/radio/ril_log for QCRIL logging is not enabled
11-05 15:00:32.703   339   339 E Diag_Lib:  Diag_LSM_Init: Failed to open handle to diag driver, error = 13
11-05 15:00:32.703   339   339 E RILQ    : Fail to initialize Diag for QCRIL logging
11-05 15:00:32.706   311   311 I libmdmdetect: ESOC framework not supported
11-05 15:00:32.706   311   311 E libmdmdetect: Found internal modem: modem
11-05 15:00:32.709   311   311 E PerMgrLib: Peripheral manager is not supported on this device
11-05 15:00:32.709   311   311 E RILQ    : (0/311): RIL[0][rild] qmi_ril_peripheral_mng_init: Failed to register for modem
11-05 15:00:32.713   311   311 E RILQ    : (1/311): RIL[1][rild] qcril_db_query_properties_table: Could not query 1 no such table: qcril_properties_table
11-05 15:00:32.717   334   334 I mediaserver: ServiceManager: 0xa71101c0
11-05 15:00:32.718   334   334 W BatteryNotifier: batterystats service unavailable!
11-05 15:00:32.719   334   334 I CameraService: CameraService started (pid=334)
11-05 15:00:32.719   334   334 I CameraService: CameraService process starting
11-05 15:00:32.719   334   334 W BatteryNotifier: batterystats service unavailable!
11-05 15:00:32.719   334   334 W BatteryNotifier: batterystats service unavailable!
11-05 15:00:32.719   334   334 E cutils-trace: Error opening trace file: No such file or directory (2)
11-05 15:00:32.720   223   223 E SELinux : avc:  denied  { find } for interface=android.hardware.camera.provider::ICameraProvider pid=334 scontext=u:r:mediaserver:s0 tcontext=u:object_r:hal_camera_hwservice:s0 tclass=hwservice_manager permissive=1
11-05 15:00:32.720   223   223 I auditd  : avc:  denied  { find } for interface=android.hardware.camera.provider::ICameraProvider pid=334 scontext=u:r:mediaserver:s0 tcontext=u:object_r:hal_camera_hwservice:s0 tclass=hwservice_manager permissive=1
11-05 15:00:32.722   334   334 D vndksupport: Loading /vendor/lib/hw/android.hardware.camera.provider@2.4-impl.so from current namespace instead of sphal namespace.
11-05 15:00:32.722   282   366 D qdutils : DEBUG_CALC_FPS: 0
11-05 15:00:32.723   282   366 D qdutils : period: 10
11-05 15:00:32.723   282   366 D qdutils : ignorethresh_us: 500000
11-05 15:00:32.725   339   339 I libmdmdetect: ESOC framework not supported
11-05 15:00:32.725   339   339 E libmdmdetect: Found internal modem: modem
11-05 15:00:32.725   339   339 E PerMgrLib: Peripheral manager is not supported on this device
11-05 15:00:32.761   334   334 D vndksupport: Loading /vendor/lib/hw/camera.msm8974.so from current namespace instead of sphal namespace.
11-05 15:00:32.763   334   334 D vndksupport: Loading /vendor/lib/hw/camera.vendor.msm8974.so from current namespace instead of sphal namespace.
11-05 15:00:32.808     0     0 W healthd : battery l=58 v=3839 t=32.6 h=2 st=2 c=512 fc=2513000 cc=0 chg=u
11-05 15:00:32.874   364   403 E cutils-trace: Error opening trace file: No such file or directory (2)
11-05 15:00:32.875   364   403 D vndksupport: Loading /vendor/lib/egl/libEGL_adreno.so from current namespace instead of sphal namespace.
11-05 15:00:32.876   364   403 D libEGL  : loaded /vendor/lib/egl/libEGL_adreno.so
11-05 15:00:32.878   364   403 D vndksupport: Loading /vendor/lib/egl/libGLESv1_CM_adreno.so from current namespace instead of sphal namespace.
11-05 15:00:32.878   364   403 D libEGL  : loaded /vendor/lib/egl/libGLESv1_CM_adreno.so
11-05 15:00:32.895   339   339 D RILD    : RIL_Init rilInit completed
11-05 15:00:32.895   339   339 I RILC    : SIM_COUNT: 1
11-05 15:00:32.895   339   339 E RILC    : RIL_register: RIL version 11
11-05 15:00:32.895   339   339 I RILC    : s_registerCalled flag set, 1
11-05 15:00:32.895   339   339 D RILC    : registerService: starting android::hardware::radio::V1_1::IRadio slot1
11-05 15:00:32.895   339   339 E cutils-trace: Error opening trace file: No such file or directory (2)
11-05 15:00:32.898   339   339 I RILC    : RILHIDL called registerService
11-05 15:00:32.898   339   339 D RILD    : RIL_Init RIL_register completed
11-05 15:00:32.898   339   339 D RILD    : RIL_register_socket started
11-05 15:00:32.898   339   339 D RIL_UIM_SOCKET: Adding socket with id: 0
11-05 15:00:32.898   339   339 I RILC    : RIL_register_socket: calling registerService
