11-05 15:00:50.947   449   502 W qti_sensors_hal: sensors_get_sensors_list: handle 13 is not registered!
11-05 15:00:50.947   449   502 W qti_sensors_hal: sensors_get_sensors_list: handle 14 is not registered!
11-05 15:00:50.947   449   502 W qti_sensors_hal: sensors_get_sensors_list: handle 56 is not registered!
11-05 15:00:50.948   449   502 I SensorService: Generated new HMAC key.
11-05 15:00:50.949   449   502 D SystemServerTimingAsync: StartSensorService took to complete: 15067ms
11-05 15:00:50.949   449   502 D SystemServerInitThreadPool: Finished executing StartSensorService
11-05 15:00:51.039   449   449 I SettingsState: No settings state /data/system/users/0/settings_system.xml
11-05 15:00:51.051   449   449 I commit_sys_config_file: [settings-1-0,5]
11-05 15:00:51.052   449   449 I SettingsState: No settings state /data/system/users/0/settings_secure.xml
11-05 15:00:51.060   449   449 D SettingsProvider: Generated and saved new ANDROID_ID [321a359ee00d5b3d] for user 0
11-05 15:00:51.064   449   449 I commit_sys_config_file: [settings-2-0,5]
11-05 15:00:51.065   449   449 I SettingsState: No settings state /data/system/users/0/settings_global.xml
11-05 15:00:51.084   449   449 I commit_sys_config_file: [settings-0-0,6]
11-05 15:00:51.100   449   449 D SettingsProvider: Setting [] as Autofill Service for user 0
11-05 15:00:51.110   449   449 I commit_sys_config_file: [settings-0-0,7]
11-05 15:00:51.117   449   449 I commit_sys_config_file: [settings-2-0,5]
11-05 15:00:51.124   449   449 I commit_sys_config_file: [settings-1-0,4]
11-05 15:00:51.132   449   449 I SettingsState: No settings state /data/system/users/0/settings_ssaid.xml
11-05 15:00:51.139   449   449 D SystemServerTiming: InstallSystemProviders took to complete: 14483ms
11-05 15:00:51.139   449   449 I SystemServer: StartDropBoxManager
11-05 15:00:51.139   449   449 I SystemServiceManager: Starting com.android.server.DropBoxManagerService
11-05 15:00:51.140   449   449 D SystemServerTiming: StartDropBoxManager took to complete: 0ms
11-05 15:00:51.140   449   449 I SystemServer: StartVibratorService
11-05 15:00:51.141   449   449 D vndksupport: Loading /vendor/lib/hw/android.hardware.vibrator@1.0-impl.so from current namespace instead of sphal namespace.
11-05 15:00:51.146   449   449 D vndksupport: Loading /vendor/lib/hw/vibrator.default.so from current namespace instead of sphal namespace.
11-05 15:00:51.148   449   449 D         : Vibrator using timed_output
11-05 15:00:51.150   449   449 D vndksupport: Loading /vendor/lib/hw/android.hardware.vibrator@1.0-impl.so from current namespace instead of sphal namespace.
11-05 15:00:51.151   449   449 D vndksupport: Loading /vendor/lib/hw/vibrator.default.so from current namespace instead of sphal namespace.
11-05 15:00:51.151   449   449 D         : Vibrator using timed_output
11-05 15:00:51.153   449   449 D vndksupport: Loading /vendor/lib/hw/android.hardware.vibrator@1.0-impl.so from current namespace instead of sphal namespace.
11-05 15:00:51.153   449   449 D vndksupport: Loading /vendor/lib/hw/vibrator.default.so from current namespace instead of sphal namespace.
11-05 15:00:51.154   449   449 D         : Vibrator using timed_output
11-05 15:00:51.156   449   449 D SystemServerTiming: StartVibratorService took to complete: 15ms
11-05 15:00:51.156   449   449 I SystemServer: StartConsumerIrService
11-05 15:00:51.157   223   223 W hwservicemanager: getTransport: Cannot find entry android.hardware.ir@1.0::IConsumerIr/default in either framework or device manifest.
11-05 15:00:51.158   449   449 D SystemServerTiming: StartConsumerIrService took to complete: 2ms
11-05 15:00:51.158   449   449 I SystemServer: StartAlarmManagerService
11-05 15:00:51.158   449   449 I SystemServiceManager: Starting com.android.server.AlarmManagerService
11-05 15:00:51.159   449   449 D AlarmManagerService: Kernel timezone updated to 0 minutes west of GMT
11-05 15:00:51.159   449   449 I AlarmManager: Current time only 26665251159, advancing to build time 1533705915000
11-05 15:00:51.159   449   449 D AlarmManagerService: Setting time of day to sec=1533705915
08-08 05:25:15.000   449   449 W AlarmManagerService: Unable to set rtc to 1533705915: Invalid argument
08-08 05:25:15.003   449   449 D SystemServerTiming: StartAlarmManagerService took to complete: 5ms
08-08 05:25:15.003   449   449 I SystemServer: InitWatchdog
08-08 05:25:15.003   449   449 D SystemServerTiming: InitWatchdog took to complete: 0ms
08-08 05:25:15.003   449   449 I SystemServer: StartInputManagerService
08-08 05:25:15.004   449   449 I InputManager: Initializing input manager, mUseDevInputEventForAudioJack=true
08-08 05:25:15.004   449   449 D SystemServerTiming: StartInputManagerService took to complete: 1ms
08-08 05:25:15.004   449   449 I SystemServer: StartWindowManagerService
08-08 05:25:15.006   449   472 I WindowManager: No existing display settings /data/system/display_settings.xml; starting empty
11-05 15:00:51.184     0     0 I init    : Received control message 'interface_start' for 'android.hardware.ir@1.0::IConsumerIr/default' from pid: 223 (/system/bin/hwservicemanager)
11-05 15:00:51.185     0     0 E init    : Could not find service hosting interface android.hardware.ir@1.0::IConsumerIr/default
08-08 05:25:15.015   449   449 D SystemServerTiming: StartWindowManagerService took to complete: 11ms
08-08 05:25:15.016   449   449 I SystemServer: SetWindowManagerService
08-08 05:25:15.036   449   449 I wm_stack_created: 0
08-08 05:25:15.040   449   449 D SystemServerTiming: SetWindowManagerService took to complete: 24ms
08-08 05:25:15.040   449   449 I SystemServer: WindowManagerServiceOnInitReady
11-05 15:00:51.233     0     0 I init    : processing action (sys.sysctl.extra_free_kbytes=*) from (/init.rc:725)
08-08 05:25:15.052   449   449 D SystemServerTiming: WindowManagerServiceOnInitReady took to complete: 12ms
08-08 05:25:15.052   449   462 D SystemServerInitThreadPool: Started executing StartHidlServices
08-08 05:25:15.053   449   449 I SystemServer: StartVrManagerService
08-08 05:25:15.053   449   449 I SystemServiceManager: Starting com.android.server.vr.VrManagerService
08-08 05:25:15.055   223   223 W hwservicemanager: getTransport: Cannot find entry android.hardware.vr@1.0::IVr/default in either framework or device manifest.
08-08 05:25:15.056   449   462 D SystemServerTimingAsync: StartHidlServices took to complete: 3ms
08-08 05:25:15.056   449   462 D SystemServerInitThreadPool: Finished executing StartHidlServices
08-08 05:25:15.056   449   449 W VrManagerService: init_native: Could not open IVr interface
08-08 05:25:15.057   449   449 D SystemServerTiming: StartVrManagerService took to complete: 4ms
08-08 05:25:15.057   449   449 I SystemServer: StartInputManager
08-08 05:25:15.057   449   449 I InputManager: Starting input manager
11-05 15:00:51.243     0     0 I init    : Received control message 'interface_start' for 'android.hardware.vr@1.0::IVr/default' from pid: 223 (/system/bin/hwservicemanager)
11-05 15:00:51.244     0     0 E init    : Could not find service hosting interface android.hardware.vr@1.0::IVr/default
08-08 05:25:15.059   449   449 D SystemServerTiming: StartInputManager took to complete: 2ms
08-08 05:25:15.059   449   449 I SystemServer: DisplayManagerWindowManagerAndInputReady
08-08 05:25:15.059   449   449 D SystemServerTiming: DisplayManagerWindowManagerAndInputReady took to complete: 0ms
08-08 05:25:15.059   449   449 I SystemServer: StartBluetoothService
08-08 05:25:15.059   449   449 I SystemServiceManager: Starting com.android.server.BluetoothService
08-08 05:25:15.060   449   538 D EventHub: No input device configuration file found for device 'msm8974-taiko-mtp-snd-card Headset Jack'.
08-08 05:25:15.060   449   538 I EventHub: wakeMechanism=EVIOCSSUSPENDBLOCK, usingClockIoctl=true
08-08 05:25:15.060   449   538 I EventHub: New device: id=1, fd=107, path='/dev/input/event6', name='msm8974-taiko-mtp-snd-card Headset Jack', classes=0x80, configuration='', keyLayout='', keyCharacterMap='', builtinKeyboard=false, 
08-08 05:25:15.060   449   538 D EventHub: No input device configuration file found for device 'msm8974-taiko-mtp-snd-card Button Jack'.
08-08 05:25:15.061   449   449 D BluetoothManagerService: Loading stored name and address
08-08 05:25:15.061   449   449 D BluetoothManagerService: Stored bluetooth Name=null,Address=null
08-08 05:25:15.061   449   449 D BluetoothManagerService: Bluetooth persisted state: 1
08-08 05:25:15.061   449   449 D BluetoothManagerService: Startup: Bluetooth persisted state is ON.
08-08 05:25:15.061   449   449 D BluetoothManagerService: Detected SystemUiUid: 10028
08-08 05:25:15.061   449   449 D SystemServerTiming: StartBluetoothService took to complete: 2ms
08-08 05:25:15.061   449   449 I SystemServer: IpConnectivityMetrics
08-08 05:25:15.061   449   449 I SystemServiceManager: Starting com.android.server.connectivity.IpConnectivityMetrics
08-08 05:25:15.062   449   449 D SystemServerTiming: IpConnectivityMetrics took to complete: 0ms
08-08 05:25:15.062   449   449 I SystemServer: NetworkWatchlistService
08-08 05:25:15.062   449   449 I SystemServiceManager: Starting com.android.server.net.watchlist.NetworkWatchlistService$Lifecycle
08-08 05:25:15.066   449   449 I commit_sys_config_file: [net-watchlist,2]
08-08 05:25:15.066   449   538 W EventHub: Unable to disable kernel key repeat for /dev/input/event5: Function not implemented
08-08 05:25:15.066   449   538 I EventHub: wakeMechanism=EVIOCSSUSPENDBLOCK, usingClockIoctl=true
08-08 05:25:15.066   449   538 I EventHub: New device: id=2, fd=108, path='/dev/input/event5', name='msm8974-taiko-mtp-snd-card Button Jack', classes=0x1, configuration='', keyLayout='/system/usr/keylayout/Generic.kl', keyCharacterMap='/system/usr/keychars/Generic.kcm', builtinKeyboard=false, 
08-08 05:25:15.067   449   538 D EventHub: No input device configuration file found for device 'synaptics-rmi'.
08-08 05:25:15.067   449   539 I WatchlistLoggingHandler: Start aggregating watchlist records.
08-08 05:25:15.067   449   449 D SystemServerTiming: NetworkWatchlistService took to complete: 5ms
08-08 05:25:15.067   449   538 E filemap : mmap(0,4096) failed: No such device
08-08 05:25:15.067   449   449 I SystemServer: PinnerService
08-08 05:25:15.067   449   449 I SystemServiceManager: Starting com.android.server.PinnerService
08-08 05:25:15.068   449   449 D SystemServerTiming: PinnerService took to complete: 1ms
08-08 05:25:15.068   449   449 I SystemServer: StartInputMethodManagerLifecycle
08-08 05:25:15.068   449   449 I SystemServiceManager: Starting com.android.server.InputMethodManagerService$Lifecycle
08-08 05:25:15.071   449   538 W EventHub: Unable to disable kernel key repeat for /dev/input/event2: Function not implemented
08-08 05:25:15.071   449   538 I EventHub: wakeMechanism=EVIOCSSUSPENDBLOCK, usingClockIoctl=true
08-08 05:25:15.071   449   538 I EventHub: New device: id=3, fd=111, path='/dev/input/event2', name='synaptics-rmi', classes=0x15, configuration='', keyLayout='/vendor/usr/keylayout/synaptics-rmi.kl', keyCharacterMap='/system/usr/keychars/Generic.kcm', builtinKeyboard=false, 
08-08 05:25:15.071   449   538 E EventHub: could not get driver version for /dev/input/mice, Not a typewriter
08-08 05:25:15.074   449   449 I commit_sys_config_file: [input-subtypes,3]
08-08 05:25:15.075   449   449 D SystemServerTiming: StartInputMethodManagerLifecycle took to complete: 6ms
08-08 05:25:15.075   449   449 I SystemServer: StartAccessibilityManagerService
08-08 05:25:15.078   449   538 D EventHub: No input device configuration file found for device 'synaptics-rmi-kpd'.
08-08 05:25:15.078   449   449 D SystemServerTiming: StartAccessibilityManagerService took to complete: 3ms
08-08 05:25:15.078   449   449 I SystemServer: MakeDisplayReady
08-08 05:25:15.079   449   449 I configuration_changed: 536894968
08-08 05:25:15.079   449   449 I ActivityManager: Config changes=20005df8 {1.0 ?mcc?mnc [en_US] ldltr sw411dp w411dp h731dp 420dpi nrml long port ?uimode ?night -touch -keyb/h/h -nav/h winConfig={ mBounds=Rect(0, 0 - 0, 0) mAppBounds=Rect(0, 0 - 1080, 1920) mWindowingMode=fullscreen mActivityType=undefined} s.2}
08-08 05:25:15.083   449   449 I ActivityManager: Override config changes=60007dfc {1.0 ?mcc?mnc [en_US] ldltr sw411dp w411dp h731dp 420dpi nrml long port ?uimode ?night -touch -keyb/h/h -nav/h winConfig={ mBounds=Rect(0, 0 - 1080, 1920) mAppBounds=Rect(0, 0 - 1080, 1920) mWindowingMode=fullscreen mActivityType=undefined} s.2} for displayId=0
08-08 05:25:15.084   449   463 I UsageStatsService: Time changed in UsageStats by 1507040663 seconds
08-08 05:25:15.084   449   538 W EventHub: Unable to disable kernel key repeat for /dev/input/event3: Function not implemented
08-08 05:25:15.084   449   538 I EventHub: wakeMechanism=EVIOCSSUSPENDBLOCK, usingClockIoctl=true
08-08 05:25:15.084   449   538 I EventHub: New device: id=4, fd=115, path='/dev/input/event3', name='synaptics-rmi-kpd', classes=0x1, configuration='', keyLayout='/system/usr/keylayout/Generic.kl', keyCharacterMap='/system/usr/keychars/Generic.kcm', builtinKeyboard=false, 
08-08 05:25:15.085   449   538 D EventHub: No input device configuration file found for device 'qpnp_pon'.
08-08 05:25:15.085   449   463 I UsageStatsDatabase: Time changed by +17442d14h24m23s840ms. files deleted: 0 files moved: 0
08-08 05:25:15.085   449   463 I UsageStatsService: User[0] Rollover scheduled @ 2018-08-09 05:25:15(1533792315084)
08-08 05:25:15.090   449   538 W EventHub: Unable to disable kernel key repeat for /dev/input/event1: Function not implemented
08-08 05:25:15.090   449   538 I EventHub: wakeMechanism=EVIOCSSUSPENDBLOCK, usingClockIoctl=true
08-08 05:25:15.090   449   538 I EventHub: New device: id=5, fd=116, path='/dev/input/event1', name='qpnp_pon', classes=0x1, configuration='', keyLayout='/system/usr/keylayout/Generic.kl', keyCharacterMap='/system/usr/keychars/Generic.kcm', builtinKeyboard=false, 
08-08 05:25:15.091   449   538 D EventHub: No input device configuration file found for device 'tri-state-key'.
08-08 05:25:15.095   449   538 W EventHub: Unable to disable kernel key repeat for /dev/input/event0: Function not implemented
08-08 05:25:15.095   449   538 I EventHub: wakeMechanism=EVIOCSSUSPENDBLOCK, usingClockIoctl=true
08-08 05:25:15.095   449   538 I EventHub: New device: id=6, fd=117, path='/dev/input/event0', name='tri-state-key', classes=0x1, configuration='', keyLayout='/system/usr/keylayout/Generic.kl', keyCharacterMap='/system/usr/keychars/Generic.kcm', builtinKeyboard=false, 
08-08 05:25:15.096   449   538 D EventHub: No input device configuration file found for device 'gpio-keys'.
08-08 05:25:15.097   449   449 I configuration_changed: 1024
08-08 05:25:15.097   449   449 I ActivityManager: Config changes=400 {1.0 ?mcc?mnc [en_US] ldltr sw411dp w411dp h707dp 420dpi nrml long port ?uimode ?night -touch -keyb/h/h -nav/h winConfig={ mBounds=Rect(0, 0 - 0, 0) mAppBounds=Rect(0, 0 - 1080, 1920) mWindowingMode=fullscreen mActivityType=undefined} s.3}
08-08 05:25:15.099   449   449 I ActivityManager: Override config changes=400 {1.0 ?mcc?mnc [en_US] ldltr sw411dp w411dp h707dp 420dpi nrml long port ?uimode ?night -touch -keyb/h/h -nav/h winConfig={ mBounds=Rect(0, 0 - 1080, 1920) mAppBounds=Rect(0, 0 - 1080, 1920) mWindowingMode=fullscreen mActivityType=undefined} s.3} for displayId=0
08-08 05:25:15.101   449   538 W EventHub: Unable to disable kernel key repeat for /dev/input/event4: Function not implemented
08-08 05:25:15.101   449   538 I EventHub: wakeMechanism=EVIOCSSUSPENDBLOCK, usingClockIoctl=true
08-08 05:25:15.101   449   538 I EventHub: New device: id=7, fd=119, path='/dev/input/event4', name='gpio-keys', classes=0x81, configuration='', keyLayout='/system/usr/keylayout/Generic.kl', keyCharacterMap='/system/usr/keychars/Generic.kcm', builtinKeyboard=false, 
08-08 05:25:15.104   449   449 D SystemServerTiming: MakeDisplayReady took to complete: 26ms
08-08 05:25:15.104   449   449 I SystemServer: StartStorageManagerService
08-08 05:25:15.105   449   449 I SystemServiceManager: Starting com.android.server.StorageManagerService$Lifecycle
08-08 05:25:15.108   449   538 I InputReader: Device added: id=-1, name='Virtual', sources=0x00000301
08-08 05:25:15.108   449   538 I InputReader: Device added: id=7, name='gpio-keys', sources=0x80000101
08-08 05:25:15.109   449   538 I InputReader: Device added: id=6, name='tri-state-key', sources=0x00000101
08-08 05:25:15.109   449   538 I InputReader: Device added: id=5, name='qpnp_pon', sources=0x00000101
08-08 05:25:15.109   449   538 I InputReader: Device added: id=4, name='synaptics-rmi-kpd', sources=0x00000101
08-08 05:25:15.109   449   538 I InputReader:   Touch device 'synaptics-rmi' could not query the properties of its associated display.  The device will be inoperable until the display size becomes available.
08-08 05:25:15.109   449   540 D StorageManagerService: Thinking about init, mSystemReady=false, mDaemonConnected=true
08-08 05:25:15.109   449   538 I InputReader: Device added: id=3, name='synaptics-rmi', sources=0x00001103
08-08 05:25:15.109   449   540 D StorageManagerService: Thinking about reset, mSystemReady=false, mDaemonConnected=true
08-08 05:25:15.109   449   538 I InputReader: Device added: id=2, name='msm8974-taiko-mtp-snd-card Button Jack', sources=0x00000101
08-08 05:25:15.109   449   538 I InputReader: Device added: id=1, name='msm8974-taiko-mtp-snd-card Headset Jack', sources=0x80000000
08-08 05:25:15.109   449   449 D SystemServerTiming: StartStorageManagerService took to complete: 4ms
08-08 05:25:15.109   449   449 I SystemServer: StartStorageStatsService
08-08 05:25:15.109   227   227 E vold    : Failed to read field SystemLocale: No such file or directory
08-08 05:25:15.110   449   449 I SystemServiceManager: Starting com.android.server.usage.StorageStatsService$Lifecycle
08-08 05:25:15.110   449   538 I InputReader: Reconfiguring input devices.  changes=0x00000004
08-08 05:25:15.110   449   538 I InputReader: Device reconfigured: id=3, name='synaptics-rmi', size 1080x1920, orientation 0, mode 1, display id 0
08-08 05:25:15.110   449   537 I configuration_changed: 8
08-08 05:25:15.110   449   537 I ActivityManager: Config changes=8 {1.0 ?mcc?mnc [en_US] ldltr sw411dp w411dp h707dp 420dpi nrml long port ?uimode ?night finger -keyb/h/h -nav/h winConfig={ mBounds=Rect(0, 0 - 0, 0) mAppBounds=Rect(0, 0 - 1080, 1920) mWindowingMode=fullscreen mActivityType=undefined} s.4}
08-08 05:25:15.112   449   540 E StorageManagerService: Failed to read field SystemLocale
08-08 05:25:15.112   449   540 E StorageManagerService: android.os.ServiceSpecificException: Failed to read field SystemLocale (code 2)
08-08 05:25:15.112   449   540 E StorageManagerService: 	at android.os.Parcel.createException(Parcel.java:1956)
08-08 05:25:15.112   449   540 E StorageManagerService: 	at android.os.Parcel.readException(Parcel.java:1910)
08-08 05:25:15.112   449   540 E StorageManagerService: 	at android.os.Parcel.readException(Parcel.java:1860)
08-08 05:25:15.112   449   540 E StorageManagerService: 	at android.os.IVold$Stub$Proxy.fdeGetField(IVold.java:1094)
08-08 05:25:15.112   449   540 E StorageManagerService: 	at com.android.server.StorageManagerService.getField(StorageManagerService.java:2408)
08-08 05:25:15.112   449   540 E StorageManagerService: 	at com.android.server.StorageManagerService.copyLocaleFromMountService(StorageManagerService.java:982)
08-08 05:25:15.112   449   540 E StorageManagerService: 	at com.android.server.StorageManagerService.handleDaemonConnected(StorageManagerService.java:975)
08-08 05:25:15.112   449   540 E StorageManagerService: 	at com.android.server.StorageManagerService.access$900(StorageManagerService.java:171)
08-08 05:25:15.112   449   540 E StorageManagerService: 	at com.android.server.StorageManagerService$StorageManagerServiceHandler.handleMessage(StorageManagerService.java:572)
08-08 05:25:15.112   449   540 E StorageManagerService: 	at android.os.Handler.dispatchMessage(Handler.java:106)
08-08 05:25:15.112   449   540 E StorageManagerService: 	at android.os.Looper.loop(Looper.java:193)
08-08 05:25:15.112   449   540 E StorageManagerService: 	at android.os.HandlerThread.run(HandlerThread.java:65)
08-08 05:25:15.112   449   449 D SystemServerTiming: StartStorageStatsService took to complete: 3ms
08-08 05:25:15.112   449   449 I SystemServer: StartUiModeManager
08-08 05:25:15.112   449   449 I SystemServiceManager: Starting com.android.server.UiModeManagerService
08-08 05:25:15.115   449   537 I ActivityManager: Override config changes=8 {1.0 ?mcc?mnc [en_US] ldltr sw411dp w411dp h707dp 420dpi nrml long port ?uimode ?night finger -keyb/h/h -nav/h winConfig={ mBounds=Rect(0, 0 - 1080, 1920) mAppBounds=Rect(0, 0 - 1080, 1920) mWindowingMode=fullscreen mActivityType=undefined} s.4} for displayId=0
08-08 05:25:15.116   449   464 I am_wtf  : [0,449,system_server,-1,StorageManagerService,Failed to read field SystemLocale]
08-08 05:25:15.117   449   501 D SystemServerInitThreadPool: Started executing UiModeManager.onStart
08-08 05:25:15.119   449   471 I am_uid_running: 10016
08-08 05:25:15.119   449   449 D SystemServerTiming: StartUiModeManager took to complete: 6ms
08-08 05:25:15.119   449   449 I SystemServer: UpdatePackagesIfNeeded
08-08 05:25:15.119   449   501 I configuration_changed: 512
08-08 05:25:15.119   449   501 I ActivityManager: Config changes=200 {1.0 ?mcc?mnc [en_US] ldltr sw411dp w411dp h707dp 420dpi nrml long port finger -keyb/h/h -nav/h winConfig={ mBounds=Rect(0, 0 - 0, 0) mAppBounds=Rect(0, 0 - 1080, 1920) mWindowingMode=fullscreen mActivityType=undefined} s.5}
08-08 05:25:15.122   449   449 I PackageManager.DexOptimizer: Running dexopt (dexoptNeeded=1) on: /system/priv-app/TelephonyProvider/TelephonyProvider.apk pkg=com.android.providers.telephony isa=arm dexoptFlags=public targetFilter=quicken oatDir=null classLoaderContext=PCL[]
08-08 05:25:15.123   328   328 V installed: DexInv: --- BEGIN '/system/priv-app/TelephonyProvider/TelephonyProvider.apk' ---
08-08 05:25:15.125   449   501 I ActivityManager: Override config changes=200 {1.0 ?mcc?mnc [en_US] ldltr sw411dp w411dp h707dp 420dpi nrml long port finger -keyb/h/h -nav/h winConfig={ mBounds=Rect(0, 0 - 1080, 1920) mAppBounds=Rect(0, 0 - 1080, 1920) mWindowingMode=fullscreen mActivityType=undefined} s.5} for displayId=0
08-08 05:25:15.127   449   501 D SystemServerInitThreadPool: Finished executing UiModeManager.onStart
08-08 05:25:15.174   541   541 I dex2oat : /system/bin/dex2oat --input-vdex-fd=-1 --output-vdex-fd=8 --compiler-filter=quicken --classpath-dir=/system/priv-app/TelephonyProvider --class-loader-context=PCL[] --generate-mini-debug-info --compact-dex-level=none --compilation-reason=first-boot
08-08 05:25:15.174   541   541 E cutils-trace: Error opening trace file: No such file or directory (2)
08-08 05:25:15.178   541   541 W dex2oat : Could not reserve sentinel fault page
08-08 05:25:15.179   449   532 I commit_sys_config_file: [settings-0-0,8]
08-08 05:25:15.184   449   532 I commit_sys_config_file: [settings-2-0,5]
08-08 05:25:15.188   449   532 I commit_sys_config_file: [settings-1-0,3]
08-08 05:25:15.291   541   541 I dex2oat : dex2oat took 123.434ms (183.166ms cpu) (threads: 4) arena alloc=124KB (127656B) java alloc=90KB (92488B) native alloc=779KB (798152B) free=2MB (2347576B)
08-08 05:25:15.298   328   328 V installed: DexInv: --- END '/system/priv-app/TelephonyProvider/TelephonyProvider.apk' (success) ---
08-08 05:25:15.299   449   449 I PackageManager.DexOptimizer: Running dexopt (dexoptNeeded=1) on: /system/priv-app/MmsService/MmsService.apk pkg=com.android.mms.service isa=arm dexoptFlags=public targetFilter=quicken oatDir=null classLoaderContext=PCL[]
08-08 05:25:15.299   328   506 V installed: DexInv: --- BEGIN '/system/priv-app/MmsService/MmsService.apk' ---
08-08 05:25:15.338   546   546 I dex2oat : /system/bin/dex2oat --input-vdex-fd=-1 --output-vdex-fd=8 --compiler-filter=quicken --classpath-dir=/system/priv-app/MmsService --class-loader-context=PCL[] --generate-mini-debug-info --compact-dex-level=none --compilation-reason=first-boot
08-08 05:25:15.338   546   546 E cutils-trace: Error opening trace file: No such file or directory (2)
08-08 05:25:15.342   546   546 W dex2oat : Could not reserve sentinel fault page
08-08 05:25:15.471   546   546 I dex2oat : dex2oat took 138.546ms (228.061ms cpu) (threads: 4) arena alloc=6KB (6864B) java alloc=117KB (119816B) native alloc=823KB (842800B) free=1224KB (1254352B)
08-08 05:25:15.479   328   506 V installed: DexInv: --- END '/system/priv-app/MmsService/MmsService.apk' (success) ---
08-08 05:25:15.480   449   449 I PackageManager.DexOptimizer: Running dexopt (dexoptNeeded=1) on: /system/priv-app/DefaultContainerService/DefaultContainerService.apk pkg=com.android.defcontainer isa=arm dexoptFlags=public targetFilter=quicken oatDir=null classLoaderContext=PCL[]
08-08 05:25:15.481   328   343 V installed: DexInv: --- BEGIN '/system/priv-app/DefaultContainerService/DefaultContainerService.apk' ---
08-08 05:25:15.521   551   551 I dex2oat : /system/bin/dex2oat --input-vdex-fd=-1 --output-vdex-fd=8 --compiler-filter=quicken --classpath-dir=/system/priv-app/DefaultContainerService --class-loader-context=PCL[] --generate-mini-debug-info --compact-dex-level=none --compilation-reason=first-boot
08-08 05:25:15.521   551   551 E cutils-trace: Error opening trace file: No such file or directory (2)
08-08 05:25:15.525   551   551 W dex2oat : Could not reserve sentinel fault page
08-08 05:25:15.530   403   403 I auditd  : type=1400 audit(0.0:147): avc: denied { read write } for comm="BootAnimation" path="/dev/kgsl-3d0" dev="tmpfs" ino=1178 scontext=u:r:bootanim:s0 tcontext=u:object_r:device:s0 tclass=chr_file permissive=1
08-08 05:25:15.530   403   403 I BootAnimation: type=1400 audit(0.0:147): avc: denied { read write } for path="/dev/kgsl-3d0" dev="tmpfs" ino=1178 scontext=u:r:bootanim:s0 tcontext=u:object_r:device:s0 tclass=chr_file permissive=1
08-08 05:25:15.594   551   551 I dex2oat : dex2oat took 79.514ms (60.374ms cpu) (threads: 4) arena alloc=4KB (4784B) java alloc=50KB (51368B) native alloc=704KB (721608B) free=831KB (851256B)
08-08 05:25:15.599   328   343 V installed: DexInv: --- END '/system/priv-app/DefaultContainerService/DefaultContainerService.apk' (success) ---
08-08 05:25:15.600   449   449 I PackageManager.DexOptimizer: Running dexopt (dexoptNeeded=1) on: /system/priv-app/qcrilmsgtunnel/qcrilmsgtunnel.apk pkg=com.qualcomm.qcrilmsgtunnel isa=arm dexoptFlags=public targetFilter=quicken oatDir=null classLoaderContext=PCL[/system/framework/org.apache.http.legacy.boot.jar]
08-08 05:25:15.600   328   495 V installed: DexInv: --- BEGIN '/system/priv-app/qcrilmsgtunnel/qcrilmsgtunnel.apk' ---
08-08 05:25:15.639   556   556 I dex2oat : /system/bin/dex2oat --input-vdex-fd=-1 --output-vdex-fd=8 --compiler-filter=quicken --classpath-dir=/system/priv-app/qcrilmsgtunnel --class-loader-context=PCL[/system/framework/org.apache.http.legacy.boot.jar] --generate-mini-debug-info --compact-dex-level=none --compilation-reason=first-boot
08-08 05:25:15.639   556   556 E cutils-trace: Error opening trace file: No such file or directory (2)
08-08 05:25:15.643   556   556 W dex2oat : Could not reserve sentinel fault page
08-08 05:25:15.747   556   556 I dex2oat : dex2oat took 112.674ms (101.708ms cpu) (threads: 4) arena alloc=936B (936B) java alloc=34KB (35000B) native alloc=718KB (735520B) free=817KB (837344B)
08-08 05:25:15.752   328   495 V installed: DexInv: --- END '/system/priv-app/qcrilmsgtunnel/qcrilmsgtunnel.apk' (success) ---
08-08 05:25:15.753   449   449 I PackageManager.DexOptimizer: Running dexopt (dexoptNeeded=1) on: /system/priv-app/SettingsProvider/SettingsProvider.apk pkg=com.android.providers.settings isa=arm dexoptFlags=public targetFilter=quicken oatDir=null classLoaderContext=PCL[]
08-08 05:25:15.753   328   506 V installed: DexInv: --- BEGIN '/system/priv-app/SettingsProvider/SettingsProvider.apk' ---
08-08 05:25:15.794   561   561 I dex2oat : /system/bin/dex2oat --input-vdex-fd=-1 --output-vdex-fd=8 --compiler-filter=quicken --classpath-dir=/system/priv-app/SettingsProvider --class-loader-context=PCL[] --generate-mini-debug-info --compact-dex-level=none --compilation-reason=first-boot
08-08 05:25:15.794   561   561 E cutils-trace: Error opening trace file: No such file or directory (2)
08-08 05:25:15.800   561   561 W dex2oat : Could not reserve sentinel fault page
08-08 05:25:15.908   561   561 I dex2oat : dex2oat took 120.820ms (156.140ms cpu) (threads: 4) arena alloc=322KB (330208B) java alloc=66KB (67808B) native alloc=765KB (783776B) free=1794KB (1837664B)
08-08 05:25:15.914   328   506 V installed: DexInv: --- END '/system/priv-app/SettingsProvider/SettingsProvider.apk' (success) ---
08-08 05:25:15.915   449   449 I PackageManager.DexOptimizer: Running dexopt (dexoptNeeded=1) on: /system/priv-app/InputDevices/InputDevices.apk pkg=com.android.inputdevices isa=arm dexoptFlags=public targetFilter=quicken oatDir=null classLoaderContext=PCL[]
08-08 05:25:15.916   328   328 V installed: DexInv: --- BEGIN '/system/priv-app/InputDevices/InputDevices.apk' ---
08-08 05:25:15.959   566   566 I dex2oat : /system/bin/dex2oat --input-vdex-fd=-1 --output-vdex-fd=8 --compiler-filter=quicken --classpath-dir=/system/priv-app/InputDevices --class-loader-context=PCL[] --generate-mini-debug-info --compact-dex-level=none --compilation-reason=first-boot
08-08 05:25:15.960   566   566 E cutils-trace: Error opening trace file: No such file or directory (2)
08-08 05:25:15.966   566   566 W dex2oat : Could not reserve sentinel fault page
08-08 05:25:16.031   566   566 I dex2oat : dex2oat took 77.890ms (54.112ms cpu) (threads: 4) arena alloc=744B (744B) java alloc=16KB (16704B) native alloc=512KB (524992B) free=511KB (523584B)
08-08 05:25:16.036   328   328 V installed: DexInv: --- END '/system/priv-app/InputDevices/InputDevices.apk' (success) ---
08-08 05:25:16.037   449   449 I PackageManager.DexOptimizer: Running dexopt (dexoptNeeded=1) on: /system/app/ExtShared/ExtShared.apk pkg=android.ext.shared isa=arm dexoptFlags=public targetFilter=quicken oatDir=null classLoaderContext=PCL[]
08-08 05:25:16.038   328   495 V installed: DexInv: --- BEGIN '/system/app/ExtShared/ExtShared.apk' ---
08-08 05:25:16.080   571   571 I dex2oat : /system/bin/dex2oat --input-vdex-fd=-1 --output-vdex-fd=8 --compiler-filter=quicken --classpath-dir=/system/app/ExtShared --class-loader-context=PCL[] --generate-mini-debug-info --compact-dex-level=none --compilation-reason=first-boot
08-08 05:25:16.080   571   571 E cutils-trace: Error opening trace file: No such file or directory (2)
08-08 05:25:16.084   571   571 W dex2oat : Could not reserve sentinel fault page
08-08 05:25:16.158   571   571 I dex2oat : dex2oat took 83.012ms (57.572ms cpu) (threads: 4) arena alloc=3KB (3104B) java alloc=64KB (65552B) native alloc=513KB (525360B) free=1022KB (1047504B)
08-08 05:25:16.162   328   495 V installed: DexInv: --- END '/system/app/ExtShared/ExtShared.apk' (success) ---
08-08 05:25:16.164   449   449 I PackageManager.DexOptimizer: Running dexopt (dexoptNeeded=1) on: /system/priv-app/Telecom/Telecom.apk pkg=com.android.server.telecom isa=arm dexoptFlags=public targetFilter=quicken oatDir=null classLoaderContext=PCL[]
08-08 05:25:16.164   328   343 V installed: DexInv: --- BEGIN '/system/priv-app/Telecom/Telecom.apk' ---
08-08 05:25:16.205   577   577 I dex2oat : /system/bin/dex2oat --input-vdex-fd=-1 --output-vdex-fd=8 --compiler-filter=quicken --classpath-dir=/system/priv-app/Telecom --class-loader-context=PCL[] --generate-mini-debug-info --compact-dex-level=none --compilation-reason=first-boot
08-08 05:25:16.206   577   577 E cutils-trace: Error opening trace file: No such file or directory (2)
08-08 05:25:16.211   577   577 W dex2oat : Could not reserve sentinel fault page
08-08 05:25:16.922   577   577 I dex2oat : dex2oat took 722.111ms (1.920s cpu) (threads: 4) arena alloc=11KB (12184B) java alloc=1508KB (1545152B) native alloc=2MB (2650384B) free=995KB (1019632B)
08-08 05:25:16.932   328   343 V installed: DexInv: --- END '/system/priv-app/Telecom/Telecom.apk' (success) ---
08-08 05:25:16.935   449   449 I PackageManager.DexOptimizer: Running dexopt (dexoptNeeded=1) on: /system/priv-app/Dialer/Dialer.apk pkg=com.android.dialer isa=arm dexoptFlags=public,enable_hidden_api_checks targetFilter=quicken oatDir=null classLoaderContext=PCL[/system/framework/org.apache.http.legacy.boot.jar]
08-08 05:25:16.936   328   512 V installed: DexInv: --- BEGIN '/system/priv-app/Dialer/Dialer.apk' ---
08-08 05:25:16.974   582   582 I dex2oat : /system/bin/dex2oat --input-vdex-fd=-1 --output-vdex-fd=8 --compiler-filter=quicken --classpath-dir=/system/priv-app/Dialer --class-loader-context=PCL[/system/framework/org.apache.http.legacy.boot.jar] --generate-mini-debug-info --compact-dex-level=none --compilation-reason=first-boot
08-08 05:25:16.975   582   582 E cutils-trace: Error opening trace file: No such file or directory (2)
08-08 05:25:16.981   582   582 W dex2oat : Could not reserve sentinel fault page
08-08 05:25:17.815   449   539 E ReportEncoder: No watchlist hash
08-08 05:25:17.815   449   539 I WatchlistLoggingHandler: Milliseconds spent on tryAggregateRecords(): 2749
08-08 05:25:17.961   297   520 E adbd    : remote usb: terminated (data): Value too large for defined data type
08-08 05:25:17.962   297   297 I adbd    : closing functionfs transport
08-08 05:25:17.962   297   301 I adbd    : initializing functionfs
08-08 05:25:17.962   297   301 I adbd    : functionfs successfully initialized
08-08 05:25:17.962   297   301 I adbd    : registering usb transport
08-08 05:25:18.549   582   582 I dex2oat : Large app, accepted running with swap.
08-08 05:25:18.925   582   582 I dex2oat : Explicit concurrent copying GC freed 4677(1372KB) AllocSpace objects, 0(0B) LOS objects, 99% free, 5KB/1541KB, paused 100us total 8.806ms
08-08 05:25:19.120   582   582 I dex2oat : Explicit concurrent copying GC freed 3812(1259KB) AllocSpace objects, 0(0B) LOS objects, 99% free, 7KB/1543KB, paused 49us total 7.244ms
08-08 05:25:19.245   582   582 I dex2oat : Explicit concurrent copying GC freed 1496(841KB) AllocSpace objects, 0(0B) LOS objects, 99% free, 11KB/1547KB, paused 49us total 5.487ms
08-08 05:25:19.381   582   582 I dex2oat : Explicit concurrent copying GC freed 2214(1134KB) AllocSpace objects, 0(0B) LOS objects, 99% free, 14KB/1550KB, paused 49us total 7.119ms
08-08 05:25:19.829   582   582 I dex2oat : Explicit concurrent copying GC freed 7454(1710KB) AllocSpace objects, 0(0B) LOS objects, 97% free, 31KB/1567KB, paused 47us total 10.263ms
08-08 05:25:20.237   582   582 I dex2oat : Explicit concurrent copying GC freed 6738(2MB) AllocSpace objects, 0(0B) LOS objects, 97% free, 39KB/1575KB, paused 48us total 15.020ms
08-08 05:25:20.405   582   582 I dex2oat : Explicit concurrent copying GC freed 3896(1132KB) AllocSpace objects, 0(0B) LOS objects, 97% free, 42KB/1578KB, paused 49us total 7.795ms
08-08 05:25:20.549   582   582 I dex2oat : Explicit concurrent copying GC freed 3238(1073KB) AllocSpace objects, 0(0B) LOS objects, 97% free, 44KB/1580KB, paused 49us total 7.865ms
08-08 05:25:20.691   582   582 I dex2oat : Explicit concurrent copying GC freed 3452(1116KB) AllocSpace objects, 0(0B) LOS objects, 97% free, 46KB/1582KB, paused 49us total 7.873ms
08-08 05:25:20.815   582   582 I dex2oat : Explicit concurrent copying GC freed 2678(946KB) AllocSpace objects, 0(0B) LOS objects, 96% free, 50KB/1586KB, paused 49us total 7.146ms
08-08 05:25:21.013   582   582 I dex2oat : Explicit concurrent copying GC freed 3984(1232KB) AllocSpace objects, 0(0B) LOS objects, 96% free, 54KB/1590KB, paused 47us total 8.838ms
08-08 05:25:21.120   582   582 I dex2oat : Explicit concurrent copying GC freed 2097(869KB) AllocSpace objects, 0(0B) LOS objects, 96% free, 56KB/1592KB, paused 49us total 6.917ms
08-08 05:25:21.823   582   582 I dex2oat : Explicit concurrent copying GC freed 17700(2MB) AllocSpace objects, 0(0B) LOS objects, 95% free, 65KB/1601KB, paused 49us total 18.124ms
08-08 05:25:21.948   582   582 I dex2oat : Explicit concurrent copying GC freed 2000(281KB) AllocSpace objects, 0(0B) LOS objects, 95% free, 68KB/1604KB, paused 48us total 5.899ms
08-08 05:25:22.199   582   582 I dex2oat : dex2oat took 5.229s (13.341s cpu) (threads: 4) arena alloc=1955KB (2002936B) java alloc=68KB (69808B) native alloc=4MB (4838576B) free=5MB (5647184B) swap=16MB (16777216B)
08-08 05:25:22.225   328   512 V installed: DexInv: --- END '/system/priv-app/Dialer/Dialer.apk' (success) ---
08-08 05:25:22.231   449   449 I PackageManager.DexOptimizer: Running dexopt (dexoptNeeded=1) on: /system/priv-app/ExtServices/ExtServices.apk pkg=android.ext.services isa=arm dexoptFlags=public targetFilter=quicken oatDir=null classLoaderContext=PCL[]
08-08 05:25:22.231   328   328 V installed: DexInv: --- BEGIN '/system/priv-app/ExtServices/ExtServices.apk' ---
08-08 05:25:22.268   628   628 I dex2oat : /system/bin/dex2oat --input-vdex-fd=-1 --output-vdex-fd=8 --compiler-filter=quicken --classpath-dir=/system/priv-app/ExtServices --class-loader-context=PCL[] --generate-mini-debug-info --compact-dex-level=none --compilation-reason=first-boot
08-08 05:25:22.268   628   628 E cutils-trace: Error opening trace file: No such file or directory (2)
08-08 05:25:22.272   628   628 W dex2oat : Could not reserve sentinel fault page
08-08 05:25:22.337   628   628 I dex2oat : dex2oat took 73.966ms (74.716ms cpu) (threads: 4) arena alloc=8KB (8968B) java alloc=76KB (78808B) native alloc=720KB (737664B) free=815KB (835200B)
08-08 05:25:22.342   328   328 V installed: DexInv: --- END '/system/priv-app/ExtServices/ExtServices.apk' (success) ---
08-08 05:25:22.343   449   449 I PackageManager.DexOptimizer: Running dexopt (dexoptNeeded=1) on: /system/priv-app/PackageInstaller/PackageInstaller.apk pkg=com.android.packageinstaller isa=arm dexoptFlags=public targetFilter=quicken oatDir=null classLoaderContext=PCL[]
08-08 05:25:22.344   328   506 V installed: DexInv: --- BEGIN '/system/priv-app/PackageInstaller/PackageInstaller.apk' ---
08-08 05:25:22.382   633   633 I dex2oat : /system/bin/dex2oat --input-vdex-fd=-1 --output-vdex-fd=8 --compiler-filter=quicken --classpath-dir=/system/priv-app/PackageInstaller --class-loader-context=PCL[] --generate-mini-debug-info --compact-dex-level=none --compilation-reason=first-boot
08-08 05:25:22.382   633   633 E cutils-trace: Error opening trace file: No such file or directory (2)
08-08 05:25:22.387   633   633 W dex2oat : Could not reserve sentinel fault page
08-08 05:25:23.256   633   633 I dex2oat : dex2oat took 879.882ms (2.582s cpu) (threads: 4) arena alloc=8KB (8808B) java alloc=2MB (2845880B) native alloc=3MB (3301296B) free=1384KB (1417296B)
08-08 05:25:23.267   328   506 V installed: DexInv: --- END '/system/priv-app/PackageInstaller/PackageInstaller.apk' (success) ---
08-08 05:25:23.268   449   449 I PackageManager.DexOptimizer: Running dexopt (dexoptNeeded=1) on: /system/priv-app/ProxyHandler/ProxyHandler.apk pkg=com.android.proxyhandler isa=arm dexoptFlags=public targetFilter=quicken oatDir=null classLoaderContext=PCL[]
08-08 05:25:23.268   328   343 V installed: DexInv: --- BEGIN '/system/priv-app/ProxyHandler/ProxyHandler.apk' ---
08-08 05:25:23.306   638   638 I dex2oat : /system/bin/dex2oat --input-vdex-fd=-1 --output-vdex-fd=8 --compiler-filter=quicken --classpath-dir=/system/priv-app/ProxyHandler --class-loader-context=PCL[] --generate-mini-debug-info --compact-dex-level=none --compilation-reason=first-boot
08-08 05:25:23.306   638   638 E cutils-trace: Error opening trace file: No such file or directory (2)
08-08 05:25:23.310   638   638 W dex2oat : Could not reserve sentinel fault page
08-08 05:25:23.369   638   638 I dex2oat : dex2oat took 67.890ms (59.893ms cpu) (threads: 4) arena alloc=22KB (22680B) java alloc=49KB (51128B) native alloc=706KB (723920B) free=829KB (848944B)
08-08 05:25:23.373   328   343 V installed: DexInv: --- END '/system/priv-app/ProxyHandler/ProxyHandler.apk' (success) ---
08-08 05:25:23.375   449   449 I PackageManager.DexOptimizer: Running dexopt (dexoptNeeded=1) on: /system/app/LatinIME/LatinIME.apk pkg=com.android.inputmethod.latin isa=arm dexoptFlags=public,enable_hidden_api_checks targetFilter=quicken oatDir=null classLoaderContext=PCL[/system/framework/org.apache.http.legacy.boot.jar]
08-08 05:25:23.376   328   495 V installed: DexInv: --- BEGIN '/system/app/LatinIME/LatinIME.apk' ---
08-08 05:25:23.417   643   643 I dex2oat : /system/bin/dex2oat --input-vdex-fd=-1 --output-vdex-fd=8 --compiler-filter=quicken --classpath-dir=/system/app/LatinIME --class-loader-context=PCL[/system/framework/org.apache.http.legacy.boot.jar] --generate-mini-debug-info --compact-dex-level=none --compilation-reason=first-boot
08-08 05:25:23.417   643   643 E cutils-trace: Error opening trace file: No such file or directory (2)
08-08 05:25:23.422   643   643 W dex2oat : Could not reserve sentinel fault page
08-08 05:25:23.595   297   585 E adbd    : remote usb: read terminated (message): Value too large for defined data type
08-08 05:25:23.595   297   297 I adbd    : closing functionfs transport
08-08 05:25:23.595   297   301 I adbd    : initializing functionfs
08-08 05:25:23.595   297   301 I adbd    : functionfs successfully initialized
08-08 05:25:23.595   297   301 I adbd    : registering usb transport
08-08 05:25:23.936   643   643 I dex2oat : dex2oat took 523.927ms (1.136s cpu) (threads: 4) arena alloc=514KB (527312B) java alloc=837KB (857608B) native alloc=1817KB (1860864B) free=2MB (2333440B)
08-08 05:25:23.944   328   495 V installed: DexInv: --- END '/system/app/LatinIME/LatinIME.apk' (success) ---
08-08 05:25:23.946   449   449 I PackageManager.DexOptimizer: Running dexopt (dexoptNeeded=1) on: /system/priv-app/Settings/Settings.apk pkg=com.android.settings isa=arm dexoptFlags=public targetFilter=quicken oatDir=null classLoaderContext=PCL[/system/framework/org.apache.http.legacy.boot.jar]
08-08 05:25:23.946   328   512 V installed: DexInv: --- BEGIN '/system/priv-app/Settings/Settings.apk' ---
08-08 05:25:23.992   651   651 I dex2oat : /system/bin/dex2oat --input-vdex-fd=-1 --output-vdex-fd=8 --compiler-filter=quicken --classpath-dir=/system/priv-app/Settings --class-loader-context=PCL[/system/framework/org.apache.http.legacy.boot.jar] --generate-mini-debug-info --compact-dex-level=none --compilation-reason=first-boot
08-08 05:25:23.992   651   651 E cutils-trace: Error opening trace file: No such file or directory (2)
08-08 05:25:23.997   651   651 W dex2oat : Could not reserve sentinel fault page
08-08 05:25:26.036   651   651 I dex2oat : dex2oat took 2.057s (5.618s cpu) (threads: 4) arena alloc=5KB (5880B) java alloc=6MB (6725104B) native alloc=6MB (6553712B) free=1791KB (1834896B)
08-08 05:25:26.053   328   512 V installed: DexInv: --- END '/system/priv-app/Settings/Settings.apk' (success) ---
08-08 05:25:26.054   449   449 I PackageManager.DexOptimizer: Running dexopt (dexoptNeeded=1) on: /system/priv-app/TeleService/TeleService.apk pkg=com.android.phone isa=arm dexoptFlags=public targetFilter=quicken oatDir=null classLoaderContext=PCL[/system/framework/org.apache.http.legacy.boot.jar]
08-08 05:25:26.055   328   506 V installed: DexInv: --- BEGIN '/system/priv-app/TeleService/TeleService.apk' ---
08-08 05:25:26.101   656   656 I dex2oat : /system/bin/dex2oat --input-vdex-fd=-1 --output-vdex-fd=8 --compiler-filter=quicken --classpath-dir=/system/priv-app/TeleService --class-loader-context=PCL[/system/framework/org.apache.http.legacy.boot.jar] --generate-mini-debug-info --compact-dex-level=none --compilation-reason=first-boot
08-08 05:25:26.101   656   656 E cutils-trace: Error opening trace file: No such file or directory (2)
08-08 05:25:26.105   656   656 W dex2oat : Could not reserve sentinel fault page
08-08 05:25:26.985   656   656 I dex2oat : dex2oat took 897.934ms (2.348s cpu) (threads: 4) arena alloc=5KB (5744B) java alloc=2017KB (2065656B) native alloc=3MB (3168888B) free=1001KB (1025416B)
08-08 05:25:26.997   328   506 V installed: DexInv: --- END '/system/priv-app/TeleService/TeleService.apk' (success) ---
08-08 05:25:26.998   449   449 I PackageManager.DexOptimizer: Running dexopt (dexoptNeeded=1) on: /system/priv-app/Shell/Shell.apk pkg=com.android.shell isa=arm dexoptFlags=public targetFilter=quicken oatDir=null classLoaderContext=PCL[]
08-08 05:25:26.998   328   343 V installed: DexInv: --- BEGIN '/system/priv-app/Shell/Shell.apk' ---
08-08 05:25:27.034   661   661 I dex2oat : /system/bin/dex2oat --input-vdex-fd=-1 --output-vdex-fd=8 --compiler-filter=quicken --classpath-dir=/system/priv-app/Shell --class-loader-context=PCL[] --generate-mini-debug-info --compact-dex-level=none --compilation-reason=first-boot
08-08 05:25:27.034   661   661 E cutils-trace: Error opening trace file: No such file or directory (2)
08-08 05:25:27.039   661   661 W dex2oat : Could not reserve sentinel fault page
08-08 05:25:27.256   661   661 I dex2oat : dex2oat took 226.625ms (517.967ms cpu) (threads: 4) arena alloc=5KB (5464B) java alloc=334KB (342136B) native alloc=1183KB (1211512B) free=1376KB (1409928B)
08-08 05:25:27.263   328   343 V installed: DexInv: --- END '/system/priv-app/Shell/Shell.apk' (success) ---
08-08 05:25:27.264   449   449 I PackageManager.DexOptimizer: Running dexopt (dexoptNeeded=1) on: /system/priv-app/FusedLocation/FusedLocation.apk pkg=com.android.location.fused isa=arm dexoptFlags=public targetFilter=quicken oatDir=null classLoaderContext=PCL[/system/framework/com.android.location.provider.jar]
08-08 05:25:27.264   328   495 V installed: DexInv: --- BEGIN '/system/priv-app/FusedLocation/FusedLocation.apk' ---
08-08 05:25:27.301   666   666 I dex2oat : /system/bin/dex2oat --input-vdex-fd=-1 --output-vdex-fd=8 --compiler-filter=quicken --classpath-dir=/system/priv-app/FusedLocation --class-loader-context=PCL[/system/framework/com.android.location.provider.jar] --generate-mini-debug-info --compact-dex-level=none --compilation-reason=first-boot
08-08 05:25:27.302   666   666 E cutils-trace: Error opening trace file: No such file or directory (2)
08-08 05:25:27.306   666   666 W dex2oat : Could not reserve sentinel fault page
08-08 05:25:27.367   666   666 I dex2oat : dex2oat took 70.803ms (60.843ms cpu) (threads: 4) arena alloc=5KB (6048B) java alloc=66KB (67600B) native alloc=545KB (558624B) free=990KB (1014240B)
08-08 05:25:27.372   328   495 V installed: DexInv: --- END '/system/priv-app/FusedLocation/FusedLocation.apk' (success) ---
08-08 05:25:27.374   449   449 I PackageManager.DexOptimizer: Running dexopt (dexoptNeeded=1) on: /system/priv-app/SystemUI/SystemUI.apk pkg=com.android.systemui isa=arm dexoptFlags=public targetFilter=quicken oatDir=null classLoaderContext=PCL[]
08-08 05:25:27.374   328   496 V installed: DexInv: --- BEGIN '/system/priv-app/SystemUI/SystemUI.apk' ---
08-08 05:25:27.414   671   671 I dex2oat : /system/bin/dex2oat --input-vdex-fd=-1 --output-vdex-fd=8 --compiler-filter=quicken --classpath-dir=/system/priv-app/SystemUI --class-loader-context=PCL[] --generate-mini-debug-info --compact-dex-level=none --compilation-reason=first-boot
08-08 05:25:27.414   671   671 E cutils-trace: Error opening trace file: No such file or directory (2)
08-08 05:25:27.419   671   671 W dex2oat : Could not reserve sentinel fault page
08-08 05:25:29.228   297   646 E adbd    : remote usb: read terminated (message): Value too large for defined data type
08-08 05:25:29.229   297   297 I adbd    : closing functionfs transport
08-08 05:25:29.229   297   301 I adbd    : initializing functionfs
08-08 05:25:29.229   297   301 I adbd    : functionfs successfully initialized
08-08 05:25:29.229   297   301 I adbd    : registering usb transport
08-08 05:25:29.668   671   671 I dex2oat : dex2oat took 2.258s (6.619s cpu) (threads: 4) arena alloc=13KB (13656B) java alloc=6MB (7276968B) native alloc=7MB (7400696B) free=1476KB (1512200B)
08-08 05:25:29.684   328   496 V installed: DexInv: --- END '/system/priv-app/SystemUI/SystemUI.apk' (success) ---
08-08 05:25:29.685   449   449 I PackageManager.DexOptimizer: Running dexopt (dexoptNeeded=1) on: /system/priv-app/CalendarProvider/CalendarProvider.apk pkg=com.android.providers.calendar isa=arm dexoptFlags=public targetFilter=quicken oatDir=null classLoaderContext=PCL[]
08-08 05:25:29.686   328   512 V installed: DexInv: --- BEGIN '/system/priv-app/CalendarProvider/CalendarProvider.apk' ---
08-08 05:25:29.724   678   678 I dex2oat : /system/bin/dex2oat --input-vdex-fd=-1 --output-vdex-fd=8 --compiler-filter=quicken --classpath-dir=/system/priv-app/CalendarProvider --class-loader-context=PCL[] --generate-mini-debug-info --compact-dex-level=none --compilation-reason=first-boot
08-08 05:25:29.724   678   678 E cutils-trace: Error opening trace file: No such file or directory (2)
08-08 05:25:29.728   678   678 W dex2oat : Could not reserve sentinel fault page
08-08 05:25:29.914   678   678 I dex2oat : dex2oat took 196.162ms (421.353ms cpu) (threads: 4) arena alloc=20KB (20528B) java alloc=332KB (340264B) native alloc=1146KB (1173672B) free=1413KB (1447768B)
08-08 05:25:29.920   328   512 V installed: DexInv: --- END '/system/priv-app/CalendarProvider/CalendarProvider.apk' (success) ---
08-08 05:25:29.921   449   449 I PackageManager.DexOptimizer: Running dexopt (dexoptNeeded=1) on: /system/priv-app/MediaProvider/MediaProvider.apk pkg=com.android.providers.media isa=arm dexoptFlags=public targetFilter=quicken oatDir=null classLoaderContext=PCL[]
08-08 05:25:29.922   328   343 V installed: DexInv: --- BEGIN '/system/priv-app/MediaProvider/MediaProvider.apk' ---
