11-05 15:00:35.330   449   449 I pm_critical_info: Adding duplicate shared id: 1000 name=com.android.keychain
11-05 15:00:35.331   449   449 I PackageManager: /system/app/PacProcessor changed; collecting certs
11-05 15:00:35.336   449   449 I PackageManager: /system/app/PrintSpooler changed; collecting certs
11-05 15:00:35.344   449   449 I PackageManager: /system/app/WAPPushManager changed; collecting certs
11-05 15:00:35.348   449   449 I PackageManager: /system/app/HTMLViewer changed; collecting certs
11-05 15:00:35.349   449   492 W PackageParser: Ignoring duplicate uses-permissions/uses-permissions-sdk-m: android.permission.READ_CONTACTS in package: com.android.bluetooth at: Binary XML file line #61
11-05 15:00:35.351   449   449 I PackageManager: /system/app/Browser2 changed; collecting certs
11-05 15:00:35.352   449   492 W PackageParser: No actions in intent filter at /system/app/Bluetooth/Bluetooth.apk Binary XML file line #227
11-05 15:00:35.356   449   449 I PackageManager: /system/app/webview changed; collecting certs
11-05 15:00:35.366   449   449 I PackageManager: /system/app/Camera2 changed; collecting certs
11-05 15:00:35.374   449   489 W PackageParser: No actions in intent filter at /system/app/CarrierDefaultApp/CarrierDefaultApp.apk Binary XML file line #52
11-05 15:00:35.376   449   449 I PackageManager: /system/app/Stock changed; collecting certs
11-05 15:00:35.380   449   449 I PackageManager: /system/app/CaptivePortalLogin changed; collecting certs
11-05 15:00:35.384   449   449 I PackageManager: /system/app/Bluetooth changed; collecting certs
11-05 15:00:35.393   449   449 E PackageManager: Adding duplicate shared id: 1002 name=com.android.bluetooth
11-05 15:00:35.393   449   449 I pm_critical_info: Adding duplicate shared id: 1002 name=com.android.bluetooth
11-05 15:00:35.395   449   449 I PackageManager: /system/app/EasterEgg changed; collecting certs
11-05 15:00:35.400   449   449 I PackageManager: /system/app/CompanionDeviceManager changed; collecting certs
11-05 15:00:35.403   449   449 I PackageManager: /system/app/BasicDreams changed; collecting certs
11-05 15:00:35.417   449   449 I PackageManager: /system/app/CarrierDefaultApp changed; collecting certs
11-05 15:00:35.428   449   449 I PackageManager: /system/app/LatinIME changed; collecting certs
11-05 15:00:35.430   449   489 W PackageParser: Ignoring duplicate uses-permissions/uses-permissions-sdk-m: android.permission.WRITE_CONTACTS in package: com.android.email at: Binary XML file line #40
11-05 15:00:35.439   449   449 I PackageManager: /system/app/Traceur changed; collecting certs
11-05 15:00:35.443   449   449 I PackageManager: /system/app/LiveWallpapersPicker changed; collecting certs
11-05 15:00:35.448   449   449 I PackageManager: /system/app/BluetoothMidiService changed; collecting certs
11-05 15:00:35.452   449   449 I PackageManager: /system/app/BuiltInPrintService changed; collecting certs
11-05 15:00:35.457   449   449 I PackageManager: /system/app/QuickSearchBox changed; collecting certs
11-05 15:00:35.461   449   449 I PackageManager: /system/app/DeskClock changed; collecting certs
11-05 15:00:35.465   449   449 I PackageManager: /system/app/SecureElement changed; collecting certs
11-05 15:00:35.469   449   449 E PackageManager: Adding duplicate shared id: 1068 name=com.android.se
11-05 15:00:35.469   449   449 I pm_critical_info: Adding duplicate shared id: 1068 name=com.android.se
11-05 15:00:35.470   449   449 I PackageManager: /system/app/Music changed; collecting certs
11-05 15:00:35.474   449   449 I PackageManager: /system/app/CtsShimPrebuilt changed; collecting certs
11-05 15:00:35.478   449   449 I PackageManager: /system/app/Email changed; collecting certs
11-05 15:00:35.483   449   449 I PackageManager: /system/app/PixelTheme changed; collecting certs
11-05 15:00:35.486   449   449 I PackageManager: /system/app/Calendar changed; collecting certs
11-05 15:00:35.491   449   449 D PackageManager: No files in app dir /system/vendor/priv-app
11-05 15:00:35.497   449   449 I PackageManager: /system/vendor/app/TimeService changed; collecting certs
11-05 15:00:35.500   449   449 E PackageManager: Adding duplicate shared id: 1000 name=com.qualcomm.timeservice
11-05 15:00:35.501   449   449 I pm_critical_info: Adding duplicate shared id: 1000 name=com.qualcomm.timeservice
11-05 15:00:35.501   449   449 I PackageManager: /system/vendor/app/shutdownlistener changed; collecting certs
11-05 15:00:35.505   449   449 D PackageManager: No files in app dir /odm/priv-app
11-05 15:00:35.505   449   449 D PackageManager: No files in app dir /odm/app
11-05 15:00:35.505   449   449 D PackageManager: No files in app dir /oem/app
11-05 15:00:35.506   449   449 D PackageManager: No files in app dir /system/product/priv-app
11-05 15:00:35.506   449   449 D PackageManager: No files in app dir /system/product/app
11-05 15:00:35.506   449   449 I PackageManager: Finished scanning system apps. Time: 733 ms, packageCount: 90 , timePerPackage: 8 , cached: 0
11-05 15:00:35.506   449   449 I boot_progress_pms_data_scan_start: 9129
11-05 15:00:35.506   449   449 D PackageManager: No files in app dir /data/app
11-05 15:00:35.506   449   449 D PackageManager: No files in app dir /data/app-private
11-05 15:00:35.506   449   449 I PackageManager: Finished scanning non-system apps. Time: 1 ms, packageCount: 0 , timePerPackage: 0 , cached: 0
11-05 15:00:35.511   449   449 I boot_progress_pms_scan_end: 9133
11-05 15:00:35.511   449   449 I PackageManager: Time to scan packages: 0.738 seconds
11-05 15:00:35.531   449   449 V PackageManager: reconcileAppsData for null u0 0x3 migrateAppData=true
11-05 15:00:35.535   328   343 I SELinux : SELinux: Loaded file_contexts
11-05 15:00:35.544   328   343 W installd: Requested default storage /data/user_de/0/com.android.providers.telephony is not active; migrating from /data/data/com.android.providers.telephony
11-05 15:00:35.562   328   328 W installd: Requested default storage /data/user_de/0/com.android.defcontainer is not active; migrating from /data/data/com.android.defcontainer
11-05 15:00:35.571   328   343 W installd: Requested default storage /data/user_de/0/android is not active; migrating from /data/data/android
11-05 15:00:35.588   328   328 W installd: Requested default storage /data/user_de/0/com.android.providers.settings is not active; migrating from /data/data/com.android.providers.settings
11-05 15:00:35.599   328   343 W installd: Requested default storage /data/user_de/0/com.android.inputdevices is not active; migrating from /data/data/com.android.inputdevices
11-05 15:00:35.609   328   328 W installd: Requested default storage /data/user_de/0/android.ext.shared is not active; migrating from /data/data/android.ext.shared
11-05 15:00:35.619   328   495 W installd: Requested default storage /data/user_de/0/com.android.server.telecom is not active; migrating from /data/data/com.android.server.telecom
11-05 15:00:35.638   328   328 W installd: Requested default storage /data/user_de/0/android.ext.services is not active; migrating from /data/data/android.ext.services
11-05 15:00:35.648   328   343 W installd: Requested default storage /data/user_de/0/com.android.packageinstaller is not active; migrating from /data/data/com.android.packageinstaller
11-05 15:00:35.658   328   495 W installd: Requested default storage /data/user_de/0/com.android.proxyhandler is not active; migrating from /data/data/com.android.proxyhandler
11-05 15:00:35.668   328   328 W installd: Requested default storage /data/user_de/0/com.android.inputmethod.latin is not active; migrating from /data/data/com.android.inputmethod.latin
11-05 15:00:35.679   328   495 W installd: Requested default storage /data/user_de/0/com.android.settings is not active; migrating from /data/data/com.android.settings
11-05 15:00:35.689   328   496 W installd: Requested default storage /data/user_de/0/com.android.phone is not active; migrating from /data/data/com.android.phone
11-05 15:00:35.700   328   328 W installd: Requested default storage /data/user_de/0/com.android.shell is not active; migrating from /data/data/com.android.shell
11-05 15:00:35.710   328   343 W installd: Requested default storage /data/user_de/0/com.android.location.fused is not active; migrating from /data/data/com.android.location.fused
11-05 15:00:35.720   328   495 W installd: Requested default storage /data/user_de/0/com.android.systemui is not active; migrating from /data/data/com.android.systemui
11-05 15:00:35.724   449   449 V PackageManager: reconcileAppsData finished 19 packages
11-05 15:00:35.725   449   497 D SystemServerInitThreadPool: Started executing prepareAppData
11-05 15:00:35.725   328   343 E cutils-trace: Error opening trace file: No such file or directory (2)
11-05 15:00:35.726   328   343 W installd: Ignoring /data/data/com.android.defcontainer/lib with unexpected GID 0 instead of 10030
11-05 15:00:35.727   328   343 W installd: Ignoring /data/data/com.android.inputmethod.latin/lib with unexpected GID 0 instead of 10054
11-05 15:00:35.728   328   343 W installd: Ignoring /data/user_de/0/com.android.defcontainer/lib with unexpected GID 0 instead of 10030
11-05 15:00:35.729   328   343 W installd: Ignoring /data/user_de/0/com.android.inputmethod.latin/lib with unexpected GID 0 instead of 10054
11-05 15:00:35.729   449   497 D SystemServerTimingAsync: AppDataFixup took to complete: 3ms
11-05 15:00:35.795   449   449 I commit_sys_config_file: [package-user-0,2]
11-05 15:00:35.795   449   449 I commit_sys_config_file: [package,71]
11-05 15:00:35.795   449   449 I boot_progress_pms_ready: 9418
11-05 15:00:35.795   449   449 E PackageManager: There should probably be a verifier, but, none were found
11-05 15:00:35.798   449   449 D PackageManager: Ephemeral resolver NOT found; no matching intent filters
11-05 15:00:35.798   449   449 D PackageManager: Instant App installer not found with android.intent.action.INSTALL_INSTANT_APP_PACKAGE
11-05 15:00:35.798   449   449 D PackageManager: Clear ephemeral installer activity
11-05 15:00:35.862   449   449 I system_server: Explicit concurrent copying GC freed 33869(1935KB) AllocSpace objects, 9(312KB) LOS objects, 42% free, 2MB/4MB, paused 75us total 57.611ms
11-05 15:00:35.864   449   449 D SystemServerTiming: StartPackageManagerService took to complete: 1129ms
11-05 15:00:35.865   449   449 I SystemServer: StartOtaDexOptService
11-05 15:00:35.865   449   449 D OTADexopt: No upgrade, skipping A/B artifacts check.
11-05 15:00:35.865   449   449 D SystemServerTiming: StartOtaDexOptService took to complete: 1ms
11-05 15:00:35.865   449   449 I SystemServer: StartUserManagerService
11-05 15:00:35.866   449   449 I SystemServiceManager: Starting com.android.server.pm.UserManagerService$LifeCycle
11-05 15:00:35.866   449   449 D SystemServerTiming: StartUserManagerService took to complete: 1ms
11-05 15:00:35.866   449   449 I SystemServer: InitAttributerCache
11-05 15:00:35.866   449   449 D SystemServerTiming: InitAttributerCache took to complete: 0ms
11-05 15:00:35.866   449   449 I SystemServer: SetSystemProcess
11-05 15:00:35.870   449   449 I am_uid_running: 1000
11-05 15:00:35.871   289   289 I lowmemorykiller: lmkd data connection established
11-05 15:00:35.873   449   449 I am_uid_active: 1000
11-05 15:00:35.874   449   449 D SystemServerTiming: SetSystemProcess took to complete: 7ms
11-05 15:00:35.878   449   449 I SystemServer: StartOverlayManagerService
11-05 15:00:35.879   449   501 D SystemServerInitThreadPool: Started executing Init OverlayManagerService
11-05 15:00:35.879   449   449 D SystemServerTiming: StartOverlayManagerService took to complete: 1ms
11-05 15:00:35.881   223   223 W hwservicemanager: getTransport: Cannot find entry android.hardware.soundtrigger@2.0::ISoundTriggerHw/default in either framework or device manifest.
11-05 15:00:35.881   449   449 I SystemServer: StartBatteryService
11-05 15:00:35.881   449   449 I SystemServiceManager: Starting com.android.server.BatteryService
11-05 15:00:35.882   288   288 E SoundTriggerHwService: could not read implementation properties
11-05 15:00:35.882   449   502 D SystemServerInitThreadPool: Started executing StartSensorService
11-05 15:00:35.882   449   502 D SensorService: nuSensorService starting...
11-05 15:00:35.884   449   502 D vndksupport: Loading /vendor/lib/hw/android.hardware.sensors@1.0-impl.so from current namespace instead of sphal namespace.
11-05 15:00:35.912     0     0 I init    : Received control message 'interface_start' for 'android.hardware.soundtrigger@2.0::ISoundTriggerHw/default' from pid: 223 (/system/bin/hwservicemanager)
11-05 15:00:35.912     0     0 E init    : Could not find service hosting interface android.hardware.soundtrigger@2.0::ISoundTriggerHw/default
11-05 15:00:35.887   223   223 W hwservicemanager: getTransport: Cannot find entry android.hardware.health@2.0::IHealth/default in either framework or device manifest.
11-05 15:00:35.890   449   502 D vndksupport: Loading /vendor/lib/hw/sensors.msm8974.so from current namespace instead of sphal namespace.
11-05 15:00:35.890   449   449 I android_os_HwBinder: HwBinder: Starting thread pool for backup::android.hardware.health@2.0::IHealth
11-05 15:00:35.916     0     0 I init    : Received control message 'interface_start' for 'android.hardware.health@2.0::IHealth/default' from pid: 223 (/system/bin/hwservicemanager)
11-05 15:00:35.916     0     0 E init    : Could not find service hosting interface android.hardware.health@2.0::IHealth/default
11-05 15:00:35.890   502   502 I auditd  : type=1400 audit(0.0:140): avc: denied { getattr } for comm="system-server-i" path="/dev/sensors" dev="tmpfs" ino=2174 scontext=u:r:system_server:s0 tcontext=u:object_r:device:s0 tclass=chr_file permissive=1
11-05 15:00:35.902   449   502 E libsensor1: sensor1_open: connect failed. retrying in 50 msec
11-05 15:00:35.890   502   502 I system-server-i: type=1400 audit(0.0:140): avc: denied { getattr } for path="/dev/sensors" dev="tmpfs" ino=2174 scontext=u:r:system_server:s0 tcontext=u:object_r:device:s0 tclass=chr_file permissive=1
11-05 15:00:35.940   290   290 I auditd  : type=1400 audit(0.0:141): avc: denied { ioctl } for comm="surfaceflinger" path="/dev/kgsl-3d0" dev="tmpfs" ino=1178 ioctlcmd=93d scontext=u:r:surfaceflinger:s0 tcontext=u:object_r:device:s0 tclass=chr_file permissive=1
11-05 15:00:35.940   290   290 I surfaceflinger: type=1400 audit(0.0:141): avc: denied { ioctl } for path="/dev/kgsl-3d0" dev="tmpfs" ino=1178 ioctlcmd=93d scontext=u:r:surfaceflinger:s0 tcontext=u:object_r:device:s0 tclass=chr_file permissive=1
11-05 15:00:35.952   449   502 E libsensor1: sensor1_open: connect failed. retrying in 50 msec
11-05 15:00:35.969   505   505 W ResourceType: CREATING STRING CACHE OF 40416 bytes
11-05 15:00:36.003   449   502 E libsensor1: sensor1_open: connect failed. retrying in 50 msec
11-05 15:00:36.019   449   463 I commit_sys_config_file: [package-perms-0,16]
11-05 15:00:36.054   449   502 E libsensor1: sensor1_open: connect failed. retrying in 50 msec
11-05 15:00:36.060   505   505 W ResourceType: idmap: overlaid 6 resources not marked overlayable
11-05 15:00:36.104   449   502 E libsensor1: sensor1_open: connect failed. retrying in 50 msec
11-05 15:00:36.152   509   509 W ResourceType: CREATING STRING CACHE OF 40416 bytes
11-05 15:00:36.154   449   502 E libsensor1: sensor1_open: connect failed. retrying in 50 msec
11-05 15:00:36.204   449   502 E libsensor1: sensor1_open: connect failed. retrying in 50 msec
11-05 15:00:36.242   509   509 W ResourceType: idmap: overlaid 6 resources not marked overlayable
11-05 15:00:36.252   449   504 I battery_status: [2,2,1,2,Li-ion]
11-05 15:00:36.252   449   504 I battery_level: [58,3913,325]
11-05 15:00:36.252   449   468 E KernelUidCpuFreqTimeReader: Failed to read /proc/uid_time_in_state: java.io.FileNotFoundException: /proc/uid_time_in_state (No such file or directory)
11-05 15:00:36.240   468   468 I auditd  : type=1400 audit(0.0:142): avc: denied { read } for comm="batterystats-wo" name="wakelocks" dev="proc" ino=4026541997 scontext=u:r:system_server:s0 tcontext=u:object_r:proc:s0 tclass=file permissive=1
11-05 15:00:36.240   468   468 I batterystats-wo: type=1400 audit(0.0:142): avc: denied { read } for name="wakelocks" dev="proc" ino=4026541997 scontext=u:r:system_server:s0 tcontext=u:object_r:proc:s0 tclass=file permissive=1
11-05 15:00:36.254   449   502 E libsensor1: sensor1_open: connect failed. retrying in 50 msec
11-05 15:00:36.278     0     0 W healthd : battery l=58 v=3913 t=32.5 h=2 st=2 c=133 fc=2513000 cc=0 chg=u
11-05 15:00:36.304   449   502 E libsensor1: sensor1_open: connect failed. retrying in 50 msec
11-05 15:00:36.338   510   510 W ResourceType: CREATING STRING CACHE OF 40416 bytes
11-05 15:00:36.355   449   502 E libsensor1: sensor1_open: connect failed. retrying in 50 msec
11-05 15:00:36.405   449   502 E libsensor1: sensor1_open: connect failed. retrying in 50 msec
11-05 15:00:36.420   510   510 W ResourceType: idmap: overlaid 19 resources not marked overlayable
11-05 15:00:36.455   449   502 E libsensor1: sensor1_open: connect failed. retrying in 50 msec
11-05 15:00:36.505   449   502 E libsensor1: sensor1_open: connect failed. retrying in 50 msec
11-05 15:00:36.515   511   511 W ResourceType: CREATING STRING CACHE OF 40416 bytes
11-05 15:00:36.555   449   502 E libsensor1: sensor1_open: connect failed. retrying in 50 msec
11-05 15:00:36.600   511   511 W ResourceType: idmap: overlaid 19 resources not marked overlayable
11-05 15:00:36.605   449   502 E libsensor1: sensor1_open: connect failed. retrying in 50 msec
11-05 15:00:36.638     0     0 W healthd : battery l=58 v=3905 t=32.5 h=2 st=2 c=267 fc=2513000 cc=0 chg=u
11-05 15:00:36.618   449   449 I android_os_HwBinder: HwBinder: Starting thread pool for default::android.hidl.manager@1.0::IServiceManager
11-05 15:00:36.254   449   468 I chatty  : uid=1000(system) batterystats-wo identical 1 line
11-05 15:00:36.255   449   468 E KernelUidCpuFreqTimeReader: Failed to read /proc/uid_time_in_state: java.io.FileNotFoundException: /proc/uid_time_in_state (No such file or directory)
11-05 15:00:36.619   449   449 I HealthServiceWrapper: health: HealthServiceWrapper listening to instance backup
11-05 15:00:36.619   449   449 I BatteryService: health: Waited 0ms and received the update.
11-05 15:00:36.620   449   449 W SystemServiceManager: Service com.android.server.BatteryService took 736 ms in onStart
11-05 15:00:36.620   449   449 D SystemServerTiming: StartBatteryService took to complete: 738ms
11-05 15:00:36.620   449   449 I SystemServer: StartUsageService
11-05 15:00:36.620   449   449 I SystemServiceManager: Starting com.android.server.usage.UsageStatsService
11-05 15:00:36.621   449   513 I android_os_HwBinder: HwBinder: Starting thread pool for backup::android.hardware.health@2.0::IHealth
11-05 15:00:36.633   449   449 I UsageStatsDatabase: Upgrading from version 0 to 3
11-05 15:00:36.633   449   449 I UsageStatsDatabase: Deleting all usage stats files
11-05 15:00:36.634   449   449 I UsageStatsService: User[0] Rollover scheduled @ 1970-11-06 15:00:36(26751636630)
11-05 15:00:36.634   449   449 D SystemServerTiming: StartUsageService took to complete: 14ms
11-05 15:00:36.634   449   449 I SystemServer: StartWebViewUpdateService
11-05 15:00:36.634   449   449 I SystemServiceManager: Starting com.android.server.webkit.WebViewUpdateService
11-05 15:00:36.637   449   449 D SystemServerTiming: StartWebViewUpdateService took to complete: 2ms
11-05 15:00:36.637   449   449 I SystemServer: StartBinderCallsStatsService
11-05 15:00:36.637   449   449 D SystemServerTiming: StartBinderCallsStatsService took to complete: 0ms
11-05 15:00:36.638   449   462 D SystemServerInitThreadPool: Started executing SecondaryZygotePreload
11-05 15:00:36.638   449   462 I SystemServer: SecondaryZygotePreload
11-05 15:00:36.639   449   449 I SystemServer: StartKeyAttestationApplicationIdProviderService
11-05 15:00:36.639   449   449 D SystemServerTiming: StartKeyAttestationApplicationIdProviderService took to complete: 1ms
11-05 15:00:36.639   449   449 I SystemServer: StartKeyChainSystemService
11-05 15:00:36.639   449   449 I SystemServiceManager: Starting com.android.server.security.KeyChainSystemService
11-05 15:00:36.640   449   449 D SystemServerTiming: StartKeyChainSystemService took to complete: 0ms
11-05 15:00:36.640   449   449 I SystemServer: StartSchedulingPolicyService
11-05 15:00:36.640   449   449 D SystemServerTiming: StartSchedulingPolicyService took to complete: 1ms
11-05 15:00:36.640   449   449 I SystemServer: StartTelecomLoaderService
11-05 15:00:36.640   449   449 I SystemServiceManager: Starting com.android.server.telecom.TelecomLoaderService
11-05 15:00:36.641   449   449 D SystemServerTiming: StartTelecomLoaderService took to complete: 0ms
11-05 15:00:36.641   449   449 I SystemServer: StartTelephonyRegistry
11-05 15:00:36.642   449   449 D SystemServerTiming: StartTelephonyRegistry took to complete: 1ms
11-05 15:00:36.642   449   449 I SystemServer: StartEntropyMixer
11-05 15:00:36.642   449   449 W EntropyMixer: No existing entropy file -- first boot?
11-05 15:00:36.644   449   449 W EntropyMixer: Failed to add HW RNG output to entropy pool
11-05 15:00:36.644   449   449 W EntropyMixer: java.io.FileNotFoundException: /dev/hw_random (Permission denied)
11-05 15:00:36.644   449   449 W EntropyMixer: 	at java.io.FileInputStream.open0(Native Method)
11-05 15:00:36.644   449   449 W EntropyMixer: 	at java.io.FileInputStream.open(FileInputStream.java:231)
11-05 15:00:36.644   449   449 W EntropyMixer: 	at java.io.FileInputStream.<init>(FileInputStream.java:165)
11-05 15:00:36.644   449   449 W EntropyMixer: 	at java.io.FileInputStream.<init>(FileInputStream.java:112)
11-05 15:00:36.644   449   449 W EntropyMixer: 	at com.android.server.RandomBlock.fromFile(RandomBlock.java:45)
11-05 15:00:36.644   449   449 W EntropyMixer: 	at com.android.server.EntropyMixer.addHwRandomEntropy(EntropyMixer.java:205)
11-05 15:00:36.644   449   449 W EntropyMixer: 	at com.android.server.EntropyMixer.<init>(EntropyMixer.java:115)
11-05 15:00:36.644   449   449 W EntropyMixer: 	at com.android.server.EntropyMixer.<init>(EntropyMixer.java:97)
11-05 15:00:36.644   449   449 W EntropyMixer: 	at com.android.server.SystemServer.startOtherServices(SystemServer.java:805)
11-05 15:00:36.644   449   449 W EntropyMixer: 	at com.android.server.SystemServer.run(SystemServer.java:431)
11-05 15:00:36.644   449   449 W EntropyMixer: 	at com.android.server.SystemServer.main(SystemServer.java:294)
11-05 15:00:36.644   449   449 W EntropyMixer: 	at java.lang.reflect.Method.invoke(Native Method)
11-05 15:00:36.644   449   449 W EntropyMixer: 	at com.android.internal.os.RuntimeInit$MethodAndArgsCaller.run(RuntimeInit.java:495)
11-05 15:00:36.644   449   449 W EntropyMixer: 	at com.android.internal.os.ZygoteInit.main(ZygoteInit.java:838)
11-05 15:00:36.644   449   449 I EntropyMixer: Writing entropy...
11-05 15:00:36.648   449   462 I Zygote  : Process: zygote socket RESERVED/zygote opened, supported ABIS: armeabi-v7a,armeabi
11-05 15:00:36.649   449   449 D SystemServerTiming: StartEntropyMixer took to complete: 8ms
11-05 15:00:36.649   449   449 I SystemServer: StartAccountManagerService
11-05 15:00:36.650   449   449 I SystemServiceManager: Starting com.android.server.accounts.AccountManagerService$Lifecycle
11-05 15:00:36.653   449   449 D SystemServerTiming: StartAccountManagerService took to complete: 3ms
11-05 15:00:36.653   449   449 I SystemServer: StartContentService
11-05 15:00:36.653   449   449 I SystemServiceManager: Starting com.android.server.content.ContentService$Lifecycle
11-05 15:00:36.656   449   502 E libsensor1: sensor1_open: connect failed. retrying in 50 msec
11-05 15:00:36.657   449   449 D SystemServerTiming: StartContentService took to complete: 4ms
11-05 15:00:36.657   449   449 I SystemServer: InstallSystemProviders
11-05 15:00:36.669   449   462 E SystemServer: Unable to preload default resources
11-05 15:00:36.669   449   462 D SystemServerTimingAsync: SecondaryZygotePreload took to complete: 31ms
11-05 15:00:36.669   449   462 D SystemServerInitThreadPool: Finished executing SecondaryZygotePreload
11-05 15:00:36.669   449   462 D SystemServerInitThreadPool: Started executing SchedulingPolicyService.<init>
11-05 15:00:36.674   449   462 I SchedulingPolicyService: Moving 338 back to group default
11-05 15:00:36.674   449   462 D SystemServerInitThreadPool: Finished executing SchedulingPolicyService.<init>
11-05 15:00:36.705   514   514 W ResourceType: CREATING STRING CACHE OF 40416 bytes
11-05 15:00:36.706   449   502 E libsensor1: sensor1_open: connect failed. retrying in 50 msec
11-05 15:00:36.756   449   502 E libsensor1: sensor1_open: connect failed. retrying in 50 msec
11-05 15:00:36.794   514   514 W ResourceType: idmap: overlaid 6 resources not marked overlayable
11-05 15:00:36.806   449   502 E libsensor1: sensor1_open: connect failed. retrying in 50 msec
11-05 15:00:36.856   449   502 E libsensor1: sensor1_open: connect failed. retrying in 50 msec
11-05 15:00:36.879   516   516 W ResourceType: CREATING STRING CACHE OF 30632 bytes
11-05 15:00:36.906   449   502 E libsensor1: sensor1_open: connect failed. retrying in 50 msec
11-05 15:00:36.952   516   516 W ResourceType: idmap: overlaid 2 resources not marked overlayable
11-05 15:00:36.955   297   347 E adbd    : remote usb: terminated (data): No such device
11-05 15:00:36.955   297   297 I adbd    : closing functionfs transport
11-05 15:00:36.955   297   301 I adbd    : initializing functionfs
11-05 15:00:36.955   297   301 I adbd    : functionfs successfully initialized
11-05 15:00:36.955   297   301 I adbd    : registering usb transport
11-05 15:00:36.956   449   502 E libsensor1: sensor1_open: connect failed. retrying in 50 msec
11-05 15:00:36.980     0     0 I         : USB fast charging is OFF
11-05 15:00:36.980     0     0 I dwc3 f9200000.dwc3: Avail curr from USB = 0
11-05 15:00:36.980     0     0 I CHG     : qpnp_chg_chgr_chg_fastchg_irq_handler: FAST_CHG IRQ triggered, fastchg_on: 0
11-05 15:00:36.981     0     0 I android_work: android_work: sent uevent USB_STATE=DISCONNECTED
11-05 15:00:36.966   449   501 D SystemServerInitThreadPool: Finished executing Init OverlayManagerService
11-05 15:00:36.972   449   471 I commit_sys_config_file: [overlays,7]
11-05 15:00:37.002     0     0 I BMS     : battery_status_check: status = 2, shadow status = 1
11-05 15:00:37.003     0     0 I BMS     : battery_status_check: charging ended
11-05 15:00:37.099     0     0 I android_work: android_work: sent uevent USB_STATE=CONNECTED
11-05 15:00:37.103     0     0 I android_work: android_work: sent uevent USB_STATE=DISCONNECTED
11-05 15:00:37.239     0     0 I android_work: android_work: sent uevent USB_STATE=CONNECTED
11-05 15:00:37.240     0     0 I android_usb gadget: high-speed config #1: fe8050c8.android_usb
11-05 15:00:37.240     0     0 I         : USB fast charging is OFF
11-05 15:00:37.240     0     0 I dwc3 f9200000.dwc3: Avail curr from USB = 500
11-05 15:00:37.240     0     0 I CHG     : qpnp_chg_chgr_chg_fastchg_irq_handler: FAST_CHG IRQ triggered, fastchg_on: 1
11-05 15:00:37.157   449   502 I chatty  : uid=1000 system-server-i identical 4 lines
11-05 15:00:37.207   449   502 E libsensor1: sensor1_open: connect failed. retrying in 50 msec
11-05 15:00:37.219   297   518 E adbd    : remote usb: read terminated (message): No such device
11-05 15:00:37.219   297   297 I adbd    : closing functionfs transport
11-05 15:00:37.220   297   301 I adbd    : initializing functionfs
11-05 15:00:37.220   297   301 I adbd    : functionfs successfully initialized
11-05 15:00:37.220   297   301 I adbd    : registering usb transport
11-05 15:00:37.225   328   496 W installd: Requested default storage /data/user_de/0/com.android.cellbroadcastreceiver is not active; migrating from /data/data/com.android.cellbroadcastreceiver
11-05 15:00:37.246     0     0 I         : USB fast charging is OFF
11-05 15:00:37.246     0     0 I dwc3 f9200000.dwc3: Avail curr from USB = 0
11-05 15:00:37.254     0     0 I CHG     : qpnp_chg_chgr_chg_fastchg_irq_handler: FAST_CHG IRQ triggered, fastchg_on: 0
11-05 15:00:37.257   449   502 E libsensor1: sensor1_open: connect failed. retrying in 50 msec
11-05 15:00:37.294     0     0 I android_work: android_work: sent uevent USB_STATE=CONFIGURED
11-05 15:00:37.295     0     0 I android_work: android_work: sent uevent USB_STATE=DISCONNECTED
11-05 15:00:37.366     0     0 I android_work: android_work: sent uevent USB_STATE=CONNECTED
11-05 15:00:37.369     0     0 I android_work: android_work: sent uevent USB_STATE=DISCONNECTED
11-05 15:00:37.307   449   502 I chatty  : uid=1000 system-server-i identical 1 line
11-05 15:00:37.358   449   502 E libsensor1: sensor1_open: connect failed. retrying in 50 msec
11-05 15:00:37.397   328   512 W installd: Requested default storage /data/user_de/0/com.android.providers.blockednumber is not active; migrating from /data/data/com.android.providers.blockednumber
11-05 15:00:37.408   449   502 E libsensor1: sensor1_open: connect failed. retrying in 50 msec
11-05 15:00:37.417   328   506 W installd: Requested default storage /data/user_de/0/com.android.emergency is not active; migrating from /data/data/com.android.emergency
11-05 15:00:37.458   449   502 E libsensor1: sensor1_open: connect failed. retrying in 50 msec
11-05 15:00:37.461   328   328 W installd: Requested default storage /data/user_de/0/com.android.bluetooth is not active; migrating from /data/data/com.android.bluetooth
11-05 15:00:37.505     0     0 I android_work: android_work: sent uevent USB_STATE=CONNECTED
11-05 15:00:37.506     0     0 I android_usb gadget: high-speed config #1: fe8050c8.android_usb
11-05 15:00:37.507     0     0 I         : USB fast charging is OFF
11-05 15:00:37.507     0     0 I dwc3 f9200000.dwc3: Avail curr from USB = 500
11-05 15:00:37.507     0     0 I CHG     : qpnp_chg_chgr_chg_fastchg_irq_handler: FAST_CHG IRQ triggered, fastchg_on: 1
11-05 15:00:37.491   449   497 D SystemServerTimingAsync: AppDataPrepare took to complete: 1761ms
11-05 15:00:37.491   449   497 I PackageManager: Deferred reconcileAppsData finished 71 packages
11-05 15:00:37.491   449   497 D SystemServerInitThreadPool: Finished executing prepareAppData
11-05 15:00:37.508   449   502 E libsensor1: sensor1_open: connect failed. retrying in 50 msec
11-05 15:00:37.521   449   504 I battery_status: [3,2,1,2,Li-ion]
11-05 15:00:37.548     0     0 W healthd : battery l=58 v=3839 t=32.7 h=2 st=3 c=543 fc=2513000 cc=0 chg=u
11-05 15:00:37.564     0     0 I android_work: android_work: sent uevent USB_STATE=CONFIGURED
11-05 15:00:37.767     0     0 I BMS     : battery_status_check: status = 1, shadow status = 2
11-05 15:00:37.767     0     0 I BMS     : battery_status_check: charging started
11-05 15:00:37.911   449   504 I battery_status: [2,2,1,2,Li-ion]
11-05 15:00:37.938     0     0 W healthd : battery l=58 v=3945 t=32.4 h=2 st=2 c=-83 fc=2513000 cc=0 chg=u
11-05 15:00:38.328     0     0 W healthd : battery l=58 v=3954 t=32.5 h=2 st=2 c=7 fc=2513000 cc=0 chg=u
11-05 15:00:38.708     0     0 W healthd : battery l=58 v=3954 t=32.5 h=2 st=2 c=-103 fc=2513000 cc=0 chg=u
11-05 15:00:39.068     0     0 W healthd : battery l=58 v=3943 t=32.5 h=2 st=2 c=-52 fc=2513000 cc=0 chg=u
11-05 15:00:39.428     0     0 W healthd : battery l=58 v=3953 t=32.5 h=2 st=2 c=-109 fc=2513000 cc=0 chg=u
11-05 15:00:39.788     0     0 W healthd : battery l=58 v=3954 t=32.5 h=2 st=2 c=-94 fc=2513000 cc=0 chg=u
11-05 15:00:40.148     0     0 W healthd : battery l=58 v=3929 t=32.5 h=2 st=2 c=-12 fc=2513000 cc=0 chg=u
11-05 15:00:40.508     0     0 W healthd : battery l=58 v=3954 t=32.5 h=2 st=2 c=-106 fc=2513000 cc=0 chg=u
11-05 15:00:40.868     0     0 W healthd : battery l=58 v=3956 t=32.5 h=2 st=2 c=6 fc=2513000 cc=0 chg=u
11-05 15:00:41.228     0     0 W healthd : battery l=58 v=3934 t=32.5 h=2 st=2 c=6 fc=2513000 cc=0 chg=u
11-05 15:00:41.588     0     0 W healthd : battery l=58 v=3949 t=32.5 h=2 st=2 c=6 fc=2513000 cc=0 chg=u
11-05 15:00:41.948     0     0 W healthd : battery l=58 v=3954 t=32.5 h=2 st=2 c=-108 fc=2513000 cc=0 chg=u
11-05 15:00:42.308     0     0 W healthd : battery l=58 v=3956 t=32.5 h=2 st=2 c=-108 fc=2513000 cc=0 chg=u
11-05 15:00:42.668     0     0 W healthd : battery l=58 v=3939 t=32.5 h=2 st=2 c=-27 fc=2513000 cc=0 chg=u
11-05 15:00:43.028     0     0 W healthd : battery l=58 v=3956 t=32.5 h=2 st=2 c=-27 fc=2513000 cc=0 chg=u
11-05 15:00:42.973   449   502 I chatty  : uid=1000 system-server-i identical 109 lines
11-05 15:00:43.023   449   502 E libsensor1: sensor1_open: connect failed. retrying in 50 msec
11-05 15:00:43.058   334   334 I CamProvider@2.4-impl: Loaded "OnePlus X Camera Wrapper" camera module
11-05 15:00:43.058   334   334 I CamProvider@2.4-impl: setUpVendorTags: No vendor tags defined for this device.
11-05 15:00:43.058   334   334 I CameraProviderManager: Connecting to new camera provider: legacy/0, isRemote? 0
11-05 15:00:43.058   334   334 I CameraProviderManager: Camera provider legacy/0 ready with 0 camera devices
11-05 15:00:43.059   223   223 W hwservicemanager: getTransport: Cannot find entry android.hardware.camera.provider@2.4::ICameraProvider/external/0 in either framework or device manifest.
11-05 15:00:43.060   334   334 D vndksupport: Loading /vendor/lib/hw/android.hardware.camera.provider@2.4-impl.so from current namespace instead of sphal namespace.
11-05 15:00:43.061   334   334 E ExtCamUtils@3.4: loadFromCfg: Unable to load external camera config file '/vendor/etc/external_camera_config.xml'. Error: XML_ERROR_FILE_NOT_FOUND
11-05 15:00:43.061   334   522 E CamPvdr@2.4-external: deviceAdded open v4l2 device /dev/video failed:Is a directory
11-05 15:00:43.061   334   522 E CamPvdr@2.4-external: deviceAdded open v4l2 device /dev/video39 failed:Invalid argument
11-05 15:00:43.062   334   334 I CameraProviderManager: Connecting to new camera provider: external/0, isRemote? 0
11-05 15:00:43.062   334   334 I CameraProviderManager: Camera provider external/0 ready with 0 camera devices
11-05 15:00:43.063   449   461 W ActivityManager: Permission Denial: registerUidObserver from pid=334, uid=1013 requires android.permission.PACKAGE_USAGE_STATS
11-05 15:00:43.049   522   522 I auditd  : type=1400 audit(0.0:144): avc: denied { read } for comm="ExtCamHotPlug" name="/" dev="tmpfs" ino=2049 scontext=u:r:mediaserver:s0 tcontext=u:object_r:device:s0 tclass=dir permissive=1
11-05 15:00:43.049   522   522 I ExtCamHotPlug: type=1400 audit(0.0:144): avc: denied { read } for name="/" dev="tmpfs" ino=2049 scontext=u:r:mediaserver:s0 tcontext=u:object_r:device:s0 tclass=dir permissive=1
11-05 15:00:43.084     0     0 E MSM-SENSOR-INIT msm_sensor_wait_for_probe_done: 54 msm_sensor_wait_for_probe_done:54 wait timeout
11-05 15:00:43.087     0     0 I init    : Received control message 'interface_start' for 'android.hardware.camera.provider@2.4::ICameraProvider/external/0' from pid: 223 (/system/bin/hwservicemanager)
11-05 15:00:43.087     0     0 E init    : Could not find service hosting interface android.hardware.camera.provider@2.4::ICameraProvider/external/0
11-05 15:00:43.088     0     0 E mdss_mdp_wb_set_secure: mdss_mdp_wb_set_secure : ctl is NULL
11-05 15:00:43.088     0     0 E wfd     : Couldn't secure MDP
11-05 15:00:43.088     0     0 E wfd     : Failed to open mdp subdevice: -22
11-05 15:00:43.088     0     0 I msm_vidc: 4: Opening video instance: 00000000, 0
11-05 15:00:43.093     0     0 I ueventd : firmware: loading 'venus.mdt' for '/devices/fdce0000.qcom,venus/firmware/fdce0000.qcom,venus'
11-05 15:00:43.072   217   217 E SELinux : avc:  denied  { add } for service=media.camera pid=334 uid=1013 scontext=u:r:mediaserver:s0 tcontext=u:object_r:cameraserver_service:s0 tclass=service_manager permissive=1
11-05 15:00:43.072   217   217 I auditd  : avc:  denied  { add } for service=media.camera pid=334 uid=1013 scontext=u:r:mediaserver:s0 tcontext=u:object_r:cameraserver_service:s0 tclass=service_manager permissive=1
11-05 15:00:43.074   449   502 E libsensor1: sensor1_open: connect failed. retrying in 50 msec
11-05 15:00:43.096     0     0 I ueventd : loading /devices/fdce0000.qcom,venus/firmware/fdce0000.qcom,venus took 3ms
11-05 15:00:43.096     0     0 I pil_venus fdce0000.qcom,venus: venus: loading from 0x06f00000 to 0x07400000
11-05 15:00:43.100     0     0 I ueventd : firmware: loading 'venus.b02' for '/devices/fdce0000.qcom,venus/firmware/fdce0000.qcom,venus'
11-05 15:00:43.111     0     0 I ueventd : loading /devices/fdce0000.qcom,venus/firmware/fdce0000.qcom,venus took 10ms
11-05 15:00:43.112     0     0 I ueventd : firmware: loading 'venus.b03' for '/devices/fdce0000.qcom,venus/firmware/fdce0000.qcom,venus'
11-05 15:00:43.113     0     0 I ueventd : loading /devices/fdce0000.qcom,venus/firmware/fdce0000.qcom,venus took 1ms
11-05 15:00:43.118     0     0 I ueventd : firmware: loading 'venus.b04' for '/devices/fdce0000.qcom,venus/firmware/fdce0000.qcom,venus'
11-05 15:00:43.119     0     0 I ueventd : loading /devices/fdce0000.qcom,venus/firmware/fdce0000.qcom,venus took 1ms
11-05 15:00:43.099   403   403 I auditd  : type=1400 audit(0.0:146): avc: denied { ioctl } for comm="BootAnimation" path="/dev/kgsl-3d0" dev="tmpfs" ino=1178 ioctlcmd=93d scontext=u:r:bootanim:s0 tcontext=u:object_r:device:s0 tclass=chr_file permissive=1
11-05 15:00:43.099   403   403 I BootAnimation: type=1400 audit(0.0:146): avc: denied { ioctl } for path="/dev/kgsl-3d0" dev="tmpfs" ino=1178 ioctlcmd=93d scontext=u:r:bootanim:s0 tcontext=u:object_r:device:s0 tclass=chr_file permissive=1
11-05 15:00:43.136     0     0 I pil_venus fdce0000.qcom,venus: venus: Brought out of reset
11-05 15:00:43.124   449   502 E libsensor1: sensor1_open: connect failed. retrying in 50 msec
11-05 15:00:43.124   334   522 W CamPvdr@2.4-external: deviceAdded device /dev/video33 does not support VIDEO_CAPTURE
11-05 15:00:43.125   334   522 W CamPvdr@2.4-external: deviceAdded device /dev/video34 does not support VIDEO_CAPTURE
11-05 15:00:43.127   334   522 W CamPvdr@2.4-external: deviceAdded device /dev/video38 does not support VIDEO_CAPTURE
11-05 15:00:43.151     0     0 D msm_vidc: 1: State not recognized
11-05 15:00:43.127   334   522 W CamPvdr@2.4-external: deviceAdded device /dev/video32 does not support VIDEO_CAPTURE
11-05 15:00:43.151     0     0 D msm_vidc: 1: Failed to move from state: 16 to 13
11-05 15:00:43.151     0     0 D msm_vidc: 1: Failed to move inst: 00000000 to release res done
11-05 15:00:43.151     0     0 D msm_vidc: 2: Failed in msm_v4l2_close for release output buffers
11-05 15:00:43.151     0     0 I msm_vidc: 4: Closed video instance: 00000000
11-05 15:00:43.152     0     0 I msm_vidc: 4: Opening video instance: 00000000, 1
11-05 15:00:43.152     0     0 D msm_vidc: 1: State not recognized
11-05 15:00:43.152     0     0 D msm_vidc: 1: Failed to move from state: 16 to 13
11-05 15:00:43.152     0     0 D msm_vidc: 1: Failed to move inst: 00000000 to release res done
11-05 15:00:43.152     0     0 D msm_vidc: 2: Failed in msm_v4l2_close for release output buffers
11-05 15:00:43.152     0     0 I msm_vidc: 4: Closed video instance: 00000000
11-05 15:00:43.152     0     0 I msm_vidc: 4: Opening video instance: 00000000, 0
11-05 15:00:43.154     0     0 I msm_vidc: 4: Closed video instance: 00000000
11-05 15:00:43.154     0     0 I msm_vidc: 4: Opening video instance: 00000000, 1
11-05 15:00:43.155     0     0 D msm_vidc: 1: State not recognized
11-05 15:00:43.155     0     0 D msm_vidc: 1: Failed to move from state: 16 to 13
11-05 15:00:43.155     0     0 D msm_vidc: 1: Failed to move inst: 00000000 to release res done
11-05 15:00:43.155     0     0 D msm_vidc: 2: Failed in msm_v4l2_close for release output buffers
11-05 15:00:43.155     0     0 I msm_vidc: 4: Closed video instance: 00000000
11-05 15:00:43.155     0     0 I msm_vidc: 4: Opening video instance: 00000000, 0
11-05 15:00:43.155     0     0 D msm_vidc: 1: State not recognized
11-05 15:00:43.155     0     0 D msm_vidc: 1: Failed to move from state: 16 to 13
11-05 15:00:43.155     0     0 D msm_vidc: 1: Failed to move inst: 00000000 to release res done
11-05 15:00:43.155     0     0 D msm_vidc: 2: Failed in msm_v4l2_close for release output buffers
11-05 15:00:43.155     0     0 I msm_vidc: 4: Closed video instance: 00000000
11-05 15:00:43.155     0     0 I msm_pm_qos_add_request: add request
11-05 15:00:43.155     0     0 E msm_isp_ioctl_unlocked: 548 failed: invalid params f55a4000
11-05 15:00:43.155     0     0 E msm_isp_ioctl_unlocked: 551 failed   (null)
11-05 15:00:43.155     0     0 E msm_isp_ioctl_unlocked: 548 failed: invalid params f55b4000
11-05 15:00:43.155     0     0 E msm_isp_ioctl_unlocked: 551 failed   (null)
11-05 15:00:43.128   334   522 W CamPvdr@2.4-external: deviceAdded device /dev/video35 does not support VIDEO_CAPTURE
11-05 15:00:43.128   334   522 E CamPvdr@2.4-external: deviceAdded v4l2 QUERYCAP /dev/video0 failed
11-05 15:00:43.130   334   522 I CamPvdr@2.4-external: threadLoop start monitoring new V4L2 devices
11-05 15:00:43.156     0     0 E         : msm_cci_release invalid ref count 0 / cci state 1
11-05 15:00:43.156     0     0 E         : msm_csiphy_release csiphy dev NULL / ref_count ZERO
11-05 15:00:43.156     0     0 I chatty  : uid=0(root) logd identical 1 line
11-05 15:00:43.156     0     0 E         : msm_csiphy_release csiphy dev NULL / ref_count ZERO
11-05 15:00:43.156     0     0 E msm_csid_release: csid invalid state 1
11-05 15:00:43.156     0     0 I chatty  : uid=0(root) logd identical 2 lines
11-05 15:00:43.156     0     0 E msm_csid_release: csid invalid state 1
11-05 15:00:43.156     0     0 E         : msm_cci_release invalid ref count 0 / cci state 1
11-05 15:00:43.156     0     0 E MSM-SENSOR-INIT msm_sensor_init_subdev_ioctl: 120 default
11-05 15:00:43.156     0     0 E MSM-CPP msm_cpp_subdev_ioctl: 1854 ioctl_ptr OR ioctl_ptr->len is NULL  f47a1f20 0
11-05 15:00:43.156     0     0 I msm_pm_qos_remove_request: remove request
11-05 15:00:43.174   449   502 E libsensor1: sensor1_open: connect failed. retrying in 50 msec
11-05 15:00:45.586   449   477 I commit_sys_config_file: [package-user-0,6]
11-05 15:00:45.637   449   477 I commit_sys_config_file: [package-user-0,3]
11-05 15:00:45.638   449   477 I commit_sys_config_file: [package,51]
11-05 15:00:45.883   449   463 I commit_sys_config_file: [package-perms-0,5]
11-05 15:00:50.844   449   502 I chatty  : uid=1000 system-server-i identical 153 lines
11-05 15:00:50.895   449   502 E libsensor1: sensor1_open: connect failed. retrying in 50 msec
11-05 15:00:50.945   449   502 E libsensor1: sensor1_open: Error in connect() errno=2 No such file or directory
11-05 15:00:50.945   449   502 E qti_sensors_hal: sensor1 open failed!
11-05 15:00:50.946   449   502 W qti_sensors_hal: sensors_get_sensors_list: handle 0 is not registered!
11-05 15:00:50.946   449   502 W qti_sensors_hal: sensors_get_sensors_list: handle 10 is not registered!
11-05 15:00:50.946   449   502 W qti_sensors_hal: sensors_get_sensors_list: handle 11 is not registered!
11-05 15:00:50.946   449   502 W qti_sensors_hal: sensors_get_sensors_list: handle 51 is not registered!
11-05 15:00:50.946   449   502 W qti_sensors_hal: sensors_get_sensors_list: handle 52 is not registered!
11-05 15:00:50.946   449   502 W qti_sensors_hal: sensors_get_sensors_list: handle 2 is not registered!
11-05 15:00:50.946   449   502 W qti_sensors_hal: sensors_get_sensors_list: handle 8 is not registered!
11-05 15:00:50.946   449   502 W qti_sensors_hal: sensors_get_sensors_list: handle 69 is not registered!
11-05 15:00:50.946   449   502 W qti_sensors_hal: sensors_get_sensors_list: handle 48 is not registered!
11-05 15:00:50.946   449   502 W qti_sensors_hal: sensors_get_sensors_list: handle 68 is not registered!
11-05 15:00:50.946   449   502 W qti_sensors_hal: sensors_get_sensors_list: handle 1 is not registered!
11-05 15:00:50.946   449   502 W qti_sensors_hal: sensors_get_sensors_list: handle 3 is not registered!
11-05 15:00:50.946   449   502 W qti_sensors_hal: sensors_get_sensors_list: handle 9 is not registered!
11-05 15:00:50.946   449   502 W qti_sensors_hal: sensors_get_sensors_list: handle 15 is not registered!
11-05 15:00:50.946   449   502 W qti_sensors_hal: sensors_get_sensors_list: handle 17 is not registered!
11-05 15:00:50.946   449   502 W qti_sensors_hal: sensors_get_sensors_list: handle 26 is not registered!
11-05 15:00:50.946   449   502 W qti_sensors_hal: sensors_get_sensors_list: handle 27 is not registered!
11-05 15:00:50.946   449   502 W qti_sensors_hal: sensors_get_sensors_list: handle 66 is not registered!
11-05 15:00:50.946   449   502 W qti_sensors_hal: sensors_get_sensors_list: handle 67 is not registered!
11-05 15:00:50.946   449   502 W qti_sensors_hal: sensors_get_sensors_list: handle 19 is not registered!
11-05 15:00:50.946   449   502 W qti_sensors_hal: sensors_get_sensors_list: handle 24 is not registered!
11-05 15:00:50.946   449   502 W qti_sensors_hal: sensors_get_sensors_list: handle 65 is not registered!
11-05 15:00:50.946   449   502 W qti_sensors_hal: sensors_get_sensors_list: handle 18 is not registered!
11-05 15:00:50.946   449   502 W qti_sensors_hal: sensors_get_sensors_list: handle 20 is not registered!
11-05 15:00:50.946   449   502 W qti_sensors_hal: sensors_get_sensors_list: handle 25 is not registered!
11-05 15:00:50.946   449   502 W qti_sensors_hal: sensors_get_sensors_list: handle 28 is not registered!
11-05 15:00:50.946   449   502 W qti_sensors_hal: sensors_get_sensors_list: handle 29 is not registered!
11-05 15:00:50.946   449   502 W qti_sensors_hal: sensors_get_sensors_list: handle 30 is not registered!
11-05 15:00:50.946   449   502 W qti_sensors_hal: sensors_get_sensors_list: handle 36 is not registered!
11-05 15:00:50.946   449   502 W qti_sensors_hal: sensors_get_sensors_list: handle 43 is not registered!
11-05 15:00:50.946   449   502 W qti_sensors_hal: sensors_get_sensors_list: handle 44 is not registered!
11-05 15:00:50.946   449   502 W qti_sensors_hal: sensors_get_sensors_list: handle 47 is not registered!
11-05 15:00:50.946   449   502 W qti_sensors_hal: sensors_get_sensors_list: handle 50 is not registered!
11-05 15:00:50.946   449   502 W qti_sensors_hal: sensors_get_sensors_list: handle 53 is not registered!
11-05 15:00:50.947   449   502 W qti_sensors_hal: sensors_get_sensors_list: handle 49 is not registered!
11-05 15:00:50.947   449   502 W qti_sensors_hal: sensors_get_sensors_list: handle 55 is not registered!
11-05 15:00:50.947   449   502 W qti_sensors_hal: sensors_get_sensors_list: handle 58 is not registered!
11-05 15:00:50.947   449   502 W qti_sensors_hal: sensors_get_sensors_list: handle 59 is not registered!
11-05 15:00:50.947   449   502 W qti_sensors_hal: sensors_get_sensors_list: handle 60 is not registered!
11-05 15:00:50.947   449   502 W qti_sensors_hal: sensors_get_sensors_list: handle 63 is not registered!
11-05 15:00:50.947   449   502 W qti_sensors_hal: sensors_get_sensors_list: handle 64 is not registered!
11-05 15:00:50.947   449   502 W qti_sensors_hal: sensors_get_sensors_list: handle 61 is not registered!
11-05 15:00:50.947   449   502 W qti_sensors_hal: sensors_get_sensors_list: handle 62 is not registered!
11-05 15:00:50.947   449   502 W qti_sensors_hal: sensors_get_sensors_list: handle 57 is not registered!
11-05 15:00:50.947   449   502 W qti_sensors_hal: sensors_get_sensors_list: handle 4 is not registered!
11-05 15:00:50.947   449   502 W qti_sensors_hal: sensors_get_sensors_list: handle 5 is not registered!
11-05 15:00:50.947   449   502 W qti_sensors_hal: sensors_get_sensors_list: handle 6 is not registered!
11-05 15:00:50.947   449   502 W qti_sensors_hal: sensors_get_sensors_list: handle 7 is not registered!
11-05 15:00:50.947   449   502 W qti_sensors_hal: sensors_get_sensors_list: handle 21 is not registered!
11-05 15:00:50.947   449   502 W qti_sensors_hal: sensors_get_sensors_list: handle 22 is not registered!
11-05 15:00:50.947   449   502 W qti_sensors_hal: sensors_get_sensors_list: handle 23 is not registered!
11-05 15:00:50.947   449   502 W qti_sensors_hal: sensors_get_sensors_list: handle 31 is not registered!
11-05 15:00:50.947   449   502 W qti_sensors_hal: sensors_get_sensors_list: handle 32 is not registered!
11-05 15:00:50.947   449   502 W qti_sensors_hal: sensors_get_sensors_list: handle 33 is not registered!
11-05 15:00:50.947   449   502 W qti_sensors_hal: sensors_get_sensors_list: handle 34 is not registered!
11-05 15:00:50.947   449   502 W qti_sensors_hal: sensors_get_sensors_list: handle 35 is not registered!
11-05 15:00:50.947   449   502 W qti_sensors_hal: sensors_get_sensors_list: handle 37 is not registered!
11-05 15:00:50.947   449   502 W qti_sensors_hal: sensors_get_sensors_list: handle 38 is not registered!
11-05 15:00:50.947   449   502 W qti_sensors_hal: sensors_get_sensors_list: handle 39 is not registered!
11-05 15:00:50.947   449   502 W qti_sensors_hal: sensors_get_sensors_list: handle 40 is not registered!
11-05 15:00:50.947   449   502 W qti_sensors_hal: sensors_get_sensors_list: handle 41 is not registered!
11-05 15:00:50.947   449   502 W qti_sensors_hal: sensors_get_sensors_list: handle 42 is not registered!
11-05 15:00:50.947   449   502 W qti_sensors_hal: sensors_get_sensors_list: handle 45 is not registered!
11-05 15:00:50.947   449   502 W qti_sensors_hal: sensors_get_sensors_list: handle 46 is not registered!
11-05 15:00:50.947   449   502 W qti_sensors_hal: sensors_get_sensors_list: handle 54 is not registered!
11-05 15:00:50.947   449   502 W qti_sensors_hal: sensors_get_sensors_list: handle 12 is not registered!
